<html>
<body>
<pre>
<h1>µVision Build Log</h1>
<h2>Tool Versions:</h2>
IDE-Version: µVision V5.12.0.0
Copyright (C) 2014 ARM Ltd and ARM Germany GmbH. All rights reserved.
License Information: Hriday Mehta, Concordia University, LIC=YA374-F8G6A-8SJYU-SYV03-HFE86-K0IQJ
 
Tool Versions:
Toolchain:       MDK-ARM Standard  Version: 5.12.0.0
Toolchain Path:  C:\Keil_v5\ARM\ARMCC\Bin
C Compiler:      Armcc.exe V5.05 (build 41)
Assembler:       Armasm.exe V5.05 (build 41)
Linker/Locator:  ArmLink.exe V5.05 (build 41)
Library Manager: ArmAr.exe V5.05 (build 41)
Hex Converter:   FromElf.exe V5.05 (build 41)
CPU DLL:         SARMCM3.DLL V5.12.0.0
Dialog DLL:      DCM.DLL V1.13.0.0
Target DLL:      UL2CM3.DLL V1.153.0.0
Dialog DLL:      TCM.DLL V1.14.2.0
 
<h2>Project:</h2>
C:\Users\Hriday Mehta\Documents\District-3\Heddoko\atmel\Brain_mcu_nonRTX\brain_mcu.uvproj
Project File Date:  08/04/2015

<h2>Output:</h2>
Build target 'Target 1'
compiling brain_mcu.c...
commands.h(15): warning:  #1-D: last line of file ends without a newline
  #endif
BrainMCU.h(56): warning:  #1-D: last line of file ends without a newline
  #endif
brain_mcu.c(34): warning:  #940-D: missing return statement at end of non-void function "read_uart0"
  }
brain_mcu.c(24): warning:  #177-D: variable "i" was declared but never referenced
        uint8_t i=0;
brain_mcu.c(49): warning:  #940-D: missing return statement at end of non-void function "read_usart1"
  }
brain_mcu.c(39): warning:  #177-D: variable "i" was declared but never referenced
        uint8_t i=0;
brain_mcu.c(64): warning:  #940-D: missing return statement at end of non-void function "read_usart0"
  }
brain_mcu.c(54): warning:  #177-D: variable "i" was declared but never referenced
        uint8_t i=0;
brain_mcu.c(71): warning:  #177-D: variable "idx" was declared but never referenced
        int32_t idx  = -1, dir = 1;
brain_mcu.c(71): warning:  #177-D: variable "dir" was declared but never referenced
        int32_t idx  = -1, dir = 1;
brain_mcu.c(73): warning:  #177-D: variable "k" was declared but never referenced
        uint8_t i=0, j=0, k=0;
brain_mcu.c: 11 warnings, 0 errors
linking...
Program Size: Code=6056 RO-data=340 RW-data=96 ZI-data=27384  
".\Objects\brain_mcu.axf" - 0 Error(s), 11 Warning(s).
Load "C:\\Users\\Hriday Mehta\\Documents\\District-3\\Heddoko\\atmel\\Brain_mcu_nonRTX\\Objects\\brain_mcu.axf" 
Erase Done.
Programming Done.
Verify OK.
</pre>
</body>
</html>
hta\\Documents\\District-3\\Heddoko\\atmel\\Brain_mcu_nonRTX\\Objects\\brain_mcu.axf" 
Erase Done.
Programming Done.
Verify OK.
ement at end of non-void function "Q3_init"
  }
commands.c: 5 warnings, 0 errors
compiling brain_mcu.c...
commands.h(15): warning:  #1-D: last line of file ends without a newline
  #endif
BrainMCU.h(56): warning:  #1-D: last line of file ends without a newline
  #endif
brain_mcu.c(34): warning:  #940-D: missing return statement at end of non-void function "read_uart0"
  }
brain_mcu.c(24): warning:  #177-D: variable "i" was declared but never referenced
        uint8_t i=0;
brain_mcu.c(49): warning:  #940-D: missing return statement at end of non-void function "read_usart1"
  }
brain_mcu.c(39): warning:  #177-D: variable "i" was declared but never referenced
        uint8_t i=0;
brain_mcu.c(64): warning:  #940-D: missing return statement at end of non-void function "read_usart0"
  }
brain_mcu.c(54): warning:  #177-D: variable "i" was declared but never referenced
        uint8_t i=0;
brain_mcu.c(71): warning:  #177-D: variable "idx" was declared but never referenced
        int32_t idx  = -1, dir = 1;
brain_mcu.c(71): warning:  #177-D: variable "dir" was declared but never referenced
        int32_t idx  = -1, dir = 1;
brain_mcu.c(73): warning:  #177-D: variable "k" was declared but never referenced
        uint8_t i=0, j=0, k=0;
brain_mcu.c: 11 warnings, 0 errors
linking...
Program Size: Code=6056 RO-data=340 RW-data=96 ZI-data=27384  
".\Objects\brain_mcu.axf" - 0 Error(s), 27 Warning(s).
Load "C:\\Users\\Hriday Mehta\\Documents\\District-3\\Heddoko\\atmel\\Brain_mcu_nonRTX\\Objects\\brain_mcu.axf" 
Erase Done.
Programming Done.
Verify OK.
