Component: ARM Compiler 5.05 (build 41) Tool: armlink [4d0eb9]

==============================================================================

Section Cross References

    startup.o(RESET) refers to startup.o(STACK) for __initial_sp
    startup.o(RESET) refers to startup.o(.text) for Reset_Handler
    startup.o(RESET) refers to gpio.o(i.GPIO_IRQHandler) for GPIO_IRQHandler
    startup.o(RESET) refers to lib.o(i.BLE_IRQHandler) for BLE_IRQHandler
    startup.o(RESET) refers to sleep.o(i.OSC_EN_IRQHandler) for OSC_EN_IRQHandler
    startup.o(RESET) refers to dma.o(i.DMA_IRQHandler) for DMA_IRQHandler
    startup.o(RESET) refers to uart.o(i.UART0_TX_IRQHandler) for UART0_TX_IRQHandler
    startup.o(RESET) refers to uart.o(i.UART0_RX_IRQHandler) for UART0_RX_IRQHandler
    startup.o(RESET) refers to timer.o(i.TIMER1_IRQHandler) for TIMER1_IRQHandler
    startup.o(RESET) refers to timer.o(i.TIMER2_IRQHandler) for TIMER2_IRQHandler
    startup.o(RESET) refers to timer.o(i.TIMER3_IRQHandler) for TIMER3_IRQHandler
    startup.o(.text) refers to entry.o(.ARM.Collect$$$$00000000) for __main
    app_main.o(i.assert_err) refers to printfa.o(i.__0printf) for __2printf
    app_main.o(i.assert_warn) refers to printfa.o(i.__0printf) for __2printf
    app_main.o(i.main) refers to lib.o(i.dc_dc_enable) for dc_dc_enable
    app_main.o(i.main) refers to lib.o(i.plf_init) for plf_init
    app_main.o(i.main) refers to system.o(i.SystemInit) for SystemInit
    app_main.o(i.main) refers to app_main.o(i.prf_register) for prf_register
    app_main.o(i.main) refers to lib.o(i.ble_init) for ble_init
    app_main.o(i.main) refers to app_env.o(i.app_init) for app_init
    app_main.o(i.main) refers to usr_design.o(i.usr_init) for usr_init
    app_main.o(i.main) refers to sleep.o(i.sleep_init) for sleep_init
    app_main.o(i.main) refers to sleep.o(i.wakeup_by_sleep_timer) for wakeup_by_sleep_timer
    app_main.o(i.main) refers to lib.o(i.ke_schedule) for ke_schedule
    app_main.o(i.main) refers to sleep.o(i.usr_sleep) for usr_sleep
    app_main.o(i.main) refers to lib.o(i.ble_sleep) for ble_sleep
    app_main.o(i.main) refers to led.o(i.led_set) for led_set
    app_main.o(i.main) refers to sleep.o(i.enter_sleep) for enter_sleep
    app_main.o(i.main) refers to app_main.o(.bss) for ble_heap
    app_main.o(i.main) refers to sleep.o(i.sleep_cb) for sleep_cb
    app_main.o(i.prf_register) refers to prf_utils.o(i.prf_init) for prf_init
    app_main.o(i.prf_register) refers to prf_utils.o(i.prf_dispatch_disconnect) for prf_dispatch_disconnect
    app_main.o(i.timer0_callback) refers to lib.o(i.ke_time) for ke_time
    app_main.o(i.timer0_callback) refers to uidiv.o(.text) for __aeabi_uidivmod
    app_main.o(i.timer0_callback) refers to ffltui.o(.text) for __aeabi_ui2f
    app_main.o(i.timer0_callback) refers to f2d.o(.text) for __aeabi_f2d
    app_main.o(i.timer0_callback) refers to printfa.o(i.__0printf) for __2printf
    app_main.o(i.timer0_callback) refers to fadd.o(.text) for __aeabi_fsub
    app_main.o(i.timer0_callback) refers to app_main.o(.data) for clock_total
    system.o(i.SystemInit) refers to system.o(i.timer_clock_off) for timer_clock_off
    system.o(i.SystemInit) refers to system.o(i.uart_clock_off) for uart_clock_off
    system.o(i.SystemInit) refers to system.o(i.spi_clock_off) for spi_clock_off
    system.o(i.SystemInit) refers to system.o(i.syscon_SetCRSS) for syscon_SetCRSS
    system.o(i.SystemInit) refers to system.o(i.syscon_SetCRSC) for syscon_SetCRSC
    system.o(i.SystemInit) refers to syscon.o(i.syscon_set_sysclk_src) for syscon_set_sysclk_src
    system.o(i.SystemInit) refers to syscon.o(i.syscon_set_ahb_clk) for syscon_set_ahb_clk
    system.o(i.SystemInit) refers to syscon.o(i.syscon_set_ble_clk) for syscon_set_ble_clk
    system.o(i.SystemInit) refers to syscon.o(i.syscon_set_apb_clk) for syscon_set_apb_clk
    system.o(i.SystemInit) refers to syscon.o(i.syscon_set_timer_clk) for syscon_set_timer_clk
    system.o(i.SystemInit) refers to syscon.o(i.syscon_set_usart_clk) for syscon_set_usart_clk
    system.o(i.SystemInit) refers to system.o(i.syscon_SetPGCR1WithMask) for syscon_SetPGCR1WithMask
    system.o(i.SystemInit) refers to system.o(i.syscon_SetCMDCRWithMask) for syscon_SetCMDCRWithMask
    system.o(i.SystemInit) refers to system.o(i.SystemIOCfg) for SystemIOCfg
    system.o(i.SystemInit) refers to gpio.o(i.gpio_init) for gpio_init
    system.o(i.SystemInit) refers to led.o(i.led_init) for led_init
    system.o(i.SystemInit) refers to uart.o(i.uart_init) for uart_init
    system.o(i.SystemInit) refers to system.o(i.uart_uart_SetCRWithMask) for uart_uart_SetCRWithMask
    system.o(i.SystemInit) refers to sleep.o(.data) for sleep_env
    system.o(i.spi_clock_off) refers to system.o(i.syscon_SetCRSS) for syscon_SetCRSS
    system.o(i.timer_clock_off) refers to system.o(i.syscon_SetCRSS) for syscon_SetCRSS
    system.o(i.uart_clock_off) refers to system.o(i.syscon_SetCRSS) for syscon_SetCRSS
[...]
    i.nvds_copy                              0x10006920   Section        0  lib.o(i.nvds_copy)
    nvds_copy                                0x10006921   Thumb Code    58  lib.o(i.nvds_copy)
    i.nvds_erase                             0x10006960   Section        0  lib.o(i.nvds_erase)
    nvds_erase                               0x10006961   Thumb Code    40  lib.o(i.nvds_erase)
    i.nvds_read                              0x1000698c   Section        0  lib.o(i.nvds_read)
    nvds_read                                0x1000698d   Thumb Code   138  lib.o(i.nvds_read)
    i.nvds_restore_backup                    0x10006a20   Section        0  lib.o(i.nvds_restore_backup)
    nvds_restore_backup                      0x10006a21   Thumb Code    98  lib.o(i.nvds_restore_backup)
    i.nvds_write                             0x10006a90   Section        0  lib.o(i.nvds_write)
    nvds_write                               0x10006a91   Thumb Code    78  lib.o(i.nvds_write)
    i.plf_init                               0x10006ae0   Section        0  lib.o(i.plf_init)
    i.plf_reset_cb                           0x10006df4   Section        0  lib.o(i.plf_reset_cb)
    plf_reset_cb                             0x10006df5   Thumb Code    12  lib.o(i.plf_reset_cb)
    i.powerup_calibration                    0x10006e04   Section        0  lib.o(i.powerup_calibration)
    powerup_calibration                      0x10006e05   Thumb Code   282  lib.o(i.powerup_calibration)
    i.prf_dispatch_disconnect                0x10006f54   Section        0  prf_utils.o(i.prf_dispatch_disconnect)
    i.prf_init                               0x10006f56   Section        0  prf_utils.o(i.prf_init)
    i.prf_register                           0x10006f58   Section        0  app_main.o(i.prf_register)
    prf_register                             0x10006f59   Thumb Code    18  app_main.o(i.prf_register)
    i.restore_ble_setting                    0x10006f78   Section        0  lib.o(i.restore_ble_setting)
    i.rwble_slot_2_lpcycles                  0x10006fcc   Section        0  lib.o(i.rwble_slot_2_lpcycles)
    i.sector_erase_flash_patch               0x10006ff0   Section        0  lib.o(i.sector_erase_flash_patch)
    sector_erase_flash_patch                 0x10006ff1   Thumb Code    38  lib.o(i.sector_erase_flash_patch)
    i.set_dbg_info                           0x10007020   Section        0  lib.o(i.set_dbg_info)
    i.sleep_cb                               0x10007030   Section        0  sleep.o(i.sleep_cb)
    i.sleep_init                             0x10007048   Section        0  sleep.o(i.sleep_init)
    i.sleep_post_process                     0x1000707c   Section        0  lib.o(i.sleep_post_process)
    i.smp_rtx_ind_handler_patch              0x100070d8   Section        0  lib.o(i.smp_rtx_ind_handler_patch)
    smp_rtx_ind_handler_patch                0x100070d9   Thumb Code    70  lib.o(i.smp_rtx_ind_handler_patch)
    i.spi_clock_off                          0x10007130   Section        0  system.o(i.spi_clock_off)
    spi_clock_off                            0x10007131   Thumb Code    50  system.o(i.spi_clock_off)
    i.syscon_SetCMDCRWithMask                0x1000716c   Section        0  system.o(i.syscon_SetCMDCRWithMask)
    syscon_SetCMDCRWithMask                  0x1000716d   Thumb Code    22  system.o(i.syscon_SetCMDCRWithMask)
    i.syscon_SetCMDCRWithMask                0x10007182   Section        0  sleep.o(i.syscon_SetCMDCRWithMask)
    syscon_SetCMDCRWithMask                  0x10007183   Thumb Code    22  sleep.o(i.syscon_SetCMDCRWithMask)
    i.syscon_SetCMDCRWithMask                0x10007198   Section        0  syscon.o(i.syscon_SetCMDCRWithMask)
    syscon_SetCMDCRWithMask                  0x10007199   Thumb Code    22  syscon.o(i.syscon_SetCMDCRWithMask)
    i.syscon_SetCRSC                         0x100071ae   Section        0  system.o(i.syscon_SetCRSC)
    syscon_SetCRSC                           0x100071af   Thumb Code     4  system.o(i.syscon_SetCRSC)
    i.syscon_SetCRSC                         0x100071b2   Section        0  uart.o(i.syscon_SetCRSC)
    syscon_SetCRSC                           0x100071b3   Thumb Code     4  uart.o(i.syscon_SetCRSC)
    i.syscon_SetCRSS                         0x100071b6   Section        0  system.o(i.syscon_SetCRSS)
    syscon_SetCRSS                           0x100071b7   Thumb Code     4  system.o(i.syscon_SetCRSS)
    i.syscon_SetIvrefX32WithMask             0x100071ba   Section        0  sleep.o(i.syscon_SetIvrefX32WithMask)
    syscon_SetIvrefX32WithMask               0x100071bb   Thumb Code    26  sleep.o(i.syscon_SetIvrefX32WithMask)
    i.syscon_SetIvrefX32WithMask             0x100071d4   Section        0  lib.o(i.syscon_SetIvrefX32WithMask)
    syscon_SetIvrefX32WithMask               0x100071d5   Thumb Code    14  lib.o(i.syscon_SetIvrefX32WithMask)
    i.syscon_SetPGCR0WithMask                0x100071e2   Section        0  sleep.o(i.syscon_SetPGCR0WithMask)
    syscon_SetPGCR0WithMask                  0x100071e3   Thumb Code    26  sleep.o(i.syscon_SetPGCR0WithMask)
    i.syscon_SetPGCR1WithMask                0x100071fc   Section        0  system.o(i.syscon_SetPGCR1WithMask)
    syscon_SetPGCR1WithMask                  0x100071fd   Thumb Code    26  system.o(i.syscon_SetPGCR1WithMask)
    i.syscon_SetPGCR1WithMask                0x10007216   Section        0  sleep.o(i.syscon_SetPGCR1WithMask)
    syscon_SetPGCR1WithMask                  0x10007217   Thumb Code    26  sleep.o(i.syscon_SetPGCR1WithMask)
    i.syscon_SetPGCR1WithMask                0x10007230   Section        0  syscon.o(i.syscon_SetPGCR1WithMask)
    syscon_SetPGCR1WithMask                  0x10007231   Thumb Code    26  syscon.o(i.syscon_SetPGCR1WithMask)
    i.syscon_SetPGCR1WithMask                0x1000724a   Section        0  lib.o(i.syscon_SetPGCR1WithMask)
    syscon_SetPGCR1WithMask                  0x1000724b   Thumb Code    14  lib.o(i.syscon_SetPGCR1WithMask)
    i.syscon_SetPGCR2WithMask                0x10007258   Section        0  sleep.o(i.syscon_SetPGCR2WithMask)
    syscon_SetPGCR2WithMask                  0x10007259   Thumb Code    26  sleep.o(i.syscon_SetPGCR2WithMask)
    i.syscon_SetPGCR2WithMask                0x10007272   Section        0  lib.o(i.syscon_SetPGCR2WithMask)
    syscon_SetPGCR2WithMask                  0x10007273   Thumb Code    14  lib.o(i.syscon_SetPGCR2WithMask)
    i.syscon_SetXtalBuckWithMask             0x10007280   Section        0  lib.o(i.syscon_SetXtalBuckWithMask)
    syscon_SetXtalBuckWithMask               0x10007281   Thumb Code    14  lib.o(i.syscon_SetXtalBuckWithMask)
    i.syscon_set_ahb_clk                     0x10007290   Section        0  syscon.o(i.syscon_set_ahb_clk)
    i.syscon_set_apb_clk                     0x100072dc   Section        0  syscon.o(i.syscon_set_apb_clk)
    i.syscon_set_ble_clk                     0x10007324   Section        0  syscon.o(i.syscon_set_ble_clk)
    i.syscon_set_sysclk_src                  0x10007370   Section        0  syscon.o(i.syscon_set_sysclk_src)
    i.syscon_set_timer_clk                   0x10007458   Section        0  syscon.o(i.syscon_set_timer_clk)
    i.syscon_set_usart_clk                   0x10007490   Section        0  syscon.o(i.syscon_set_usart_clk)
    i.task_app_desc_register                 0x10007514   Section        0  app_task.o(i.task_app_desc_register)
    i.task_gap_desc_register                 0x10007550   Section        0  lib.o(i.task_gap_desc_register)
    task_gap_desc_register                   0x10007551   Thumb Code   242  lib.o(i.task_gap_desc_register)
    i.task_gatt_desc_register                0x100076b0   Section        0  lib.o(i.task_gatt_desc_register)
    task_gatt_desc_register                  0x100076b1   Thumb Code   132  lib.o(i.task_gatt_desc_register)
    i.timer0_callback                        0x1000777c   Section        0  app_main.o(i.timer0_callback)
    i.timer_clock_off                        0x100077e0   Section        0  system.o(i.timer_clock_off)
    timer_clock_off                          0x100077e1   Thumb Code    50  system.o(i.timer_clock_off)
    i.timer_timer_ClrIntFlag                 0x10007820   Section        0  timer.o(i.timer_timer_ClrIntFlag)
    timer_timer_ClrIntFlag                   0x10007821   Thumb Code     4  timer.o(i.timer_timer_ClrIntFlag)
    i.timer_timer_GetIntFlag                 0x10007824   Section        0  timer.o(i.timer_timer_GetIntFlag)
    timer_timer_GetIntFlag                   0x10007825   Thumb Code     6  timer.o(i.timer_timer_GetIntFlag)
    i.uart_check_tx_free                     0x1000782c   Section        0  uart.o(i.uart_check_tx_free)
    i.uart_clock_off                         0x1000787c   Section        0  system.o(i.uart_clock_off)
    uart_clock_off                           0x1000787d   Thumb Code    50  system.o(i.uart_clock_off)
    i.uart_init                              0x100078b8   Section        0  uart.o(i.uart_init)
    i.uart_read                              0x10007964   Section        0  uart.o(i.uart_read)
    i.uart_receive_data                      0x100079b0   Section        0  uart.o(i.uart_receive_data)
    uart_receive_data                        0x100079b1   Thumb Code    66  uart.o(i.uart_receive_data)
    i.uart_rx_int_enable                     0x100079f2   Section        0  uart.o(i.uart_rx_int_enable)
    uart_rx_int_enable                       0x100079f3   Thumb Code    22  uart.o(i.uart_rx_int_enable)
    i.uart_tx_int_enable                     0x10007a08   Section        0  uart.o(i.uart_tx_int_enable)
    uart_tx_int_enable                       0x10007a09   Thumb Code    70  uart.o(i.uart_tx_int_enable)
    i.uart_uart_ClrIntFlag                   0x10007a58   Section        0  uart.o(i.uart_uart_ClrIntFlag)
    uart_uart_ClrIntFlag                     0x10007a59   Thumb Code     4  uart.o(i.uart_uart_ClrIntFlag)
    i.uart_uart_GetIntFlag                   0x10007a5c   Section        0  uart.o(i.uart_uart_GetIntFlag)
    uart_uart_GetIntFlag                     0x10007a5d   Thumb Code     6  uart.o(i.uart_uart_GetIntFlag)
    i.uart_uart_SetCRWithMask                0x10007a62   Section        0  system.o(i.uart_uart_SetCRWithMask)
    uart_uart_SetCRWithMask                  0x10007a63   Thumb Code    22  system.o(i.uart_uart_SetCRWithMask)
    i.uart_uart_SetCRWithMask                0x10007a78   Section        0  uart.o(i.uart_uart_SetCRWithMask)
    uart_uart_SetCRWithMask                  0x10007a79   Thumb Code    22  uart.o(i.uart_uart_SetCRWithMask)
    i.uart_uart_SetTXD                       0x10007a8e   Section        0  uart.o(i.uart_uart_SetTXD)
    uart_uart_SetTXD                         0x10007a8f   Thumb Code     4  uart.o(i.uart_uart_SetTXD)
    i.usr_init                               0x10007a92   Section        0  usr_design.o(i.usr_init)
    i.usr_sleep                              0x10007a94   Section        0  sleep.o(i.usr_sleep)
    i.usr_sleep_restore                      0x10007af4   Section        0  usr_design.o(i.usr_sleep_restore)
    i.wakeup_by_sleep_timer                  0x10007af8   Section        0  sleep.o(i.wakeup_by_sleep_timer)
    .constdata                               0x10007b68   Section      464  app_task.o(.constdata)
    .constdata                               0x10007d38   Section       51  uart.o(.constdata)
    .constdata                               0x10007d6c   Section       40  lib.o(.constdata)
    .constdata                               0x10007d94   Section      129  ctype_o.o(.constdata)
    .constdata                               0x10007e18   Section        4  ctype_o.o(.constdata)
    table                                    0x10007e18   Data           4  ctype_o.o(.constdata)
    .conststring                             0x10007e1c   Section      282  app_gap_task.o(.conststring)
    .conststring                             0x10007f38   Section      238  app_gatt_task.o(.conststring)
    .conststring                             0x10008028   Section      173  app_smp_task.o(.conststring)
    .data                                    0x100080e8   Section        8  app_main.o(.data)
    .data                                    0x100080f0   Section        2  app_task.o(.data)
    .data                                    0x100080f4   Section        4  gpio.o(.data)
    gpio_env                                 0x100080f4   Data           4  gpio.o(.data)
    .data                                    0x100080f8   Section       25  sleep.o(.data)
    .data                                    0x10008114   Section       12  syscon.o(.data)
    .data                                    0x10008120   Section       24  timer.o(.data)
    .data                                    0x10008138   Section        4  dma.o(.data)
    dma_env                                  0x10008138   Data           4  dma.o(.data)
    .data                                    0x1000813c   Section        8  retarget.o(.data)
    .data                                    0x10008144   Section       72  lib.o(.data)
    ext_ctrl                                 0x10008144   Data           1  lib.o(.data)
    acc                                      0x10008145   Data           1  lib.o(.data)
    dc_dc_flag                               0x10008146   Data           1  lib.o(.data)
    l2cm_default_handler                     0x1000815c   Data           8  lib.o(.data)
    gap_default_handler                      0x10008164   Data           8  lib.o(.data)
    gatt_default_handler_new                 0x1000816c   Data           8  lib.o(.data)
    smpc_default_handler_new                 0x10008174   Data           8  lib.o(.data)
    llm_default_handler_new                  0x1000817c   Data           8  lib.o(.data)
    llc_default_handler_new                  0x10008184   Data           8  lib.o(.data)
    .data                                    0x1000818c   Section        4  rand.o(.data)
    _rand_state                              0x1000818c   Data           4  rand.o(.data)
    .data                                    0x10008190   Section        4  errno.o(.data)
    _errno                                   0x10008190   Data           4  errno.o(.data)
    .bss                                     0x10008194   Section     2852  app_main.o(.bss)
    ble_heap                                 0x10008194   Data        2852  app_main.o(.bss)
    .bss                                     0x10008cb8   Section     1088  app_env.o(.bss)
    .bss                                     0x100090f8   Section       17  app_sys.o(.bss)
    .bss                                     0x1000910c   Section       48  uart.o(.bss)
    uart0_env                                0x1000910c   Data          24  uart.o(.bss)
    uart1_env                                0x10009124   Data          24  uart.o(.bss)
    .bss                                     0x1000913c   Section     2192  lib.o(.bss)
    gap_state_handler_new                    0x1000913c   Data          80  lib.o(.bss)
    gatt_state_handler_new                   0x1000918c   Data          16  lib.o(.bss)
    attc_connected_new                       0x1000919c   Data         104  lib.o(.bss)
    attc_state_handler_new                   0x10009204   Data          40  lib.o(.bss)
    atts_resource_init_state_new             0x1000922c   Data          32  lib.o(.bss)
    atts_state_handler_new                   0x1000924c   Data          24  lib.o(.bss)
    llm_default_state_new                    0x10009264   Data         304  lib.o(.bss)
    llc_default_state_new                    0x10009394   Data         296  lib.o(.bss)
    l2cm_default_state_new                   0x100094bc   Data          72  lib.o(.bss)
    gap_scan_new                             0x10009504   Data          80  lib.o(.bss)
    gap_default_state_new                    0x10009554   Data         368  lib.o(.bss)
    gap_connsetup_new                        0x100096c4   Data          48  lib.o(.bss)
    gatt_default_state_new                   0x100097f4   Data         272  lib.o(.bss)
    smpc_default_state_new                   0x10009904   Data         200  lib.o(.bss)
    STACK                                    0x100099d0   Section      512  startup.o(STACK)

    Global Symbols

    Symbol Name                              Value     Ov Type        Size  Object(Section)

    BuildAttributes$$THM_ISAv3M$S$PE$A:L22$X:L11$S22$IEEE1$IW$USESV6$~STKCKD$USESV7$~SHL$OTIME$ROPI$EBA8$MICROLIB$REQ8$PRES8$EABIv2 0x00000000   Number         0  anon$$obj.o ABSOLUTE
    __ARM_use_no_argv                        0x00000000   Number         0  app_main.o ABSOLUTE
    __use_no_errno                           0x00000000   Number         0  useno.o ABSOLUTE
    __use_no_exception_handling              0x00000000   Number         0  useno.o ABSOLUTE
    __use_no_fp                              0x00000000   Number         0  useno.o ABSOLUTE
    __use_no_heap                            0x00000000   Number         0  useno.o ABSOLUTE
    __use_no_heap_region                     0x00000000   Number         0  useno.o ABSOLUTE
    __use_no_semihosting                     0x00000000   Number         0  useno.o ABSOLUTE
    __use_no_semihosting_swi                 0x00000000   Number         0  useno.o ABSOLUTE
    __use_no_signal_handling                 0x00000000   Number         0  useno.o ABSOLUTE
    _printf_a                                0x00000000   Number         0  stubs.o ABSOLUTE
    _printf_c                                0x00000000   Number         0  stubs.o ABSOLUTE
    _printf_charcount                        0x00000000   Number         0  stubs.o ABSOLUTE
    _printf_d                                0x00000000   Number         0  stubs.o ABSOLUTE
    _printf_e                                0x00000000   Number         0  stubs.o ABSOLUTE
    _printf_f                                0x00000000   Number         0  stubs.o ABSOLUTE
    _printf_flags                            0x00000000   Number         0  stubs.o ABSOLUTE
    _printf_fp_dec                           0x00000000   Number         0  stubs.o ABSOLUTE
    _printf_fp_hex                           0x00000000   Number         0  stubs.o ABSOLUTE
    _printf_g                                0x00000000   Number         0  stubs.o ABSOLUTE
    _printf_i                                0x00000000   Number         0  stubs.o ABSOLUTE
    _printf_int_dec                          0x00000000   Number         0  stubs.o ABSOLUTE
    _printf_l                                0x00000000   Number         0  stubs.o ABSOLUTE
    _printf_lc                               0x00000000   Number         0  stubs.o ABSOLUTE
    _printf_ll                               0x00000000   Number         0  stubs.o ABSOLUTE
    _printf_lld                              0x00000000   Number         0  stubs.o ABSOLUTE
    _printf_lli                              0x00000000   Number         0  stubs.o ABSOLUTE
    _printf_llo                              0x00000000   Number         0  stubs.o ABSOLUTE
    _printf_llu                              0x00000000   Number         0  stubs.o ABSOLUTE
    _printf_llx                              0x00000000   Number         0  stubs.o ABSOLUTE
    _printf_longlong_dec                     0x00000000   Number         0  stubs.o ABSOLUTE
    _printf_longlong_hex                     0x00000000   Number         0  stubs.o ABSOLUTE
    _printf_longlong_oct                     0x00000000   Number         0  stubs.o ABSOLUTE
    _printf_ls                               0x00000000   Number         0  stubs.o ABSOLUTE
    _printf_mbtowc                           0x00000000   Number         0  stubs.o ABSOLUTE
    _printf_n                                0x00000000   Number         0  stubs.o ABSOLUTE
    _printf_o                                0x00000000   Number         0  stubs.o ABSOLUTE
    _printf_p                                0x00000000   Number         0  stubs.o ABSOLUTE
    _printf_percent                          0x00000000   Number         0  stubs.o ABSOLUTE
    _printf_pre_padding                      0x00000000   Number         0  stubs.o ABSOLUTE
    _printf_return_value                     0x00000000   Number         0  stubs.o ABSOLUTE
    _printf_s                                0x00000000   Number         0  stubs.o ABSOLUTE
    _printf_sizespec                         0x00000000   Number         0  stubs.o ABSOLUTE
    _printf_str                              0x00000000   Number         0  stubs.o ABSOLUTE
    _printf_truncate_signed                  0x00000000   Number         0  stubs.o ABSOLUTE
    _printf_truncate_unsigned                0x00000000   Number         0  stubs.o ABSOLUTE
    _printf_u                                0x00000000   Number         0  stubs.o ABSOLUTE
    _printf_wc                               0x00000000   Number         0  stubs.o ABSOLUTE
    _printf_wctomb                           0x00000000   Number         0  stubs.o ABSOLUTE
    _printf_widthprec                        0x00000000   Number         0  stubs.o ABSOLUTE
    _printf_x                                0x00000000   Number         0  stubs.o ABSOLUTE
    __cpp_initialize__aeabi_                  - Undefined Weak Reference
    __cxa_finalize                            - Undefined Weak Reference
    __decompress                              - Undefined Weak Reference
    _clock_init                               - Undefined Weak Reference
    _microlib_exit                            - Undefined Weak Reference
    __Vectors_Size                           0x000000c0   Number         0  startup.o ABSOLUTE
    __Vectors                                0x10000000   Data           4  startup.o(RESET)
    __Vectors_End                            0x100000c0   Data           0  startup.o(RESET)
    __main                                   0x100000c1   Thumb Code     0  entry.o(.ARM.Collect$$$$00000000)
    _main_stk                                0x100000c1   Thumb Code     0  entry2.o(.ARM.Collect$$$$00000001)
    _main_scatterload                        0x100000c5   Thumb Code     0  entry5.o(.ARM.Collect$$$$00000004)
    __main_after_scatterload                 0x100000c9   Thumb Code     0  entry5.o(.ARM.Collect$$$$00000004)
    _main_clock                              0x100000c9   Thumb Code     0  entry7b.o(.ARM.Collect$$$$00000008)
    _main_cpp_init                           0x100000c9   Thumb Code     0  entry8b.o(.ARM.Collect$$$$0000000A)
    _main_init                               0x100000c9   Thumb Code     0  entry9a.o(.ARM.Collect$$$$0000000B)
    __rt_final_cpp                           0x100000d1   Thumb Code     0  entry10a.o(.ARM.Collect$$$$0000000D)
    __rt_final_exit                          0x100000d1   Thumb Code     0  entry11a.o(.ARM.Collect$$$$0000000F)
    Reset_Handler                            0x100000d5   Thumb Code    14  startup.o(.text)
    NMI_Handler                              0x100000e3   Thumb Code     2  startup.o(.text)
    HardFault_Handler                        0x100000e5   Thumb Code     2  startup.o(.text)
    MemManage_Handler                        0x100000e7   Thumb Code     2  startup.o(.text)
    BusFault_Handler                         0x100000e9   Thumb Code     2  startup.o(.text)
    UsageFault_Handler                       0x100000eb   Thumb Code     2  startup.o(.text)
    SVC_Handler                              0x100000ed   Thumb Code     2  startup.o(.text)
    DebugMon_Handler                         0x100000ef   Thumb Code     2  startup.o(.text)
    PendSV_Handler                           0x100000f1   Thumb Code     2  startup.o(.text)
    SysTick_Handler                          0x100000f3   Thumb Code     2  startup.o(.text)
    ADC_IRQHandler                           0x100000f5   Thumb Code     0  startup.o(.text)
    CALIB_IRQHandler                         0x100000f5   Thumb Code     0  startup.o(.text)
    COMPARATOR0_IRQHandler                   0x100000f5   Thumb Code     0  startup.o(.text)
    COMPARATOR1_IRQHandler                   0x100000f5   Thumb Code     0  startup.o(.text)
    I2C_IRQHandler                           0x100000f5   Thumb Code     0  startup.o(.text)
    PWM0_IRQHandler                          0x100000f5   Thumb Code     0  startup.o(.text)
    PWM1_IRQHandler                          0x100000f5   Thumb Code     0  startup.o(.text)
    RTC_CAP_IRQHandler                       0x100000f5   Thumb Code     0  startup.o(.text)
    RTC_IRQHandler                           0x100000f5   Thumb Code     0  startup.o(.text)
    SPI0_RX_IRQHandler                       0x100000f5   Thumb Code     0  startup.o(.text)
    SPI0_TX_IRQHandler                       0x100000f5   Thumb Code     0  startup.o(.text)
    SPI1_RX_IRQHandler                       0x100000f5   Thumb Code     0  startup.o(.text)
    SPI1_TX_IRQHandler                       0x100000f5   Thumb Code     0  startup.o(.text)
    TIMER0_IRQHandler                        0x100000f5   Thumb Code     0  startup.o(.text)
    TUNER_RX_IRQHandler                      0x100000f5   Thumb Code     0  startup.o(.text)
    TUNER_SETTING_IRQHandler                 0x100000f5   Thumb Code     0  startup.o(.text)
    TUNER_TX_IRQHandler                      0x100000f5   Thumb Code     0  startup.o(.text)
    UART1_RX_IRQHandler                      0x100000f5   Thumb Code     0  startup.o(.text)
    UART1_TX_IRQHandler                      0x100000f5   Thumb Code     0  startup.o(.text)
    WDT_IRQHandler                           0x100000f5   Thumb Code     0  startup.o(.text)
    __rd_ble_reg                             0x10000105   Thumb Code     4  math.o(.text)
    __wr_ble_reg                             0x10000109   Thumb Code     4  math.o(.text)
    __aeabi_lmul                             0x1000010d   Thumb Code   166  math.o(.text)
    __aeabi_uldivmod                         0x100001b3   Thumb Code   256  math.o(.text)
    __aeabi_uidiv                            0x100002b3   Thumb Code     0  uidiv.o(.text)
    __aeabi_uidivmod                         0x100002b3   Thumb Code    44  uidiv.o(.text)
    __aeabi_lasr                             0x100002df   Thumb Code    38  llsshr.o(.text)
    _ll_sshift_r                             0x100002df   Thumb Code     0  llsshr.o(.text)
    rand                                     0x10000305   Thumb Code    18  rand.o(.text)
    srand                                    0x10000317   Thumb Code     6  rand.o(.text)
    __aeabi_memcpy                           0x10000329   Thumb Code    36  memcpya.o(.text)
    __aeabi_memcpy4                          0x10000329   Thumb Code     0  memcpya.o(.text)
    __aeabi_memcpy8                          0x10000329   Thumb Code     0  memcpya.o(.text)
    __aeabi_memset                           0x1000034d   Thumb Code    14  memseta.o(.text)
    __aeabi_memset4                          0x1000034d   Thumb Code     0  memseta.o(.text)
    __aeabi_memset8                          0x1000034d   Thumb Code     0  memseta.o(.text)
    __aeabi_memclr                           0x1000035b   Thumb Code     4  memseta.o(.text)
    __aeabi_memclr4                          0x1000035b   Thumb Code     0  memseta.o(.text)
    __aeabi_memclr8                          0x1000035b   Thumb Code     0  memseta.o(.text)
    _memset$wrapper                          0x1000035f   Thumb Code    18  memseta.o(.text)
    memcmp                                   0x10000371   Thumb Code    26  memcmp.o(.text)
    atoi                                     0x1000038b   Thumb Code    26  atoi.o(.text)
    __aeabi_fadd                             0x100003a5   Thumb Code   162  fadd.o(.text)
    __aeabi_fsub                             0x10000447   Thumb Code     8  fadd.o(.text)
    __aeabi_frsub                            0x1000044f   Thumb Code     8  fadd.o(.text)
    __aeabi_dadd                             0x10000459   Thumb Code   328  dadd.o(.text)
    __aeabi_dsub                             0x100005a1   Thumb Code    12  dadd.o(.text)
    __aeabi_drsub                            0x100005ad   Thumb Code    12  dadd.o(.text)
    __aeabi_dmul                             0x100005bd   Thumb Code   202  dmul.o(.text)
    __aeabi_ui2f                             0x1000068d   Thumb Code    14  ffltui.o(.text)
    __aeabi_i2d                              0x1000069d   Thumb Code    34  dflti.o(.text)
    __aeabi_ui2d                             0x100006c5   Thumb Code    24  dfltui.o(.text)
    __aeabi_d2iz                             0x100006e1   Thumb Code    62  dfixi.o(.text)
    __aeabi_f2d                              0x10000729   Thumb Code    40  f2d.o(.text)
    __aeabi_cdcmpeq                          0x10000751   Thumb Code     0  cdcmple.o(.text)
    __aeabi_cdcmple                          0x10000751   Thumb Code    38  cdcmple.o(.text)
    __aeabi_llsl                             0x10000779   Thumb Code    32  llshl.o(.text)
    _ll_shift_l                              0x10000779   Thumb Code     0  llshl.o(.text)
    __aeabi_llsr                             0x10000799   Thumb Code    34  llushr.o(.text)
    _ll_ushift_r                             0x10000799   Thumb Code     0  llushr.o(.text)
    strtol                                   0x100007bd   Thumb Code   108  strtol.o(.text)
    __I$use$fp                               0x1000082d   Thumb Code     0  iusefp.o(.text)
    _float_round                             0x1000082d   Thumb Code    16  fepilogue.o(.text)
    _float_epilogue                          0x1000083d   Thumb Code   114  fepilogue.o(.text)
    _double_round                            0x100008af   Thumb Code    26  depilogue.o(.text)
    _double_epilogue                         0x100008c9   Thumb Code   164  depilogue.o(.text)
    __aeabi_ddiv                             0x1000096d   Thumb Code   234  ddiv.o(.text)
    __aeabi_d2ulz                            0x10000a5d   Thumb Code    54  dfixul.o(.text)
    __aeabi_cdrcmple                         0x10000a9d   Thumb Code    38  cdrcmple.o(.text)
    __scatterload                            0x10000ac5   Thumb Code    28  init.o(.text)
    __scatterload_rt2                        0x10000ac5   Thumb Code     0  init.o(.text)
    __rt_ctype_table                         0x10000ae9   Thumb Code     4  ctype_o.o(.text)
    _strtoul                                 0x10000af1   Thumb Code   166  _strtoul.o(.text)
    _chval                                   0x10000b97   Thumb Code    30  _chval.o(.text)
    BLE_IRQHandler                           0x10000bb5   Thumb Code   150  lib.o(i.BLE_IRQHandler)
    DMA_IRQHandler                           0x10000c61   Thumb Code    66  dma.o(i.DMA_IRQHandler)
    GPIO_IRQHandler                          0x10000cad   Thumb Code    60  gpio.o(i.GPIO_IRQHandler)
    OSC_EN_IRQHandler                        0x10000d01   Thumb Code    16  sleep.o(i.OSC_EN_IRQHandler)
    SystemInit                               0x10000d4d   Thumb Code   416  system.o(i.SystemInit)
    TIMER1_IRQHandler                        0x10000f19   Thumb Code    84  timer.o(i.TIMER1_IRQHandler)
    TIMER2_IRQHandler                        0x10000f75   Thumb Code    84  timer.o(i.TIMER2_IRQHandler)
    TIMER3_IRQHandler                        0x10000fd1   Thumb Code    84  timer.o(i.TIMER3_IRQHandler)
    UART0_RX_IRQHandler                      0x1000102d   Thumb Code   164  uart.o(i.UART0_RX_IRQHandler)
    UART0_TX_IRQHandler                      0x100010d9   Thumb Code    92  uart.o(i.UART0_TX_IRQHandler)
    UartPutc                                 0x1000113d   Thumb Code    48  uart.o(i.UartPutc)
    __0printf                                0x10001171   Thumb Code    24  printfa.o(i.__0printf)
    __1printf                                0x10001171   Thumb Code     0  printfa.o(i.__0printf)
    __2printf                                0x10001171   Thumb Code     0  printfa.o(i.__0printf)
    __c89printf                              0x10001171   Thumb Code     0  printfa.o(i.__0printf)
    printf                                   0x10001171   Thumb Code     0  printfa.o(i.__0printf)
    __ARM_clz                                0x10001191   Thumb Code    46  depilogue.o(i.__ARM_clz)
    __ARM_common_switch8                     0x100011bf   Thumb Code    28  app_menu.o(i.__ARM_common_switch8)
    __aeabi_errno_addr                       0x100011dd   Thumb Code     4  errno.o(i.__aeabi_errno_addr)
    __rt_errno_addr                          0x100011dd   Thumb Code     0  errno.o(i.__aeabi_errno_addr)
    __nvds_get                               0x100011e5   Thumb Code    44  lib.o(i.__nvds_get)
    __scatterload_copy                       0x100012f9   Thumb Code    14  handlers.o(i.__scatterload_copy)
    __scatterload_null                       0x10001307   Thumb Code     2  handlers.o(i.__scatterload_null)
    __scatterload_zeroinit                   0x10001309   Thumb Code    14  handlers.o(i.__scatterload_zeroinit)
    app_add_bonded_dev                       0x10001ba9   Thumb Code    52  app_util.o(i.app_add_bonded_dev)
    app_check_update_conn_param              0x10001be1   Thumb Code     6  app_util.o(i.app_check_update_conn_param)
    app_correct_rssi                         0x10001be9   Thumb Code    92  app_gap_task.o(i.app_correct_rssi)
    app_device_setup                         0x10001c59   Thumb Code    22  app_gap_task.o(i.app_device_setup)
    app_find_bonded_dev                      0x10001cbd   Thumb Code    50  app_util.o(i.app_find_bonded_dev)
    app_gap_bond_req                         0x10001cf9   Thumb Code    74  app_gap.o(i.app_gap_bond_req)
    app_gap_bond_req_cmp_ind_handler         0x10001d51   Thumb Code   126  app_gap_task.o(i.app_gap_bond_req_cmp_ind_handler)
    app_gap_bond_req_ind_handler             0x10001dd9   Thumb Code   108  app_gap_task.o(i.app_gap_bond_req_ind_handler)
    app_gap_bond_resp                        0x10001e4d   Thumb Code    60  app_gap.o(i.app_gap_bond_resp)
    app_gap_cancel_conn_req_cmp_evt_handler  0x10001e91   Thumb Code     8  app_gap_task.o(i.app_gap_cancel_conn_req_cmp_evt_handler)
    app_gap_change_param_req                 0x10001e99   Thumb Code    44  app_gap.o(i.app_gap_change_param_req)
    app_gap_change_param_req_cmp_handler     0x10001ecd   Thumb Code    48  app_gap_task.o(i.app_gap_change_param_req_cmp_handler)
    app_gap_dev_inq_cancel_req               0x10001f1d   Thumb Code    34  app_gap.o(i.app_gap_dev_inq_cancel_req)
    app_gap_dev_inq_cmp_handler              0x10001f49   Thumb Code    40  app_gap_task.o(i.app_gap_dev_inq_cmp_handler)
    app_gap_dev_inq_req                      0x10001f95   Thumb Code    60  app_gap.o(i.app_gap_dev_inq_req)
    app_gap_dev_inq_result_handler           0x10001fe1   Thumb Code   358  app_gap_task.o(i.app_gap_dev_inq_result_handler)
    app_gap_discon_cmp_evt_handler           0x10002179   Thumb Code    98  app_gap_task.o(i.app_gap_discon_cmp_evt_handler)
    app_gap_discon_req                       0x10002239   Thumb Code    34  app_gap.o(i.app_gap_discon_req)
    app_gap_le_create_conn_req               0x10002269   Thumb Code    84  app_gap.o(i.app_gap_le_create_conn_req)
    app_gap_le_create_conn_req_cmp_evt_handler 0x100022c5   Thumb Code   104  app_gap_task.o(i.app_gap_le_create_conn_req_cmp_evt_handler)
    app_gap_name_req_cmp_handler             0x1000236d   Thumb Code    78  app_gap_task.o(i.app_gap_name_req_cmp_handler)
    app_gap_param_update_req_ind_handler     0x10002401   Thumb Code    68  app_gap_task.o(i.app_gap_param_update_req_ind_handler)
    app_gap_read_bdaddr_req                  0x10002479   Thumb Code    14  app_gap.o(i.app_gap_read_bdaddr_req)
    app_gap_read_bdaddr_req_cmp_evt_handler  0x10002491   Thumb Code    58  app_gap_task.o(i.app_gap_read_bdaddr_req_cmp_evt_handler)
    app_gap_read_ver_req                     0x100024f1   Thumb Code    14  app_gap.o(i.app_gap_read_ver_req)
    app_gap_read_ver_req_cmp_evt_handler     0x10002509   Thumb Code    44  app_gap_task.o(i.app_gap_read_ver_req_cmp_evt_handler)
    app_gap_ready_evt_handler                0x10002539   Thumb Code    30  app_gap_task.o(i.app_gap_ready_evt_handler)
    app_gap_reset_req_cmp_handler            0x10002557   Thumb Code    22  app_gap_task.o(i.app_gap_reset_req_cmp_handler)
    app_gap_scan_req_cmp_evt_handler         0x1000256d   Thumb Code    22  app_gap_task.o(i.app_gap_scan_req_cmp_evt_handler)
    app_gap_set_bondable_mode_req            0x100025a9   Thumb Code    30  app_gap.o(i.app_gap_set_bondable_mode_req)
    app_gap_set_devname_req_cmp_evt_handler  0x100025d1   Thumb Code    28  app_gap_task.o(i.app_gap_set_devname_req_cmp_evt_handler)
    app_gap_set_mode_req_cmp_evt_handler     0x10002609   Thumb Code    90  app_gap_task.o(i.app_gap_set_mode_req_cmp_evt_handler)
    app_gap_set_ph_privacy_req_cmp_handler   0x100026b5   Thumb Code    34  app_gap_task.o(i.app_gap_set_ph_privacy_req_cmp_handler)
    app_gap_set_random_add_req_cmp_handler   0x10002721   Thumb Code    26  app_gap_task.o(i.app_gap_set_random_add_req_cmp_handler)
    app_gap_set_recon_addr_req_cmp_handler   0x10002759   Thumb Code    34  app_gap_task.o(i.app_gap_set_recon_addr_req_cmp_handler)
    app_gap_set_sec_req                      0x100027cd   Thumb Code    34  app_gap.o(i.app_gap_set_sec_req)
    app_gap_set_sec_req_cmp_evt_handler      0x100027f9   Thumb Code    36  app_gap_task.o(i.app_gap_set_sec_req_cmp_evt_handler)
    app_gap_unpair_req                       0x10002821   Thumb Code    46  app_gap.o(i.app_gap_unpair_req)
    app_gatt_cancel_write_char_resp_handler  0x10002859   Thumb Code    20  app_gatt_task.o(i.app_gatt_cancel_write_char_resp_handler)
    app_gatt_cmp_evt_handler                 0x1000288d   Thumb Code    42  app_gatt_task.o(i.app_gatt_cmp_evt_handler)
    app_gatt_disc_char_all_128_cmp_evt_handler 0x100028ed   Thumb Code    66  app_gatt_task.o(i.app_gatt_disc_char_all_128_cmp_evt_handler)
    app_gatt_disc_char_all_cmp_evt_handler   0x10002951   Thumb Code    64  app_gatt_task.o(i.app_gatt_disc_char_all_cmp_evt_handler)
    app_gatt_disc_char_by_uuid_128_cmp_evt_handler 0x10002995   Thumb Code    66  app_gatt_task.o(i.app_gatt_disc_char_by_uuid_128_cmp_evt_handler)
    app_gatt_disc_char_by_uuid_cmp_evt_handler 0x100029f9   Thumb Code    64  app_gatt_task.o(i.app_gatt_disc_char_by_uuid_cmp_evt_handler)
    app_gatt_disc_char_desc_128_cmp_evt_handler 0x10002a3d   Thumb Code    54  app_gatt_task.o(i.app_gatt_disc_char_desc_128_cmp_evt_handler)
    app_gatt_disc_char_desc_cmp_evt_handler  0x10002ab1   Thumb Code    50  app_gatt_task.o(i.app_gatt_disc_char_desc_cmp_evt_handler)
    app_gatt_disc_cmp_evt_handler            0x10002b19   Thumb Code    20  app_gatt_task.o(i.app_gatt_disc_cmp_evt_handler)
    app_gatt_disc_svc_all_128_cmp_evt_handler 0x10002b4d   Thumb Code    56  app_gatt_task.o(i.app_gatt_disc_svc_all_128_cmp_evt_handler)
    app_gatt_disc_svc_all_cmp_evt_handler    0x10002bc9   Thumb Code   190  app_gatt_task.o(i.app_gatt_disc_svc_all_cmp_evt_handler)
    app_gatt_disc_svc_by_uuid_cmp_evt_handler 0x10002cc1   Thumb Code    50  app_gatt_task.o(i.app_gatt_disc_svc_by_uuid_cmp_evt_handler)
    app_gatt_disc_svc_incl_cmp_evt_handler   0x10002d25   Thumb Code   114  app_gatt_task.o(i.app_gatt_disc_svc_incl_cmp_evt_handler)
    app_gatt_disc_svc_req                    0x10002dfd   Thumb Code    46  app_gatt.o(i.app_gatt_disc_svc_req)
    app_gatt_handle_value_cfm_handler        0x10002e35   Thumb Code    24  app_gatt_task.o(i.app_gatt_handle_value_cfm_handler)
    app_gatt_handle_value_ind_handler        0x10002e8d   Thumb Code    50  app_gatt_task.o(i.app_gatt_handle_value_ind_handler)
    app_gatt_handle_value_notif_handler      0x10002f05   Thumb Code   292  app_gatt_task.o(i.app_gatt_handle_value_notif_handler)
    app_gatt_notify_cmp_evt_handler          0x100030a5   Thumb Code    24  app_gatt_task.o(i.app_gatt_notify_cmp_evt_handler)
    app_gatt_read_char_mult_resp_handler     0x100030e9   Thumb Code    36  app_gatt_task.o(i.app_gatt_read_char_mult_resp_handler)
    app_gatt_read_char_req                   0x10003169   Thumb Code    84  app_gatt.o(i.app_gatt_read_char_req)
    app_gatt_read_char_resp_handler          0x100031c5   Thumb Code    64  app_gatt_task.o(i.app_gatt_read_char_resp_handler)
    app_gatt_resource_access_req_handler     0x10003265   Thumb Code    36  app_gap_task.o(i.app_gatt_resource_access_req_handler)
    app_gatt_write_char_reliable_resp_handler 0x10003291   Thumb Code    36  app_gatt_task.o(i.app_gatt_write_char_reliable_resp_handler)
    app_gatt_write_char_req                  0x10003301   Thumb Code    68  app_gatt.o(i.app_gatt_write_char_req)
    app_gatt_write_char_resp_handler         0x1000334d   Thumb Code    36  app_gatt_task.o(i.app_gatt_write_char_resp_handler)
    app_get_bd_addr_by_conhdl                0x100033a9   Thumb Code    68  app_util.o(i.app_get_bd_addr_by_conhdl)
    app_get_bd_addr_by_idx                   0x100033f1   Thumb Code    46  app_util.o(i.app_get_bd_addr_by_idx)
    app_get_bond_nb                          0x10003425   Thumb Code     6  app_util.o(i.app_get_bond_nb)
    app_get_bond_status                      0x10003431   Thumb Code    42  app_util.o(i.app_get_bond_status)
    app_get_conhdl_by_idx                    0x10003461   Thumb Code    32  app_util.o(i.app_get_conhdl_by_idx)
    app_get_link_nb                          0x10003489   Thumb Code     6  app_util.o(i.app_get_link_nb)
    app_get_link_status_by_idx               0x10003495   Thumb Code    26  app_util.o(i.app_get_link_status_by_idx)
    app_get_lk_sec_status                    0x100034b5   Thumb Code    52  app_util.o(i.app_get_lk_sec_status)
    app_get_rec_idx_by_conhdl                0x100034ed   Thumb Code    38  app_util.o(i.app_get_rec_idx_by_conhdl)
    app_get_role                             0x10003519   Thumb Code     6  app_util.o(i.app_get_role)
    app_i_to_array                           0x10003525   Thumb Code    72  app_util.o(i.app_i_to_array)
    app_init                                 0x1000356d   Thumb Code    24  app_env.o(i.app_init)
    app_init_local_smp_key                   0x10003589   Thumb Code    22  app_util.o(i.app_init_local_smp_key)
    app_menu_cb                              0x100035a5   Thumb Code   216  app_menu.o(i.app_menu_cb)
    app_menu_hdl                             0x10003e05   Thumb Code   128  app_menu.o(i.app_menu_hdl)
    app_menu_show                            0x10003e89   Thumb Code   148  app_menu.o(i.app_menu_show)
    app_parser_adv_data                      0x10004d0d   Thumb Code   156  app_util.o(i.app_parser_adv_data)
    app_set_client_service_status            0x10004da9   Thumb Code    16  app_util.o(i.app_set_client_service_status)
    app_set_link_status_by_conhdl            0x10004db9   Thumb Code   168  app_util.o(i.app_set_link_status_by_conhdl)
    app_set_role                             0x10004e69   Thumb Code     6  app_util.o(i.app_set_role)
    app_smpc_chk_bd_addr_req_ind_handler     0x10004fb9   Thumb Code    68  app_smp_task.o(i.app_smpc_chk_bd_addr_req_ind_handler)
    app_smpc_chk_bd_addr_req_rsp             0x10005001   Thumb Code    56  app_smp.o(i.app_smpc_chk_bd_addr_req_rsp)
    app_smpc_irk_req_ind_handler             0x10005041   Thumb Code   220  app_smp_task.o(i.app_smpc_irk_req_ind_handler)
    app_smpc_irk_req_rsp                     0x10005145   Thumb Code    66  app_smp.o(i.app_smpc_irk_req_rsp)
    app_smpc_key_ind_handler                 0x10005191   Thumb Code   184  app_smp_task.o(i.app_smpc_key_ind_handler)
    app_smpc_ltk_req_ind_handler             0x1000526d   Thumb Code   226  app_smp_task.o(i.app_smpc_ltk_req_ind_handler)
    app_smpc_ltk_req_rsp                     0x10005389   Thumb Code    74  app_smp.o(i.app_smpc_ltk_req_rsp)
    app_smpc_sec_started_ind_handler         0x100053dd   Thumb Code    42  app_smp_task.o(i.app_smpc_sec_started_ind_handler)
    app_smpc_timeout_evt_handler             0x1000540d   Thumb Code    42  app_smp_task.o(i.app_smpc_timeout_evt_handler)
    app_smpc_tk_req_ind_handler              0x10005459   Thumb Code   102  app_smp_task.o(i.app_smpc_tk_req_ind_handler)
    app_smpc_tk_req_rsp                      0x100054f9   Thumb Code    50  app_smp.o(i.app_smpc_tk_req_rsp)
    app_smpm_set_key_cfm_handler             0x10005535   Thumb Code    52  app_smp_task.o(i.app_smpm_set_key_cfm_handler)
    app_smpm_set_key_req                     0x1000556d   Thumb Code    42  app_smp.o(i.app_smpm_set_key_req)
    app_task_msg_hdl                         0x100055a1   Thumb Code     2  usr_design.o(i.app_task_msg_hdl)
    app_uart_init                            0x100055e9   Thumb Code    22  app_sys.o(i.app_uart_init)
    ble_init                                 0x10005711   Thumb Code   396  lib.o(i.ble_init)
    ble_sleep                                0x1000590d   Thumb Code    42  lib.o(i.ble_sleep)
    check_ble_wakeup                         0x10005955   Thumb Code    14  lib.o(i.check_ble_wakeup)
    co_buf_rx_get                            0x10005969   Thumb Code    10  lib.o(i.co_buf_rx_get)
    config_work_mode                         0x10005979   Thumb Code    74  lib.o(i.config_work_mode)
    dc_dc_enable                             0x100059dd   Thumb Code    50  lib.o(i.dc_dc_enable)
    enter_sleep                              0x10005a99   Thumb Code   226  sleep.o(i.enter_sleep)
    foo1                                     0x10005c2d   Thumb Code     2  lib.o(i.foo1)
    fputc                                    0x10005c2f   Thumb Code    14  retarget.o(i.fputc)
    fw_ble_sleep                             0x10005c3d   Thumb Code   134  lib.o(i.fw_ble_sleep)
    gpio_init                                0x10005ef9   Thumb Code    34  gpio.o(i.gpio_init)
    gpio_read_pin_field                      0x10005f25   Thumb Code    18  gpio.o(i.gpio_read_pin_field)
    gpio_set_direction_field                 0x10005f37   Thumb Code    40  gpio.o(i.gpio_set_direction_field)
    gpio_sleep_allowed                       0x10005f5f   Thumb Code    38  gpio.o(i.gpio_sleep_allowed)
    gpio_write_pin                           0x10005f85   Thumb Code    46  gpio.o(i.gpio_write_pin)
    ke_schedule                              0x10005fc9   Thumb Code    60  lib.o(i.ke_schedule)
    ke_time                                  0x10006015   Thumb Code    34  lib.o(i.ke_time)
    ke_timer_empty                           0x1000603d   Thumb Code    18  lib.o(i.ke_timer_empty)
    led_init                                 0x10006101   Thumb Code    64  led.o(i.led_init)
    led_set                                  0x10006141   Thumb Code    56  led.o(i.led_set)
    lld_evt_scan_create                      0x10006501   Thumb Code    24  lib.o(i.lld_evt_scan_create)
    main                                     0x100067d9   Thumb Code   294  app_main.o(i.main)
    plf_init                                 0x10006ae1   Thumb Code   614  lib.o(i.plf_init)
    prf_dispatch_disconnect                  0x10006f55   Thumb Code     2  prf_utils.o(i.prf_dispatch_disconnect)
    prf_init                                 0x10006f57   Thumb Code     2  prf_utils.o(i.prf_init)
    restore_ble_setting                      0x10006f79   Thumb Code    68  lib.o(i.restore_ble_setting)
    rwble_slot_2_lpcycles                    0x10006fcd   Thumb Code    32  lib.o(i.rwble_slot_2_lpcycles)
    set_dbg_info                             0x10007021   Thumb Code    10  lib.o(i.set_dbg_info)
    sleep_cb                                 0x10007031   Thumb Code    20  sleep.o(i.sleep_cb)
    sleep_init                               0x10007049   Thumb Code    40  sleep.o(i.sleep_init)
    sleep_post_process                       0x1000707d   Thumb Code    90  lib.o(i.sleep_post_process)
    syscon_set_ahb_clk                       0x10007291   Thumb Code    64  syscon.o(i.syscon_set_ahb_clk)
    syscon_set_apb_clk                       0x100072dd   Thumb Code    62  syscon.o(i.syscon_set_apb_clk)
    syscon_set_ble_clk                       0x10007325   Thumb Code    66  syscon.o(i.syscon_set_ble_clk)
    syscon_set_sysclk_src                    0x10007371   Thumb Code   210  syscon.o(i.syscon_set_sysclk_src)
    syscon_set_timer_clk                     0x10007459   Thumb Code    50  syscon.o(i.syscon_set_timer_clk)
    syscon_set_usart_clk                     0x10007491   Thumb Code   112  syscon.o(i.syscon_set_usart_clk)
    task_app_desc_register                   0x10007515   Thumb Code    44  app_task.o(i.task_app_desc_register)
    timer0_callback                          0x1000777d   Thumb Code    74  app_main.o(i.timer0_callback)
    uart_check_tx_free                       0x1000782d   Thumb Code    62  uart.o(i.uart_check_tx_free)
    uart_init                                0x100078b9   Thumb Code   146  uart.o(i.uart_init)
    uart_read                                0x10007965   Thumb Code    58  uart.o(i.uart_read)
    usr_init                                 0x10007a93   Thumb Code     2  usr_design.o(i.usr_init)
    usr_sleep                                0x10007a95   Thumb Code    86  sleep.o(i.usr_sleep)
    usr_sleep_restore                        0x10007af5   Thumb Code     2  usr_design.o(i.usr_sleep_restore)
    wakeup_by_sleep_timer                    0x10007af9   Thumb Code   104  sleep.o(i.wakeup_by_sleep_timer)
    app_default_state                        0x10007b68   Data         416  app_task.o(.constdata)
    app_state_handler                        0x10007d08   Data          40  app_task.o(.constdata)
    app_default_handler                      0x10007d30   Data           8  app_task.o(.constdata)
    uart_divider                             0x10007d38   Data          51  uart.o(.constdata)
    __ctype_table                            0x10007d94   Data         129  ctype_o.o(.constdata)
    Region$$Table$$Base                      0x100080d8   Number         0  anon$$obj.o(Region$$Table)
    Region$$Table$$Limit                     0x100080e8   Number         0  anon$$obj.o(Region$$Table)
    clock_past                               0x100080e8   Data           4  app_main.o(.data)
    clock_total                              0x100080ec   Data           4  app_main.o(.data)
    app_state                                0x100080f0   Data           2  app_task.o(.data)
    sleep_env                                0x100080f8   Data          20  sleep.o(.data)
    PGCR1_restore                            0x1000810c   Data           4  sleep.o(.data)
    low_power_mode_en                        0x10008110   Data           1  sleep.o(.data)
    g_SystemClock                            0x10008114   Data           4  syscon.o(.data)
    g_AhbClock                               0x10008118   Data           4  syscon.o(.data)
    g_ApbClock                               0x1000811c   Data           4  syscon.o(.data)
    timer1_env                               0x10008120   Data           8  timer.o(.data)
    timer2_env                               0x10008128   Data           8  timer.o(.data)
    timer3_env                               0x10008130   Data           8  timer.o(.data)
    __stdout                                 0x1000813c   Data           4  retarget.o(.data)
    __stdin                                  0x10008140   Data           4  retarget.o(.data)
    ke_evt_hdlr                              0x10008148   Data           4  lib.o(.data)
    ke_env                                   0x1000814c   Data           4  lib.o(.data)
    rwble_env                                0x10008150   Data           4  lib.o(.data)
    LLM_AA_CT2                               0x10008154   Data           4  lib.o(.data)
    LLM_AA_CT1                               0x10008158   Data           4  lib.o(.data)
    app_env                                  0x10008cb8   Data        1088  app_env.o(.bss)
    app_uart_env                             0x100090f8   Data          17  app_sys.o(.bss)
    gatt_idle_new                            0x100096f4   Data         256  lib.o(.bss)
    __initial_sp                             0x10009bd0   Data           0  startup.o(STACK)



==============================================================================

Memory Map of the image

  Image Entry point : 0x100000c1

  Load Region LR_ROM1 (Base: 0x10000000, Size: 0x00008194, Max: 0x0000cdb0, ABSOLUTE)

    Execution Region APP_CODE (Base: 0x10000000, Size: 0x00009bd0, Max: 0x0000cdb0, ABSOLUTE)

    Base Addr    Size         Type   Attr      Idx    E Section Name        Object

    0x10000000   0x000000c0   Data   RO            3    RESET               startup.o
    0x100000c0   0x00000000   Code   RO         2939  * .ARM.Collect$$$$00000000  mc_p.l(entry.o)
    0x100000c0   0x00000004   Code   RO         3240    .ARM.Collect$$$$00000001  mc_p.l(entry2.o)
    0x100000c4   0x00000004   Code   RO         3243    .ARM.Collect$$$$00000004  mc_p.l(entry5.o)
    0x100000c8   0x00000000   Code   RO         3245    .ARM.Collect$$$$00000008  mc_p.l(entry7b.o)
    0x100000c8   0x00000000   Code   RO         3247    .ARM.Collect$$$$0000000A  mc_p.l(entry8b.o)
    0x100000c8   0x00000008   Code   RO         3248    .ARM.Collect$$$$0000000B  mc_p.l(entry9a.o)
    0x100000d0   0x00000000   Code   RO         3250    .ARM.Collect$$$$0000000D  mc_p.l(entry10a.o)
    0x100000d0   0x00000000   Code   RO         3252    .ARM.Collect$$$$0000000F  mc_p.l(entry11a.o)
    0x100000d0   0x00000004   Code   RO         3241    .ARM.Collect$$$$00002712  mc_p.l(entry2.o)
    0x100000d4   0x00000030   Code   RO            4    .text               startup.o
    0x10000104   0x000001ae   Code   RO         2937    .text               qn9020b2_lib_allroles.lib(math.o)
    0x100002b2   0x0000002c   Code   RO         2942    .text               mc_p.l(uidiv.o)
    0x100002de   0x00000026   Code   RO         2946    .text               mc_p.l(llsshr.o)
    0x10000304   0x00000024   Code   RO         2948    .text               mc_p.l(rand.o)
    0x10000328   0x00000024   Code   RO         2951    .text               mc_p.l(memcpya.o)
    0x1000034c   0x00000024   Code   RO         2953    .text               mc_p.l(memseta.o)
    0x10000370   0x0000001a   Code   RO         2955    .text               mc_p.l(memcmp.o)
    0x1000038a   0x0000001a   Code   RO         3220    .text               mc_p.l(atoi.o)
    0x100003a4   0x000000b2   Code   RO         3222    .text               mf_p.l(fadd.o)
    0x10000456   0x00000002   PAD
    0x10000458   0x00000164   Code   RO         3224    .text               mf_p.l(dadd.o)
    0x100005bc   0x000000d0   Code   RO         3226    .text               mf_p.l(dmul.o)
    0x1000068c   0x0000000e   Code   RO         3228    .text               mf_p.l(ffltui.o)
    0x1000069a   0x00000002   PAD
    0x1000069c   0x00000028   Code   RO         3230    .text               mf_p.l(dflti.o)
    0x100006c4   0x0000001c   Code   RO         3232    .text               mf_p.l(dfltui.o)
    0x100006e0   0x00000048   Code   RO         3234    .text               mf_p.l(dfixi.o)
    0x10000728   0x00000028   Code   RO         3236    .text               mf_p.l(f2d.o)
    0x10000750   0x00000028   Code   RO         3238    .text               mf_p.l(cdcmple.o)
    0x10000778   0x00000020   Code   RO         3254    .text               mc_p.l(llshl.o)
    0x10000798   0x00000022   Code   RO         3256    .text               mc_p.l(llushr.o)
    0x100007ba   0x00000002   PAD
    0x100007bc   0x00000070   Code   RO         3265    .text               mc_p.l(strtol.o)
    0x1000082c   0x00000000   Code   RO         3267    .text               mc_p.l(iusefp.o)
    0x1000082c   0x00000082   Code   RO         3268    .text               mf_p.l(fepilogue.o)
    0x100008ae   0x000000be   Code   RO         3270    .text               mf_p.l(depilogue.o)
    0x1000096c   0x000000f0   Code   RO         3274    .text               mf_p.l(ddiv.o)
    0x10000a5c   0x00000040   Code   RO         3276    .text               mf_p.l(dfixul.o)
    0x10000a9c   0x00000028   Code   RO         3278    .text               mf_p.l(cdrcmple.o)
    0x10000ac4   0x00000024   Code   RO         3280    .text               mc_p.l(init.o)
    0x10000ae8   0x00000008   Code   RO         3282    .text               mc_p.l(ctype_o.o)
    0x10000af0   0x000000a6   Code   RO         3310    .text               mc_p.l(_strtoul.o)
    0x10000b96   0x0000001e   Code   RO         3312    .text               mc_p.l(_chval.o)
    0x10000bb4   0x000000ac   Code   RO         2788    i.BLE_IRQHandler    qn9020b2_lib_allroles.lib(lib.o)
    0x10000c60   0x0000004c   Code   RO         2592    i.DMA_IRQHandler    dma.o
    0x10000cac   0x00000040   Code   RO         2122    i.GPIO_IRQHandler   gpio.o
    0x10000cec   0x00000014   Code   RO         1953    i.NVIC_EnableIRQ    uart.o
    0x10000d00   0x00000018   Code   RO         2264    i.OSC_EN_IRQHandler  sleep.o
    0x10000d18   0x00000034   Code   RO          297    i.SystemIOCfg       system.o
    0x10000d4c   0x000001cc   Code   RO          298    i.SystemInit        system.o
    0x10000f18   0x0000005c   Code   RO         2463    i.TIMER1_IRQHandler  timer.o
    0x10000f74   0x0000005c   Code   RO         2464    i.TIMER2_IRQHandler  timer.o
    0x10000fd0   0x0000005c   Code   RO         2465    i.TIMER3_IRQHandler  timer.o
    0x1000102c   0x000000ac   Code   RO         1954    i.UART0_RX_IRQHandler  uart.o
    0x100010d8   0x00000064   Code   RO         1955    i.UART0_TX_IRQHandler  uart.o
    0x1000113c   0x00000034   Code   RO         1957    i.UartPutc          uart.o
    0x10001170   0x00000020   Code   RO         3192    i.__0printf         mc_p.l(printfa.o)
    0x10001190   0x0000002e   Code   RO         3272    i.__ARM_clz         mf_p.l(depilogue.o)
    0x100011be   0x0000001c   Code   RO          794    i.__ARM_common_switch8  app_menu.o
    0x100011da   0x00000002   PAD
    0x100011dc   0x00000008   Code   RO         3258    i.__aeabi_errno_addr  mc_p.l(errno.o)
    0x100011e4   0x00000034   Code   RO         2790    i.__nvds_get        qn9020b2_lib_allroles.lib(lib.o)
    0x10001218   0x000000e0   Code   RO         2793    i.__nvds_wrtie      qn9020b2_lib_allroles.lib(lib.o)
    0x100012f8   0x0000000e   Code   RO         3316    i.__scatterload_copy  mc_p.l(handlers.o)
    0x10001306   0x00000002   Code   RO         3317    i.__scatterload_null  mc_p.l(handlers.o)
    0x10001308   0x0000000e   Code   RO         3318    i.__scatterload_zeroinit  mc_p.l(handlers.o)
    0x10001316   0x00000002   PAD
    0x10001318   0x00000158   Code   RO         3199    i._fp_digits        mc_p.l(printfa.o)
    0x10001470   0x000006ec   Code   RO         3200    i._printf_core      mc_p.l(printfa.o)
    0x10001b5c   0x00000020   Code   RO         3201    i._printf_post_padding  mc_p.l(printfa.o)
    0x10001b7c   0x0000002c   Code   RO         3202    i._printf_pre_padding  mc_p.l(printfa.o)
    0x10001ba8   0x00000038   Code   RO          917    i.app_add_bonded_dev  app_util.o
    0x10001be0   0x00000006   Code   RO          918    i.app_check_update_conn_param  app_util.o
    0x10001be6   0x00000002   PAD
    0x10001be8   0x00000070   Code   RO         1218    i.app_correct_rssi  app_gap_task.o
    0x10001c58   0x00000016   Code   RO         1219    i.app_device_setup  app_gap_task.o
    0x10001c6e   0x00000002   PAD
    0x10001c70   0x0000004c   Code   RO          571    i.app_env_init      app_env.o
    0x10001cbc   0x0000003c   Code   RO          919    i.app_find_bonded_dev  app_util.o
    0x10001cf8   0x00000058   Code   RO         1084    i.app_gap_bond_req  app_gap.o
    0x10001d50   0x00000088   Code   RO         1220    i.app_gap_bond_req_cmp_ind_handler  app_gap_task.o
    0x10001dd8   0x00000074   Code   RO         1221    i.app_gap_bond_req_ind_handler  app_gap_task.o
    0x10001e4c   0x00000044   Code   RO         1085    i.app_gap_bond_resp  app_gap.o
    0x10001e90   0x00000008   Code   RO         1222    i.app_gap_cancel_conn_req_cmp_evt_handler  app_gap_task.o
    0x10001e98   0x00000034   Code   RO         1086    i.app_gap_change_param_req  app_gap.o
    0x10001ecc   0x00000050   Code   RO         1223    i.app_gap_change_param_req_cmp_handler  app_gap_task.o
    0x10001f1c   0x0000002c   Code   RO         1087    i.app_gap_dev_inq_cancel_req  app_gap.o
    0x10001f48   0x0000004c   Code   RO         1224    i.app_gap_dev_inq_cmp_handler  app_gap_task.o
    0x10001f94   0x0000004c   Code   RO         1088    i.app_gap_dev_inq_req  app_gap.o
    0x10001fe0   0x00000198   Code   RO         1225    i.app_gap_dev_inq_result_handler  app_gap_task.o
    0x10002178   0x000000c0   Code   RO         1226    i.app_gap_discon_cmp_evt_handler  app_gap_task.o
    0x10002238   0x0000002c   Code   RO         1089    i.app_gap_discon_req  app_gap.o
    0x10002264   0x00000002   Code   RO          572    i.app_gap_init      app_env.o
    0x10002266   0x00000002   PAD
    0x10002268   0x0000005c   Code   RO         1091    i.app_gap_le_create_conn_req  app_gap.o
    0x100022c4   0x000000a8   Code   RO         1227    i.app_gap_le_create_conn_req_cmp_evt_handler  app_gap_task.o
    0x1000236c   0x00000094   Code   RO         1228    i.app_gap_name_req_cmp_handler  app_gap_task.o
    0x10002400   0x00000078   Code   RO         1229    i.app_gap_param_update_req_ind_handler  app_gap_task.o
    0x10002478   0x00000018   Code   RO         1093    i.app_gap_read_bdaddr_req  app_gap.o
    0x10002490   0x00000060   Code   RO         1230    i.app_gap_read_bdaddr_req_cmp_evt_handler  app_gap_task.o
    0x100024f0   0x00000018   Code   RO         1094    i.app_gap_read_ver_req  app_gap.o
    0x10002508   0x00000030   Code   RO         1231    i.app_gap_read_ver_req_cmp_evt_handler  app_gap_task.o
    0x10002538   0x0000001e   Code   RO         1232    i.app_gap_ready_evt_handler  app_gap_task.o
    0x10002556   0x00000016   Code   RO         1233    i.app_gap_reset_req_cmp_handler  app_gap_task.o
    0x1000256c   0x0000003c   Code   RO         1234    i.app_gap_scan_req_cmp_evt_handler  app_gap_task.o
    0x100025a8   0x00000028   Code   RO         1097    i.app_gap_set_bondable_mode_req  app_gap.o
    0x100025d0   0x00000038   Code   RO         1235    i.app_gap_set_devname_req_cmp_evt_handler  app_gap_task.o
    0x10002608   0x000000ac   Code   RO         1236    i.app_gap_set_mode_req_cmp_evt_handler  app_gap_task.o
    0x100026b4   0x0000006c   Code   RO         1237    i.app_gap_set_ph_privacy_req_cmp_handler  app_gap_task.o
    0x10002720   0x00000038   Code   RO         1238    i.app_gap_set_random_add_req_cmp_handler  app_gap_task.o
    0x10002758   0x00000074   Code   RO         1239    i.app_gap_set_recon_addr_req_cmp_handler  app_gap_task.o
    0x100027cc   0x0000002c   Code   RO         1102    i.app_gap_set_sec_req  app_gap.o
    0x100027f8   0x00000028   Code   RO         1240    i.app_gap_set_sec_req_cmp_evt_handler  app_gap_task.o
    0x10002820   0x00000038   Code   RO         1103    i.app_gap_unpair_req  app_gap.o
    0x10002858   0x00000034   Code   RO         1454    i.app_gatt_cancel_write_char_resp_handler  app_gatt_task.o
    0x1000288c   0x00000060   Code   RO         1455    i.app_gatt_cmp_evt_handler  app_gatt_task.o
    0x100028ec   0x00000064   Code   RO         1456    i.app_gatt_disc_char_all_128_cmp_evt_handler  app_gatt_task.o
    0x10002950   0x00000044   Code   RO         1457    i.app_gatt_disc_char_all_cmp_evt_handler  app_gatt_task.o
    0x10002994   0x00000064   Code   RO         1458    i.app_gatt_disc_char_by_uuid_128_cmp_evt_handler  app_gatt_task.o
    0x100029f8   0x00000044   Code   RO         1459    i.app_gatt_disc_char_by_uuid_cmp_evt_handler  app_gatt_task.o
    0x10002a3c   0x00000074   Code   RO         1460    i.app_gatt_disc_char_desc_128_cmp_evt_handler  app_gatt_task.o
    0x10002ab0   0x00000068   Code   RO         1461    i.app_gatt_disc_char_desc_cmp_evt_handler  app_gatt_task.o
    0x10002b18   0x00000034   Code   RO         1462    i.app_gatt_disc_cmp_evt_handler  app_gatt_task.o
    0x10002b4c   0x0000007c   Code   RO         1463    i.app_gatt_disc_svc_all_128_cmp_evt_handler  app_gatt_task.o
    0x10002bc8   0x000000f8   Code   RO         1464    i.app_gatt_disc_svc_all_cmp_evt_handler  app_gatt_task.o
    0x10002cc0   0x00000064   Code   RO         1465    i.app_gatt_disc_svc_by_uuid_cmp_evt_handler  app_gatt_task.o
    0x10002d24   0x000000d8   Code   RO         1466    i.app_gatt_disc_svc_incl_cmp_evt_handler  app_gatt_task.o
    0x10002dfc   0x00000038   Code   RO         1379    i.app_gatt_disc_svc_req  app_gatt.o
    0x10002e34   0x00000058   Code   RO         1467    i.app_gatt_handle_value_cfm_handler  app_gatt_task.o
    0x10002e8c   0x00000078   Code   RO         1468    i.app_gatt_handle_value_ind_handler  app_gatt_task.o
    0x10002f04   0x000001a0   Code   RO         1469    i.app_gatt_handle_value_notif_handler  app_gatt_task.o
    0x100030a4   0x00000044   Code   RO         1470    i.app_gatt_notify_cmp_evt_handler  app_gatt_task.o
    0x100030e8   0x00000080   Code   RO         1471    i.app_gatt_read_char_mult_resp_handler  app_gatt_task.o
    0x10003168   0x0000005c   Code   RO         1383    i.app_gatt_read_char_req  app_gatt.o
    0x100031c4   0x000000a0   Code   RO         1472    i.app_gatt_read_char_resp_handler  app_gatt_task.o
    0x10003264   0x0000002c   Code   RO         1241    i.app_gatt_resource_access_req_handler  app_gap_task.o
    0x10003290   0x00000070   Code   RO         1473    i.app_gatt_write_char_reliable_resp_handler  app_gatt_task.o
    0x10003300   0x0000004c   Code   RO         1385    i.app_gatt_write_char_req  app_gatt.o
    0x1000334c   0x0000005c   Code   RO         1474    i.app_gatt_write_char_resp_handler  app_gatt_task.o
    0x100033a8   0x00000048   Code   RO          920    i.app_get_bd_addr_by_conhdl  app_util.o
    0x100033f0   0x00000034   Code   RO          921    i.app_get_bd_addr_by_idx  app_util.o
    0x10003424   0x0000000c   Code   RO          922    i.app_get_bond_nb   app_util.o
    0x10003430   0x00000030   Code   RO          923    i.app_get_bond_status  app_util.o
    0x10003460   0x00000028   Code   RO          927    i.app_get_conhdl_by_idx  app_util.o
    0x10003488   0x0000000c   Code   RO          928    i.app_get_link_nb   app_util.o
    0x10003494   0x00000020   Code   RO          929    i.app_get_link_status_by_idx  app_util.o
    0x100034b4   0x00000038   Code   RO          930    i.app_get_lk_sec_status  app_util.o
    0x100034ec   0x0000002c   Code   RO          932    i.app_get_rec_idx_by_conhdl  app_util.o
    0x10003518   0x0000000c   Code   RO          934    i.app_get_role      app_util.o
    0x10003524   0x00000048   Code   RO          935    i.app_i_to_array    app_util.o
    0x1000356c   0x0000001c   Code   RO          573    i.app_init          app_env.o
    0x10003588   0x0000001c   Code   RO          936    i.app_init_local_smp_key  app_util.o
    0x100035a4   0x000001bc   Code   RO          612    i.app_menu_cb       app_menu.o
    0x10003760   0x00000084   Code   RO          613    i.app_menu_handler_gap  app_menu.o
    0x100037e4   0x00000254   Code   RO          614    i.app_menu_handler_gap_dev_select  app_menu.o
    0x10003a38   0x00000050   Code   RO          615    i.app_menu_handler_gatt  app_menu.o
    0x10003a88   0x0000005c   Code   RO          616    i.app_menu_handler_gatt_ext  app_menu.o
    0x10003ae4   0x000000b4   Code   RO          617    i.app_menu_handler_gatt_ext_evt_notif  app_menu.o
    0x10003b98   0x00000030   Code   RO          618    i.app_menu_handler_gatt_ext_read  app_menu.o
    0x10003bc8   0x00000030   Code   RO          619    i.app_menu_handler_gatt_ext_write_cmd  app_menu.o
    0x10003bf8   0x00000074   Code   RO          620    i.app_menu_handler_gatt_ext_write_req  app_menu.o
    0x10003c6c   0x0000004c   Code   RO          621    i.app_menu_handler_main  app_menu.o
    0x10003cb8   0x00000040   Code   RO          622    i.app_menu_handler_smp  app_menu.o
    0x10003cf8   0x00000058   Code   RO          623    i.app_menu_handler_smp_iocap_set  app_menu.o
    0x10003d50   0x00000060   Code   RO          624    i.app_menu_handler_smp_sec_lvl_set  app_menu.o
    0x10003db0   0x00000054   Code   RO          625    i.app_menu_handler_smp_tk_input  app_menu.o
    0x10003e04   0x00000084   Code   RO          626    i.app_menu_hdl      app_menu.o
    0x10003e88   0x00000098   Code   RO          627    i.app_menu_show     app_menu.o
    0x10003f20   0x00000100   Code   RO          628    i.app_menu_show_gap  app_menu.o
    0x10004020   0x0000014c   Code   RO          629    i.app_menu_show_gap_bond_record  app_menu.o
    0x1000416c   0x0000015c   Code   RO          630    i.app_menu_show_gap_dev_record  app_menu.o
    0x100042c8   0x0000011c   Code   RO          631    i.app_menu_show_gap_inq_record  app_menu.o
    0x100043e4   0x000000c4   Code   RO          632    i.app_menu_show_gatt  app_menu.o
    0x100044a8   0x000000f8   Code   RO          633    i.app_menu_show_gatt_disp_all_svc  app_menu.o
    0x100045a0   0x000000f0   Code   RO          634    i.app_menu_show_gatt_ext  app_menu.o
    0x10004690   0x000000f8   Code   RO          635    i.app_menu_show_gatt_ext_evt_notif  app_menu.o
    0x10004788   0x00000074   Code   RO          636    i.app_menu_show_gatt_ext_read  app_menu.o
    0x100047fc   0x00000080   Code   RO          637    i.app_menu_show_gatt_ext_write_cmd  app_menu.o
    0x1000487c   0x000000ac   Code   RO          638    i.app_menu_show_gatt_ext_write_req  app_menu.o
    0x10004928   0x00000028   Code   RO          639    i.app_menu_show_line  app_menu.o
    0x10004950   0x000000ac   Code   RO          640    i.app_menu_show_main  app_menu.o
    0x100049fc   0x00000168   Code   RO          641    i.app_menu_show_smp  app_menu.o
    0x10004b64   0x000000c8   Code   RO          642    i.app_menu_show_smp_iocap_set  app_menu.o
    0x10004c2c   0x00000088   Code   RO          643    i.app_menu_show_smp_sec_lvl_set  app_menu.o
    0x10004cb4   0x00000028   Code   RO          644    i.app_menu_show_smp_tk_input  app_menu.o
    0x10004cdc   0x00000030   Code   RO          645    i.app_menu_show_start  app_menu.o
    0x10004d0c   0x0000009c   Code   RO          937    i.app_parser_adv_data  app_util.o
    0x10004da8   0x00000010   Code   RO          938    i.app_set_client_service_status  app_util.o
    0x10004db8   0x000000b0   Code   RO          939    i.app_set_link_status_by_conhdl  app_util.o
    0x10004e68   0x0000000c   Code   RO          941    i.app_set_role      app_util.o
    0x10004e74   0x00000144   Code   RO          574    i.app_smp_init      app_env.o
    0x10004fb8   0x00000048   Code   RO         1645    i.app_smpc_chk_bd_addr_req_ind_handler  app_smp_task.o
    0x10005000   0x00000040   Code   RO         1595    i.app_smpc_chk_bd_addr_req_rsp  app_smp.o
    0x10005040   0x00000104   Code   RO         1646    i.app_smpc_irk_req_ind_handler  app_smp_task.o
    0x10005144   0x0000004c   Code   RO         1596    i.app_smpc_irk_req_rsp  app_smp.o
    0x10005190   0x000000dc   Code   RO         1647    i.app_smpc_key_ind_handler  app_smp_task.o
    0x1000526c   0x0000011c   Code   RO         1648    i.app_smpc_ltk_req_ind_handler  app_smp_task.o
    0x10005388   0x00000054   Code   RO         1597    i.app_smpc_ltk_req_rsp  app_smp.o
    0x100053dc   0x00000030   Code   RO         1649    i.app_smpc_sec_started_ind_handler  app_smp_task.o
    0x1000540c   0x0000004c   Code   RO         1650    i.app_smpc_timeout_evt_handler  app_smp_task.o
    0x10005458   0x000000a0   Code   RO         1651    i.app_smpc_tk_req_ind_handler  app_smp_task.o
    0x100054f8   0x0000003c   Code   RO         1599    i.app_smpc_tk_req_rsp  app_smp.o
    0x10005534   0x00000038   Code   RO         1652    i.app_smpm_set_key_cfm_handler  app_smp_task.o
    0x1000556c   0x00000034   Code   RO         1600    i.app_smpm_set_key_req  app_smp.o
    0x100055a0   0x00000002   Code   RO          422    i.app_task_msg_hdl  usr_design.o
    0x100055a2   0x00000002   PAD
    0x100055a4   0x00000044   Code   RO          885    i.app_uart_data_ind_handler  app_task.o
    0x100055e8   0x00000024   Code   RO          857    i.app_uart_init     app_sys.o
    0x1000560c   0x00000090   Code   RO          858    i.app_uart_rx_done  app_sys.o
    0x1000569c   0x00000028   Code   RO         2794    i.attc_rd_blob_req_handler_patch  qn9020b2_lib_allroles.lib(lib.o)
    0x100056c4   0x0000004c   Code   RO         2795    i.atts_req_error_ind_handler_patch  qn9020b2_lib_allroles.lib(lib.o)
    0x10005710   0x000001fc   Code   RO         2799    i.ble_init          qn9020b2_lib_allroles.lib(lib.o)
    0x1000590c   0x00000030   Code   RO         2800    i.ble_sleep         qn9020b2_lib_allroles.lib(lib.o)
    0x1000593c   0x0000000c   Code   RO         2801    i.cal_cal_SetCAL0WithMask  qn9020b2_lib_allroles.lib(lib.o)
    0x10005948   0x0000000c   Code   RO         2802    i.cal_cal_SetCAL1WithMask  qn9020b2_lib_allroles.lib(lib.o)
    0x10005954   0x00000014   Code   RO         2803    i.check_ble_wakeup  qn9020b2_lib_allroles.lib(lib.o)
    0x10005968   0x00000010   Code   RO         2804    i.co_buf_rx_get     qn9020b2_lib_allroles.lib(lib.o)
    0x10005978   0x00000064   Code   RO         2805    i.config_work_mode  qn9020b2_lib_allroles.lib(lib.o)
    0x100059dc   0x0000003c   Code   RO         2806    i.dc_dc_enable      qn9020b2_lib_allroles.lib(lib.o)
    0x10005a18   0x0000002c   Code   RO         2807    i.default_enter_sleep_cb  qn9020b2_lib_allroles.lib(lib.o)
    0x10005a44   0x0000001c   Code   RO         2808    i.default_exit_sleep_cb  qn9020b2_lib_allroles.lib(lib.o)
    0x10005a60   0x00000010   Code   RO         2809    i.delay             qn9020b2_lib_allroles.lib(lib.o)
    0x10005a70   0x00000010   Code   RO         2593    i.dev_allow_sleep   dma.o
    0x10005a80   0x00000004   Code   RO         2597    i.dma_dma_ClrIntStatus  dma.o
    0x10005a84   0x00000014   Code   RO         2810    i.dp_dp_SetRegWithMask  qn9020b2_lib_allroles.lib(lib.o)
    0x10005a98   0x000000f8   Code   RO         2266    i.enter_sleep       sleep.o
    0x10005b90   0x0000009c   Code   RO         2811    i.flash_on          qn9020b2_lib_allroles.lib(lib.o)
    0x10005c2c   0x00000002   Code   RO         2812    i.foo1              qn9020b2_lib_allroles.lib(lib.o)
    0x10005c2e   0x0000000e   Code   RO         2738    i.fputc             retarget.o
    0x10005c3c   0x0000009c   Code   RO         2813    i.fw_ble_sleep      qn9020b2_lib_allroles.lib(lib.o)
    0x10005cd8   0x0000006c   Code   RO         2814    i.gap_discon_ind_handler_patch  qn9020b2_lib_allroles.lib(lib.o)
    0x10005d44   0x00000060   Code   RO         2815    i.gap_set_mode_req_handler_patch  qn9020b2_lib_allroles.lib(lib.o)
    0x10005da4   0x00000048   Code   RO         2816    i.gatt_read_char_req_handler_patch  qn9020b2_lib_allroles.lib(lib.o)
    0x10005dec   0x000000fc   Code   RO         2817    i.gatt_write_char_req_handler_patch  qn9020b2_lib_allroles.lib(lib.o)
    0x10005ee8   0x00000004   Code   RO         2126    i.gpio_gpio_ClrOutEnable  gpio.o
    0x10005eec   0x00000004   Code   RO         2129    i.gpio_gpio_SetOutEnable  gpio.o
    0x10005ef0   0x00000008   Code   RO         2130    i.gpio_gpio_SetOutputData  gpio.o
    0x10005ef8   0x0000002c   Code   RO         2131    i.gpio_init         gpio.o
    0x10005f24   0x00000012   Code   RO         2134    i.gpio_read_pin_field  gpio.o
    0x10005f36   0x00000028   Code   RO         2136    i.gpio_set_direction_field  gpio.o
    0x10005f5e   0x00000026   Code   RO         2138    i.gpio_sleep_allowed  gpio.o
    0x10005f84   0x0000002e   Code   RO         2141    i.gpio_write_pin    gpio.o
    0x10005fb2   0x00000002   PAD
    0x10005fb4   0x00000014   Code   RO         2818    i.is_flash_off      qn9020b2_lib_allroles.lib(lib.o)
    0x10005fc8   0x0000004c   Code   RO         2819    i.ke_schedule       qn9020b2_lib_allroles.lib(lib.o)
    0x10006014   0x00000028   Code   RO         2820    i.ke_time           qn9020b2_lib_allroles.lib(lib.o)
    0x1000603c   0x00000018   Code   RO         2821    i.ke_timer_empty    qn9020b2_lib_allroles.lib(lib.o)
    0x10006054   0x0000005c   Code   RO         2822    i.l2cc_data_packet_ind_handler_patch  qn9020b2_lib_allroles.lib(lib.o)
    0x100060b0   0x00000050   Code   RO         2823    i.l2cc_data_send_rsp_handler_patch  qn9020b2_lib_allroles.lib(lib.o)
    0x10006100   0x00000040   Code   RO         2699    i.led_init          led.o
    0x10006140   0x00000038   Code   RO         2701    i.led_set           led.o
    0x10006178   0x00000080   Code   RO         2824    i.llc_disc_evt_complete_handler_patch  qn9020b2_lib_allroles.lib(lib.o)
    0x100061f8   0x00000138   Code   RO         2825    i.llc_le_con_update_cmd_handler_new  qn9020b2_lib_allroles.lib(lib.o)
    0x10006330   0x00000120   Code   RO         2826    i.lld_con_start     qn9020b2_lib_allroles.lib(lib.o)
    0x10006450   0x000000b0   Code   RO         2827    i.lld_evt_periodic_alloc  qn9020b2_lib_allroles.lib(lib.o)
    0x10006500   0x0000001c   Code   RO         2828    i.lld_evt_scan_create  qn9020b2_lib_allroles.lib(lib.o)
    0x1000651c   0x0000003c   Code   RO         2829    i.lld_sleep_lpcycles_2_us  qn9020b2_lib_allroles.lib(lib.o)
    0x10006558   0x00000128   Code   RO         2830    i.llm_create_con    qn9020b2_lib_allroles.lib(lib.o)
    0x10006680   0x00000094   Code   RO         2831    i.llm_create_con_cmd_complete_handler_patch  qn9020b2_lib_allroles.lib(lib.o)
    0x10006714   0x00000038   Code   RO         2832    i.llm_le_create_con_cmd_handler_new  qn9020b2_lib_allroles.lib(lib.o)
    0x1000674c   0x00000020   Code   RO         2833    i.llm_le_create_con_stat_evt_handler_patch  qn9020b2_lib_allroles.lib(lib.o)
    0x1000676c   0x0000006c   Code   RO         2834    i.llm_util_aa_gen   qn9020b2_lib_allroles.lib(lib.o)
    0x100067d8   0x00000148   Code   RO           15    i.main              app_main.o
    0x10006920   0x00000040   Code   RO         2835    i.nvds_copy         qn9020b2_lib_allroles.lib(lib.o)
    0x10006960   0x0000002c   Code   RO         2836    i.nvds_erase        qn9020b2_lib_allroles.lib(lib.o)
    0x1000698c   0x00000094   Code   RO         2838    i.nvds_read         qn9020b2_lib_allroles.lib(lib.o)
    0x10006a20   0x00000070   Code   RO         2839    i.nvds_restore_backup  qn9020b2_lib_allroles.lib(lib.o)
    0x10006a90   0x0000004e   Code   RO         2840    i.nvds_write        qn9020b2_lib_allroles.lib(lib.o)
    0x10006ade   0x00000002   PAD
    0x10006ae0   0x00000314   Code   RO         2842    i.plf_init          qn9020b2_lib_allroles.lib(lib.o)
    0x10006df4   0x00000010   Code   RO         2843    i.plf_reset_cb      qn9020b2_lib_allroles.lib(lib.o)
    0x10006e04   0x00000150   Code   RO         2844    i.powerup_calibration  qn9020b2_lib_allroles.lib(lib.o)
    0x10006f54   0x00000002   Code   RO         1754    i.prf_dispatch_disconnect  prf_utils.o
    0x10006f56   0x00000002   Code   RO         1757    i.prf_init          prf_utils.o
    0x10006f58   0x00000020   Code   RO           16    i.prf_register      app_main.o
    0x10006f78   0x00000054   Code   RO         2847    i.restore_ble_setting  qn9020b2_lib_allroles.lib(lib.o)
    0x10006fcc   0x00000024   Code   RO         2848    i.rwble_slot_2_lpcycles  qn9020b2_lib_allroles.lib(lib.o)
    0x10006ff0   0x00000030   Code   RO         2849    i.sector_erase_flash_patch  qn9020b2_lib_allroles.lib(lib.o)
    0x10007020   0x00000010   Code   RO         2851    i.set_dbg_info      qn9020b2_lib_allroles.lib(lib.o)
    0x10007030   0x00000018   Code   RO         2268    i.sleep_cb          sleep.o
    0x10007048   0x00000034   Code   RO         2269    i.sleep_init        sleep.o
    0x1000707c   0x0000005a   Code   RO         2852    i.sleep_post_process  qn9020b2_lib_allroles.lib(lib.o)
    0x100070d6   0x00000002   PAD
    0x100070d8   0x00000058   Code   RO         2853    i.smp_rtx_ind_handler_patch  qn9020b2_lib_allroles.lib(lib.o)
    0x10007130   0x0000003c   Code   RO          299    i.spi_clock_off     system.o
    0x1000716c   0x00000016   Code   RO          300    i.syscon_SetCMDCRWithMask  system.o
    0x10007182   0x00000016   Code   RO         2270    i.syscon_SetCMDCRWithMask  sleep.o
    0x10007198   0x00000016   Code   RO         2369    i.syscon_SetCMDCRWithMask  syscon.o
    0x100071ae   0x00000004   Code   RO          301    i.syscon_SetCRSC    system.o
    0x100071b2   0x00000004   Code   RO         1958    i.syscon_SetCRSC    uart.o
    0x100071b6   0x00000004   Code   RO          302    i.syscon_SetCRSS    system.o
    0x100071ba   0x0000001a   Code   RO         2271    i.syscon_SetIvrefX32WithMask  sleep.o
    0x100071d4   0x0000000e   Code   RO         2854    i.syscon_SetIvrefX32WithMask  qn9020b2_lib_allroles.lib(lib.o)
    0x100071e2   0x0000001a   Code   RO         2272    i.syscon_SetPGCR0WithMask  sleep.o
    0x100071fc   0x0000001a   Code   RO          303    i.syscon_SetPGCR1WithMask  system.o
    0x10007216   0x0000001a   Code   RO         2273    i.syscon_SetPGCR1WithMask  sleep.o
    0x10007230   0x0000001a   Code   RO         2370    i.syscon_SetPGCR1WithMask  syscon.o
    0x1000724a   0x0000000e   Code   RO         2855    i.syscon_SetPGCR1WithMask  qn9020b2_lib_allroles.lib(lib.o)
    0x10007258   0x0000001a   Code   RO         2274    i.syscon_SetPGCR2WithMask  sleep.o
    0x10007272   0x0000000e   Code   RO         2856    i.syscon_SetPGCR2WithMask  qn9020b2_lib_allroles.lib(lib.o)
    0x10007280   0x0000000e   Code   RO         2857    i.syscon_SetXtalBuckWithMask  qn9020b2_lib_allroles.lib(lib.o)
    0x1000728e   0x00000002   PAD
    0x10007290   0x0000004c   Code   RO         2375    i.syscon_set_ahb_clk  syscon.o
    0x100072dc   0x00000048   Code   RO         2376    i.syscon_set_apb_clk  syscon.o
    0x10007324   0x0000004c   Code   RO         2377    i.syscon_set_ble_clk  syscon.o
    0x10007370   0x000000e8   Code   RO         2378    i.syscon_set_sysclk_src  syscon.o
    0x10007458   0x00000038   Code   RO         2379    i.syscon_set_timer_clk  syscon.o
    0x10007490   0x00000084   Code   RO         2380    i.syscon_set_usart_clk  syscon.o
    0x10007514   0x0000003c   Code   RO          886    i.task_app_desc_register  app_task.o
    0x10007550   0x00000160   Code   RO         2858    i.task_gap_desc_register  qn9020b2_lib_allroles.lib(lib.o)
    0x100076b0   0x000000cc   Code   RO         2859    i.task_gatt_desc_register  qn9020b2_lib_allroles.lib(lib.o)
    0x1000777c   0x00000064   Code   RO           17    i.timer0_callback   app_main.o
    0x100077e0   0x00000040   Code   RO          304    i.timer_clock_off   system.o
    0x10007820   0x00000004   Code   RO         2474    i.timer_timer_ClrIntFlag  timer.o
    0x10007824   0x00000006   Code   RO         2475    i.timer_timer_GetIntFlag  timer.o
    0x1000782a   0x00000002   PAD
    0x1000782c   0x00000050   Code   RO         1961    i.uart_check_tx_free  uart.o
    0x1000787c   0x0000003c   Code   RO          305    i.uart_clock_off    system.o
    0x100078b8   0x000000ac   Code   RO         1966    i.uart_init         uart.o
    0x10007964   0x0000004c   Code   RO         1968    i.uart_read         uart.o
    0x100079b0   0x00000042   Code   RO         1969    i.uart_receive_data  uart.o
    0x100079f2   0x00000016   Code   RO         1970    i.uart_rx_int_enable  uart.o
    0x10007a08   0x00000050   Code   RO         1972    i.uart_tx_int_enable  uart.o
    0x10007a58   0x00000004   Code   RO         1973    i.uart_uart_ClrIntFlag  uart.o
    0x10007a5c   0x00000006   Code   RO         1974    i.uart_uart_GetIntFlag  uart.o
    0x10007a62   0x00000016   Code   RO          306    i.uart_uart_SetCRWithMask  system.o
    0x10007a78   0x00000016   Code   RO         1975    i.uart_uart_SetCRWithMask  uart.o
    0x10007a8e   0x00000004   Code   RO         1976    i.uart_uart_SetTXD  uart.o
    0x10007a92   0x00000002   Code   RO          423    i.usr_init          usr_design.o
    0x10007a94   0x00000060   Code   RO         2275    i.usr_sleep         sleep.o
    0x10007af4   0x00000002   Code   RO          424    i.usr_sleep_restore  usr_design.o
    0x10007af6   0x00000002   PAD
    0x10007af8   0x00000070   Code   RO         2277    i.wakeup_by_sleep_timer  sleep.o
    0x10007b68   0x000001d0   Data   RO          887    .constdata          app_task.o
    0x10007d38   0x00000033   Data   RO         1979    .constdata          uart.o
    0x10007d6b   0x00000001   PAD
    0x10007d6c   0x00000028   Data   RO         2861    .constdata          qn9020b2_lib_allroles.lib(lib.o)
    0x10007d94   0x00000081   Data   RO         3283    .constdata          mc_p.l(ctype_o.o)
    0x10007e15   0x00000003   PAD
    0x10007e18   0x00000004   Data   RO         3284    .constdata          mc_p.l(ctype_o.o)
    0x10007e1c   0x0000011a   Data   RO         1242    .conststring        app_gap_task.o
    0x10007f36   0x00000002   PAD
    0x10007f38   0x000000ee   Data   RO         1475    .conststring        app_gatt_task.o
    0x10008026   0x00000002   PAD
    0x10008028   0x000000ad   Data   RO         1653    .conststring        app_smp_task.o
    0x100080d5   0x00000003   PAD
    0x100080d8   0x00000010   Data   RO         3314    Region$$Table       anon$$obj.o
    0x100080e8   0x00000008   Data   RW           19    .data               app_main.o
    0x100080f0   0x00000002   Data   RW          888    .data               app_task.o
    0x100080f2   0x00000002   PAD
    0x100080f4   0x00000004   Data   RW         2143    .data               gpio.o
    0x100080f8   0x00000019   Data   RW         2278    .data               sleep.o
    0x10008111   0x00000003   PAD
    0x10008114   0x0000000c   Data   RW         2381    .data               syscon.o
    0x10008120   0x00000018   Data   RW         2479    .data               timer.o
    0x10008138   0x00000004   Data   RW         2608    .data               dma.o
    0x1000813c   0x00000008   Data   RW         2739    .data               retarget.o
    0x10008144   0x00000048   Data   RW         2862    .data               qn9020b2_lib_allroles.lib(lib.o)
    0x1000818c   0x00000004   Data   RW         2949    .data               mc_p.l(rand.o)
    0x10008190   0x00000004   Data   RW         3261    .data               mc_p.l(errno.o)
    0x10008194   0x00000b24   Zero   RW           18    .bss                app_main.o
    0x10008cb8   0x00000440   Zero   RW          575    .bss                app_env.o
    0x100090f8   0x00000011   Zero   RW          859    .bss                app_sys.o
    0x10009109   0x00000003   PAD
    0x1000910c   0x00000030   Zero   RW         1978    .bss                uart.o
    0x1000913c   0x00000890   Zero   RW         2860    .bss                qn9020b2_lib_allroles.lib(lib.o)
    0x100099cc   0x00000004   PAD
    0x100099d0   0x00000200   Zero   RW            1    STACK               startup.o


==============================================================================

Image component sizes


      Code (inc. data)   RO Data    RW Data    ZI Data      Debug   Object Name

       430         78          0          0       1088       4209   app_env.o
       652        124          0          0          0       7567   app_gap.o
      2434        834        282          0          0      17921   app_gap_task.o
       224         26          0          0          0       3443   app_gatt.o
      2628       1210        238          0          0      16978   app_gatt_task.o
       460         74          0          8       2852      90469   app_main.o
      6020       2824          0          0          0      17729   app_menu.o
       336         48          0          0          0       3774   app_smp.o
      1176        240        173          0          0       6551   app_smp_task.o
       180         32          0          0         17       1547   app_sys.o
       128         26        464          2          0       1965   app_task.o
       962         92          0          0          0      11499   app_util.o
        96         14          0          4          0      15661   dma.o
       266         14          0          4          0      21281   gpio.o
       120          8          0          0          0       1037   led.o
         4          0          0          0          0       1045   prf_utils.o
        14          0          0          8          0       2394   retarget.o
       682         64          0         25          0      23946   sleep.o
        48         14        192          0        512        840   startup.o
       692         80          0         12          0      20259   syscon.o
       774         90          0          0          0      35088   system.o
       286         24          0         24          0      18139   timer.o
       880         98         51          0         48      33087   uart.o
         6          0          0          0          0       1326   usr_design.o

    ----------------------------------------------------------------------
     19514       6014       1424         92       4520     357755   Object Totals
         0          0         16          0          0          0   (incl. Generated)
        16          0          8          5          3          0   (incl. Padding)

    ----------------------------------------------------------------------

      Code (inc. data)   RO Data    RW Data    ZI Data      Debug   Library Member Name

        30          0          0          0          0         60   _chval.o
       166          0          0          0          0         84   _strtoul.o
        26          0          0          0          0         72   atoi.o
         8          4        133          0          0         60   ctype_o.o
         0          0          0          0          0          0   entry.o
         0          0          0          0          0          0   entry10a.o
         0          0          0          0          0          0   entry11a.o
         8          4          0          0          0          0   entry2.o
         4          0          0          0          0          0   entry5.o
         0          0          0          0          0          0   entry7b.o
         0          0          0          0          0          0   entry8b.o
         8          4          0          0          0          0   entry9a.o
         8          4          0          4          0         60   errno.o
        30          0          0          0          0          0   handlers.o
        36          8          0          0          0         68   init.o
         0          0          0          0          0          0   iusefp.o
        32          0          0          0          0         68   llshl.o
        38          0          0          0          0         68   llsshr.o
        34          0          0          0          0         68   llushr.o
        26          0          0          0          0         72   memcmp.o
        36          0          0          0          0         60   memcpya.o
        36          0          0          0          0        100   memseta.o
      2224         98          0          0          0        412   printfa.o
        36         12          0          4          0        120   rand.o
       112          4          0          0          0         76   strtol.o
        44          0          0          0          0         72   uidiv.o
        40          2          0          0          0         68   cdcmple.o
        40          2          0          0          0         68   cdrcmple.o
       356          4          0          0          0        140   dadd.o
       240          6          0          0          0         84   ddiv.o
       236          0          0          0          0        216   depilogue.o
        72         10          0          0          0         72   dfixi.o
        64         10          0          0          0         68   dfixul.o
        40          6          0          0          0         68   dflti.o
        28          4          0          0          0         68   dfltui.o
       208          6          0          0          0         88   dmul.o
        40          0          0          0          0         60   f2d.o
       178          0          0          0          0        108   fadd.o
       130          0          0          0          0        144   fepilogue.o
        14          0          0          0          0         68   ffltui.o
      6814       1136         40         72       2192       4376   lib.o
       430          0          0          0          0        116   math.o

    ----------------------------------------------------------------------
     11886       1324        176         80       2196       7332   Library Totals
        14          0          3          0          4          0   (incl. Padding)

    ----------------------------------------------------------------------

      Code (inc. data)   RO Data    RW Data    ZI Data      Debug   Library Name

      2942        138        133          8          0       1520   mc_p.l
      1686         50          0          0          0       1320   mf_p.l
      7244       1136         40         72       2192       4492   qn9020b2_lib_allroles.lib

    ----------------------------------------------------------------------
     11886       1324        176         80       2196       7332   Library Totals

    ----------------------------------------------------------------------

==============================================================================


      Code (inc. data)   RO Data    RW Data    ZI Data      Debug   

     31400       7338       1600        172       6716     352147   Grand Totals
     31400       7338       1600        172       6716     352147   ELF Image Totals
     31400       7338       1600        172          0          0   ROM Totals

==============================================================================

    Total RO  Size (Code + RO Data)                33000 (  32.23kB)
    Total RW  Size (RW Data + ZI Data)              6888 (   6.73kB)
    Total ROM Size (Code + RO Data + RW Data)      33172 (  32.39kB)

==============================================================================

