Component: ARM Compiler 5.05 (build 41) Tool: armlink [4d0eb9]

==============================================================================

Section Cross References

    startup.o(RESET) refers to startup.o(STACK) for __initial_sp
    startup.o(RESET) refers to startup.o(.text) for Reset_Handler
    startup.o(RESET) refers to gpio.o(i.GPIO_IRQHandler) for GPIO_IRQHandler
    startup.o(RESET) refers to lib.o(i.BLE_IRQHandler) for BLE_IRQHandler
    startup.o(RESET) refers to sleep.o(i.OSC_EN_IRQHandler) for OSC_EN_IRQHandler
    startup.o(RESET) refers to dma.o(i.DMA_IRQHandler) for DMA_IRQHandler
    startup.o(RESET) refers to uart.o(i.UART0_TX_IRQHandler) for UART0_TX_IRQHandler
    startup.o(RESET) refers to uart.o(i.UART0_RX_IRQHandler) for UART0_RX_IRQHandler
    startup.o(RESET) refers to spi.o(i.SPI0_TX_IRQHandler) for SPI0_TX_IRQHandler
    startup.o(RESET) refers to spi.o(i.SPI0_RX_IRQHandler) for SPI0_RX_IRQHandler
    startup.o(RESET) refers to timer.o(i.TIMER1_IRQHandler) for TIMER1_IRQHandler
    startup.o(RESET) refers to timer.o(i.TIMER2_IRQHandler) for TIMER2_IRQHandler
    startup.o(RESET) refers to timer.o(i.TIMER3_IRQHandler) for TIMER3_IRQHandler
    startup.o(.text) refers to entry.o(.ARM.Collect$$$$00000000) for __main
    app_main.o(i.assert_err) refers to printf8.o(i.__0printf$8) for __2printf
    app_main.o(i.assert_warn) refers to printf8.o(i.__0printf$8) for __2printf
    app_main.o(i.main) refers to lib.o(i.dc_dc_enable) for dc_dc_enable
    app_main.o(i.main) refers to lib.o(i.plf_init) for plf_init
    app_main.o(i.main) refers to system.o(i.SystemInit) for SystemInit
    app_main.o(i.main) refers to lib.o(i.ble_init) for ble_init
    app_main.o(i.main) refers to app_env.o(i.app_init) for app_init
    app_main.o(i.main) refers to usr_design.o(i.usr_init) for usr_init
    app_main.o(i.main) refers to sleep.o(i.sleep_init) for sleep_init
    app_main.o(i.main) refers to sleep.o(i.wakeup_by_sleep_timer) for wakeup_by_sleep_timer
    app_main.o(i.main) refers to lib.o(i.ke_schedule) for ke_schedule
    app_main.o(i.main) refers to sleep.o(i.usr_sleep) for usr_sleep
    app_main.o(i.main) refers to lib.o(i.ble_sleep) for ble_sleep
    app_main.o(i.main) refers to led.o(i.led_set) for led_set
    app_main.o(i.main) refers to sleep.o(i.enter_sleep) for enter_sleep
    app_main.o(i.main) refers to prf_utils.o(i.prf_init) for prf_init
    app_main.o(i.main) refers to prf_utils.o(i.prf_dispatch_disconnect) for prf_dispatch_disconnect
    app_main.o(i.main) refers to app_main.o(.bss) for .bss
    app_main.o(i.main) refers to sleep.o(i.sleep_cb) for sleep_cb
    system.o(i.SystemInit) refers to system.o(i.timer_clock_off) for timer_clock_off
    system.o(i.SystemInit) refers to system.o(i.uart_clock_off) for uart_clock_off
    system.o(i.SystemInit) refers to system.o(i.spi_clock_off) for spi_clock_off
    system.o(i.SystemInit) refers to syscon.o(i.syscon_set_sysclk_src) for syscon_set_sysclk_src
    system.o(i.SystemInit) refers to syscon.o(i.syscon_set_ahb_clk) for syscon_set_ahb_clk
    system.o(i.SystemInit) refers to syscon.o(i.syscon_set_ble_clk) for syscon_set_ble_clk
    system.o(i.SystemInit) refers to syscon.o(i.syscon_set_apb_clk) for syscon_set_apb_clk
    system.o(i.SystemInit) refers to syscon.o(i.syscon_set_timer_clk) for syscon_set_timer_clk
    system.o(i.SystemInit) refers to syscon.o(i.syscon_set_usart_clk) for syscon_set_usart_clk
    system.o(i.SystemInit) refers to gpio.o(i.gpio_init) for gpio_init
    system.o(i.SystemInit) refers to led.o(i.led_init) for led_init
    system.o(i.SystemInit) refers to uart.o(i.uart_init) for uart_init
    pff.o(i.check_fs) refers to diskio.o(i.disk_readp) for disk_readp
    pff.o(i.clust2sect) refers to pff.o(.data) for .data
    pff.o(i.dir_find) refers to pff.o(i.dir_rewind) for dir_rewind
    pff.o(i.dir_find) refers to diskio.o(i.disk_readp) for disk_readp
    pff.o(i.dir_find) refers to pff.o(i.dir_next) for dir_next
    pff.o(i.dir_next) refers to pff.o(i.get_fat) for get_fat
    pff.o(i.dir_next) refers to pff.o(i.clust2sect) for clust2sect
    pff.o(i.dir_next) refers to pff.o(.data) for .data
    pff.o(i.dir_rewind) refers to pff.o(i.clust2sect) for clust2sect
    pff.o(i.dir_rewind) refers to pff.o(.data) for .data
    pff.o(i.follow_path) refers to pff.o(i.dir_rewind) for dir_rewind
    pff.o(i.follow_path) refers to pff.o(i.dir_find) for dir_find
    pff.o(i.follow_path) refers to pff.o(i.get_clust) for get_clust
    pff.o(i.get_fat) refers to diskio.o(i.disk_readp) for disk_readp
    pff.o(i.get_fat) refers to pff.o(.data) for .data
    pff.o(i.pf_mount) refers to diskio.o(i.disk_initialize) for disk_initialize
    pff.o(i.pf_mount) refers to pff.o(i.check_fs) for check_fs
    pff.o(i.pf_mount) refers to diskio.o(i.disk_readp) for disk_readp
    pff.o(i.pf_mount) refers to uread4.o(.text) for __aeabi_uread4
    pff.o(i.pf_mount) refers to uidiv.o(.text) for __aeabi_uidivmod
[...]
    i.lld_evt_scan_create                    0x10005a50   Section        0  lib.o(i.lld_evt_scan_create)
    i.lld_sleep_lpcycles_2_us                0x10005a6c   Section        0  lib.o(i.lld_sleep_lpcycles_2_us)
    lld_sleep_lpcycles_2_us                  0x10005a6d   Thumb Code    50  lib.o(i.lld_sleep_lpcycles_2_us)
    i.llm_create_con                         0x10005aa8   Section        0  lib.o(i.llm_create_con)
    llm_create_con                           0x10005aa9   Thumb Code   268  lib.o(i.llm_create_con)
    i.llm_create_con_cmd_complete_handler_patch 0x10005bd0   Section        0  lib.o(i.llm_create_con_cmd_complete_handler_patch)
    llm_create_con_cmd_complete_handler_patch 0x10005bd1   Thumb Code   120  lib.o(i.llm_create_con_cmd_complete_handler_patch)
    i.llm_le_create_con_cmd_handler_new      0x10005c64   Section        0  lib.o(i.llm_le_create_con_cmd_handler_new)
    llm_le_create_con_cmd_handler_new        0x10005c65   Thumb Code    48  lib.o(i.llm_le_create_con_cmd_handler_new)
    i.llm_le_create_con_stat_evt_handler_patch 0x10005c9c   Section        0  lib.o(i.llm_le_create_con_stat_evt_handler_patch)
    llm_le_create_con_stat_evt_handler_patch 0x10005c9d   Thumb Code    24  lib.o(i.llm_le_create_con_stat_evt_handler_patch)
    i.llm_util_aa_gen                        0x10005cbc   Section        0  lib.o(i.llm_util_aa_gen)
    llm_util_aa_gen                          0x10005cbd   Thumb Code    98  lib.o(i.llm_util_aa_gen)
    i.main                                   0x10005d28   Section        0  app_main.o(i.main)
    i.nvds_copy                              0x10005e64   Section        0  lib.o(i.nvds_copy)
    nvds_copy                                0x10005e65   Thumb Code    58  lib.o(i.nvds_copy)
    i.nvds_erase                             0x10005ea4   Section        0  lib.o(i.nvds_erase)
    nvds_erase                               0x10005ea5   Thumb Code    40  lib.o(i.nvds_erase)
    i.nvds_read                              0x10005ed0   Section        0  lib.o(i.nvds_read)
    nvds_read                                0x10005ed1   Thumb Code   138  lib.o(i.nvds_read)
    i.nvds_restore_backup                    0x10005f64   Section        0  lib.o(i.nvds_restore_backup)
    nvds_restore_backup                      0x10005f65   Thumb Code    98  lib.o(i.nvds_restore_backup)
    i.nvds_write                             0x10005fd4   Section        0  lib.o(i.nvds_write)
    nvds_write                               0x10005fd5   Thumb Code    78  lib.o(i.nvds_write)
    i.plf_init                               0x10006024   Section        0  lib.o(i.plf_init)
    i.plf_reset_cb                           0x10006338   Section        0  lib.o(i.plf_reset_cb)
    plf_reset_cb                             0x10006339   Thumb Code    12  lib.o(i.plf_reset_cb)
    i.powerup_calibration                    0x10006348   Section        0  lib.o(i.powerup_calibration)
    powerup_calibration                      0x10006349   Thumb Code   282  lib.o(i.powerup_calibration)
    i.prf_dispatch_disconnect                0x10006498   Section        0  prf_utils.o(i.prf_dispatch_disconnect)
    i.prf_init                               0x1000649a   Section        0  prf_utils.o(i.prf_init)
    i.restore_ble_setting                    0x1000649c   Section        0  lib.o(i.restore_ble_setting)
    i.rwble_slot_2_lpcycles                  0x100064f0   Section        0  lib.o(i.rwble_slot_2_lpcycles)
    i.sector_erase_flash_patch               0x10006514   Section        0  lib.o(i.sector_erase_flash_patch)
    sector_erase_flash_patch                 0x10006515   Thumb Code    38  lib.o(i.sector_erase_flash_patch)
    i.set_dbg_info                           0x10006544   Section        0  lib.o(i.set_dbg_info)
    i.sleep_cb                               0x10006554   Section        0  sleep.o(i.sleep_cb)
    i.sleep_init                             0x10006580   Section        0  sleep.o(i.sleep_init)
    i.sleep_post_process                     0x100065b4   Section        0  lib.o(i.sleep_post_process)
    i.smp_rtx_ind_handler_patch              0x10006610   Section        0  lib.o(i.smp_rtx_ind_handler_patch)
    smp_rtx_ind_handler_patch                0x10006611   Thumb Code    70  lib.o(i.smp_rtx_ind_handler_patch)
    i.spi_clock_off                          0x10006668   Section        0  system.o(i.spi_clock_off)
    spi_clock_off                            0x10006669   Thumb Code    34  system.o(i.spi_clock_off)
    i.spi_rx_data                            0x10006694   Section        0  spi.o(i.spi_rx_data)
    spi_rx_data                              0x10006695   Thumb Code    36  spi.o(i.spi_rx_data)
    i.spi_tx_data                            0x100066b8   Section        0  spi.o(i.spi_tx_data)
    spi_tx_data                              0x100066b9   Thumb Code    42  spi.o(i.spi_tx_data)
    i.spi_tx_int_enable                      0x100066e4   Section        0  spi.o(i.spi_tx_int_enable)
    spi_tx_int_enable                        0x100066e5   Thumb Code    46  spi.o(i.spi_tx_int_enable)
    i.syscon_SetCMDCRWithMask                0x1000671c   Section        0  sleep.o(i.syscon_SetCMDCRWithMask)
    syscon_SetCMDCRWithMask                  0x1000671d   Thumb Code    12  sleep.o(i.syscon_SetCMDCRWithMask)
    i.syscon_SetCMDCRWithMask                0x10006728   Section        0  syscon.o(i.syscon_SetCMDCRWithMask)
    syscon_SetCMDCRWithMask                  0x10006729   Thumb Code    12  syscon.o(i.syscon_SetCMDCRWithMask)
    i.syscon_SetIvrefX32WithMask             0x10006734   Section        0  lib.o(i.syscon_SetIvrefX32WithMask)
    syscon_SetIvrefX32WithMask               0x10006735   Thumb Code    14  lib.o(i.syscon_SetIvrefX32WithMask)
    i.syscon_SetPGCR0WithMask                0x10006742   Section        0  sleep.o(i.syscon_SetPGCR0WithMask)
    syscon_SetPGCR0WithMask                  0x10006743   Thumb Code    14  sleep.o(i.syscon_SetPGCR0WithMask)
    i.syscon_SetPGCR1WithMask                0x10006750   Section        0  lib.o(i.syscon_SetPGCR1WithMask)
    syscon_SetPGCR1WithMask                  0x10006751   Thumb Code    14  lib.o(i.syscon_SetPGCR1WithMask)
    i.syscon_SetPGCR2WithMask                0x1000675e   Section        0  sleep.o(i.syscon_SetPGCR2WithMask)
    syscon_SetPGCR2WithMask                  0x1000675f   Thumb Code    14  sleep.o(i.syscon_SetPGCR2WithMask)
    i.syscon_SetPGCR2WithMask                0x1000676c   Section        0  lib.o(i.syscon_SetPGCR2WithMask)
    syscon_SetPGCR2WithMask                  0x1000676d   Thumb Code    14  lib.o(i.syscon_SetPGCR2WithMask)
    i.syscon_SetXtalBuckWithMask             0x1000677a   Section        0  lib.o(i.syscon_SetXtalBuckWithMask)
    syscon_SetXtalBuckWithMask               0x1000677b   Thumb Code    14  lib.o(i.syscon_SetXtalBuckWithMask)
    i.syscon_set_ahb_clk                     0x10006788   Section        0  syscon.o(i.syscon_set_ahb_clk)
    i.syscon_set_apb_clk                     0x100067c0   Section        0  syscon.o(i.syscon_set_apb_clk)
    i.syscon_set_ble_clk                     0x100067f4   Section        0  syscon.o(i.syscon_set_ble_clk)
    i.syscon_set_sysclk_src                  0x10006834   Section        0  syscon.o(i.syscon_set_sysclk_src)
    i.syscon_set_timer_clk                   0x100068ec   Section        0  syscon.o(i.syscon_set_timer_clk)
    i.syscon_set_usart_clk                   0x10006918   Section        0  syscon.o(i.syscon_set_usart_clk)
    i.task_app_desc_register                 0x10006988   Section        0  app_task.o(i.task_app_desc_register)
    i.task_gap_desc_register                 0x100069c0   Section        0  lib.o(i.task_gap_desc_register)
    task_gap_desc_register                   0x100069c1   Thumb Code   242  lib.o(i.task_gap_desc_register)
    i.task_gatt_desc_register                0x10006b20   Section        0  lib.o(i.task_gatt_desc_register)
    task_gatt_desc_register                  0x10006b21   Thumb Code   132  lib.o(i.task_gatt_desc_register)
    i.timer_clock_off                        0x10006bec   Section        0  system.o(i.timer_clock_off)
    timer_clock_off                          0x10006bed   Thumb Code    40  system.o(i.timer_clock_off)
    i.uart_clock_off                         0x10006c20   Section        0  system.o(i.uart_clock_off)
    uart_clock_off                           0x10006c21   Thumb Code    34  system.o(i.uart_clock_off)
    i.uart_init                              0x10006c4c   Section        0  uart.o(i.uart_init)
    i.uart_read                              0x10006cf0   Section        0  uart.o(i.uart_read)
    i.uart_tx_int_enable                     0x10006d50   Section        0  uart.o(i.uart_tx_int_enable)
    uart_tx_int_enable                       0x10006d51   Thumb Code    46  uart.o(i.uart_tx_int_enable)
    i.usr_init                               0x10006d88   Section        0  usr_design.o(i.usr_init)
    i.usr_sleep                              0x10006d8a   Section        0  sleep.o(i.usr_sleep)
    i.usr_sleep_restore                      0x10006d8e   Section        0  usr_design.o(i.usr_sleep_restore)
    i.wakeup_by_sleep_timer                  0x10006d90   Section        0  sleep.o(i.wakeup_by_sleep_timer)
    .constdata                               0x10006df8   Section      472  app_task.o(.constdata)
    .constdata                               0x10006fd0   Section       48  app_task.o(.constdata)
    .constdata                               0x10007000   Section       51  uart.o(.constdata)
    .constdata                               0x10007034   Section       40  lib.o(.constdata)
    .constdata                               0x1000705c   Section      129  ctype_o.o(.constdata)
    .constdata                               0x100070e0   Section        4  ctype_o.o(.constdata)
    table                                    0x100070e0   Data           4  ctype_o.o(.constdata)
    .conststring                             0x100070e4   Section       69  app_gap_task.o(.conststring)
    .conststring                             0x1000712c   Section      238  app_gatt_task.o(.conststring)
    .conststring                             0x1000721c   Section       85  app_smp_task.o(.conststring)
    .data                                    0x10007284   Section       65  app_menu.o(.data)
    .data                                    0x100072c6   Section        2  app_task.o(.data)
    .data                                    0x100072c8   Section        3  app_gap_task.o(.data)
    .data                                    0x100072cb   Section        1  app_gatt_task.o(.data)
    TransmitEnableFlag                       0x100072cb   Data           1  app_gatt_task.o(.data)
    .data                                    0x100072cc   Section        4  gpio.o(.data)
    gpio_env                                 0x100072cc   Data           4  gpio.o(.data)
    .data                                    0x100072d0   Section       28  sleep.o(.data)
    .data                                    0x100072ec   Section       12  syscon.o(.data)
    .data                                    0x100072f8   Section       24  timer.o(.data)
    .data                                    0x10007310   Section        4  dma.o(.data)
    dma_env                                  0x10007310   Data           4  dma.o(.data)
    .data                                    0x10007314   Section        4  retarget.o(.data)
    .data                                    0x10007318   Section       72  lib.o(.data)
    ext_ctrl                                 0x10007318   Data           1  lib.o(.data)
    acc                                      0x10007319   Data           1  lib.o(.data)
    dc_dc_flag                               0x1000731a   Data           1  lib.o(.data)
    l2cm_default_handler                     0x10007330   Data           8  lib.o(.data)
    gap_default_handler                      0x10007338   Data           8  lib.o(.data)
    gatt_default_handler_new                 0x10007340   Data           8  lib.o(.data)
    smpc_default_handler_new                 0x10007348   Data           8  lib.o(.data)
    llm_default_handler_new                  0x10007350   Data           8  lib.o(.data)
    llc_default_handler_new                  0x10007358   Data           8  lib.o(.data)
    .data                                    0x10007360   Section        4  rand.o(.data)
    _rand_state                              0x10007360   Data           4  rand.o(.data)
    .data                                    0x10007364   Section        4  errno.o(.data)
    _errno                                   0x10007364   Data           4  errno.o(.data)
    .bss                                     0x10007368   Section     2852  app_main.o(.bss)
    ble_heap                                 0x10007368   Data        2852  app_main.o(.bss)
    .bss                                     0x10007e8c   Section     1264  app_env.o(.bss)
    .bss                                     0x1000837c   Section     5498  app_menu.o(.bss)
    .bss                                     0x100098f6   Section      256  app_sys.o(.bss)
    .bss                                     0x100099f8   Section      320  uart.o(.bss)
    uart0_env                                0x100099f8   Data          24  uart.o(.bss)
    uart1_env                                0x10009a10   Data          24  uart.o(.bss)
    .bss                                     0x10009b38   Section       56  spi.o(.bss)
    spi0_env                                 0x10009b38   Data          28  spi.o(.bss)
    spi1_env                                 0x10009b54   Data          28  spi.o(.bss)
    .bss                                     0x10009b70   Section     2192  lib.o(.bss)
    gap_state_handler_new                    0x10009b70   Data          80  lib.o(.bss)
    gatt_state_handler_new                   0x10009bc0   Data          16  lib.o(.bss)
    attc_connected_new                       0x10009bd0   Data         104  lib.o(.bss)
    attc_state_handler_new                   0x10009c38   Data          40  lib.o(.bss)
    atts_resource_init_state_new             0x10009c60   Data          32  lib.o(.bss)
    atts_state_handler_new                   0x10009c80   Data          24  lib.o(.bss)
    llm_default_state_new                    0x10009c98   Data         304  lib.o(.bss)
    llc_default_state_new                    0x10009dc8   Data         296  lib.o(.bss)
    l2cm_default_state_new                   0x10009ef0   Data          72  lib.o(.bss)
    gap_scan_new                             0x10009f38   Data          80  lib.o(.bss)
    gap_default_state_new                    0x10009f88   Data         368  lib.o(.bss)
    gap_connsetup_new                        0x1000a0f8   Data          48  lib.o(.bss)
    gatt_default_state_new                   0x1000a228   Data         272  lib.o(.bss)
    smpc_default_state_new                   0x1000a338   Data         200  lib.o(.bss)
    STACK                                    0x1000a400   Section      512  startup.o(STACK)

    Global Symbols

    Symbol Name                              Value     Ov Type        Size  Object(Section)

    BuildAttributes$$THM_ISAv3M$S$PE$A:L22$X:L11$S22$IEEE1$IW$USESV6$~STKCKD$USESV7$~SHL$OSPACE$ROPI$EBA8$MICROLIB$REQ8$PRES8$EABIv2 0x00000000   Number         0  anon$$obj.o ABSOLUTE
    __ARM_use_no_argv                        0x00000000   Number         0  app_main.o ABSOLUTE
    __use_no_errno                           0x00000000   Number         0  useno.o ABSOLUTE
    __use_no_exception_handling              0x00000000   Number         0  useno.o ABSOLUTE
    __use_no_fp                              0x00000000   Number         0  useno.o ABSOLUTE
    __use_no_heap                            0x00000000   Number         0  useno.o ABSOLUTE
    __use_no_heap_region                     0x00000000   Number         0  useno.o ABSOLUTE
    __use_no_semihosting                     0x00000000   Number         0  useno.o ABSOLUTE
    __use_no_semihosting_swi                 0x00000000   Number         0  useno.o ABSOLUTE
    __use_no_signal_handling                 0x00000000   Number         0  useno.o ABSOLUTE
    _printf_a                                0x00000000   Number         0  stubs.o ABSOLUTE
    _printf_c                                0x00000000   Number         0  stubs.o ABSOLUTE
    _printf_charcount                        0x00000000   Number         0  stubs.o ABSOLUTE
    _printf_d                                0x00000000   Number         0  stubs.o ABSOLUTE
    _printf_e                                0x00000000   Number         0  stubs.o ABSOLUTE
    _printf_f                                0x00000000   Number         0  stubs.o ABSOLUTE
    _printf_flags                            0x00000000   Number         0  stubs.o ABSOLUTE
    _printf_fp_dec                           0x00000000   Number         0  stubs.o ABSOLUTE
    _printf_fp_hex                           0x00000000   Number         0  stubs.o ABSOLUTE
    _printf_g                                0x00000000   Number         0  stubs.o ABSOLUTE
    _printf_i                                0x00000000   Number         0  stubs.o ABSOLUTE
    _printf_int_dec                          0x00000000   Number         0  stubs.o ABSOLUTE
    _printf_l                                0x00000000   Number         0  stubs.o ABSOLUTE
    _printf_lc                               0x00000000   Number         0  stubs.o ABSOLUTE
    _printf_ll                               0x00000000   Number         0  stubs.o ABSOLUTE
    _printf_lld                              0x00000000   Number         0  stubs.o ABSOLUTE
    _printf_lli                              0x00000000   Number         0  stubs.o ABSOLUTE
    _printf_llo                              0x00000000   Number         0  stubs.o ABSOLUTE
    _printf_llu                              0x00000000   Number         0  stubs.o ABSOLUTE
    _printf_llx                              0x00000000   Number         0  stubs.o ABSOLUTE
    _printf_longlong_dec                     0x00000000   Number         0  stubs.o ABSOLUTE
    _printf_longlong_hex                     0x00000000   Number         0  stubs.o ABSOLUTE
    _printf_longlong_oct                     0x00000000   Number         0  stubs.o ABSOLUTE
    _printf_ls                               0x00000000   Number         0  stubs.o ABSOLUTE
    _printf_mbtowc                           0x00000000   Number         0  stubs.o ABSOLUTE
    _printf_n                                0x00000000   Number         0  stubs.o ABSOLUTE
    _printf_o                                0x00000000   Number         0  stubs.o ABSOLUTE
    _printf_p                                0x00000000   Number         0  stubs.o ABSOLUTE
    _printf_percent                          0x00000000   Number         0  stubs.o ABSOLUTE
    _printf_pre_padding                      0x00000000   Number         0  stubs.o ABSOLUTE
    _printf_return_value                     0x00000000   Number         0  stubs.o ABSOLUTE
    _printf_s                                0x00000000   Number         0  stubs.o ABSOLUTE
    _printf_sizespec                         0x00000000   Number         0  stubs.o ABSOLUTE
    _printf_str                              0x00000000   Number         0  stubs.o ABSOLUTE
    _printf_truncate_signed                  0x00000000   Number         0  stubs.o ABSOLUTE
    _printf_truncate_unsigned                0x00000000   Number         0  stubs.o ABSOLUTE
    _printf_u                                0x00000000   Number         0  stubs.o ABSOLUTE
    _printf_wc                               0x00000000   Number         0  stubs.o ABSOLUTE
    _printf_wctomb                           0x00000000   Number         0  stubs.o ABSOLUTE
    _printf_widthprec                        0x00000000   Number         0  stubs.o ABSOLUTE
    _printf_x                                0x00000000   Number         0  stubs.o ABSOLUTE
    __cpp_initialize__aeabi_                  - Undefined Weak Reference
    __cxa_finalize                            - Undefined Weak Reference
    __decompress                              - Undefined Weak Reference
    _clock_init                               - Undefined Weak Reference
    _microlib_exit                            - Undefined Weak Reference
    __Vectors_Size                           0x000000c0   Number         0  startup.o ABSOLUTE
    __Vectors                                0x10000000   Data           4  startup.o(RESET)
    __Vectors_End                            0x100000c0   Data           0  startup.o(RESET)
    __main                                   0x100000c1   Thumb Code     0  entry.o(.ARM.Collect$$$$00000000)
    _main_stk                                0x100000c1   Thumb Code     0  entry2.o(.ARM.Collect$$$$00000001)
    _main_scatterload                        0x100000c5   Thumb Code     0  entry5.o(.ARM.Collect$$$$00000004)
    __main_after_scatterload                 0x100000c9   Thumb Code     0  entry5.o(.ARM.Collect$$$$00000004)
    _main_clock                              0x100000c9   Thumb Code     0  entry7b.o(.ARM.Collect$$$$00000008)
    _main_cpp_init                           0x100000c9   Thumb Code     0  entry8b.o(.ARM.Collect$$$$0000000A)
    _main_init                               0x100000c9   Thumb Code     0  entry9a.o(.ARM.Collect$$$$0000000B)
    __rt_final_cpp                           0x100000d1   Thumb Code     0  entry10a.o(.ARM.Collect$$$$0000000D)
    __rt_final_exit                          0x100000d1   Thumb Code     0  entry11a.o(.ARM.Collect$$$$0000000F)
    Reset_Handler                            0x100000d5   Thumb Code    14  startup.o(.text)
    NMI_Handler                              0x100000e3   Thumb Code     2  startup.o(.text)
    HardFault_Handler                        0x100000e5   Thumb Code     2  startup.o(.text)
    MemManage_Handler                        0x100000e7   Thumb Code     2  startup.o(.text)
    BusFault_Handler                         0x100000e9   Thumb Code     2  startup.o(.text)
    UsageFault_Handler                       0x100000eb   Thumb Code     2  startup.o(.text)
    SVC_Handler                              0x100000ed   Thumb Code     2  startup.o(.text)
    DebugMon_Handler                         0x100000ef   Thumb Code     2  startup.o(.text)
    PendSV_Handler                           0x100000f1   Thumb Code     2  startup.o(.text)
    SysTick_Handler                          0x100000f3   Thumb Code     2  startup.o(.text)
    ADC_IRQHandler                           0x100000f5   Thumb Code     0  startup.o(.text)
    CALIB_IRQHandler                         0x100000f5   Thumb Code     0  startup.o(.text)
    COMPARATOR0_IRQHandler                   0x100000f5   Thumb Code     0  startup.o(.text)
    COMPARATOR1_IRQHandler                   0x100000f5   Thumb Code     0  startup.o(.text)
    I2C_IRQHandler                           0x100000f5   Thumb Code     0  startup.o(.text)
    PWM0_IRQHandler                          0x100000f5   Thumb Code     0  startup.o(.text)
    PWM1_IRQHandler                          0x100000f5   Thumb Code     0  startup.o(.text)
    RTC_CAP_IRQHandler                       0x100000f5   Thumb Code     0  startup.o(.text)
    RTC_IRQHandler                           0x100000f5   Thumb Code     0  startup.o(.text)
    SPI1_RX_IRQHandler                       0x100000f5   Thumb Code     0  startup.o(.text)
    SPI1_TX_IRQHandler                       0x100000f5   Thumb Code     0  startup.o(.text)
    TIMER0_IRQHandler                        0x100000f5   Thumb Code     0  startup.o(.text)
    TUNER_RX_IRQHandler                      0x100000f5   Thumb Code     0  startup.o(.text)
    TUNER_SETTING_IRQHandler                 0x100000f5   Thumb Code     0  startup.o(.text)
    TUNER_TX_IRQHandler                      0x100000f5   Thumb Code     0  startup.o(.text)
    UART1_RX_IRQHandler                      0x100000f5   Thumb Code     0  startup.o(.text)
    UART1_TX_IRQHandler                      0x100000f5   Thumb Code     0  startup.o(.text)
    WDT_IRQHandler                           0x100000f5   Thumb Code     0  startup.o(.text)
    __rd_ble_reg                             0x10000105   Thumb Code     4  math.o(.text)
    __wr_ble_reg                             0x10000109   Thumb Code     4  math.o(.text)
    __aeabi_lmul                             0x1000010d   Thumb Code   166  math.o(.text)
    __aeabi_uldivmod                         0x100001b3   Thumb Code   256  math.o(.text)
    __aeabi_uidiv                            0x100002b3   Thumb Code     0  uidiv.o(.text)
    __aeabi_uidivmod                         0x100002b3   Thumb Code    44  uidiv.o(.text)
    __aeabi_lasr                             0x100002df   Thumb Code    38  llsshr.o(.text)
    _ll_sshift_r                             0x100002df   Thumb Code     0  llsshr.o(.text)
    rand                                     0x10000305   Thumb Code    18  rand.o(.text)
    srand                                    0x10000317   Thumb Code     6  rand.o(.text)
    __aeabi_memcpy                           0x10000329   Thumb Code    36  memcpya.o(.text)
    __aeabi_memcpy4                          0x10000329   Thumb Code     0  memcpya.o(.text)
    __aeabi_memcpy8                          0x10000329   Thumb Code     0  memcpya.o(.text)
    __aeabi_memset                           0x1000034d   Thumb Code    14  memseta.o(.text)
    __aeabi_memset4                          0x1000034d   Thumb Code     0  memseta.o(.text)
    __aeabi_memset8                          0x1000034d   Thumb Code     0  memseta.o(.text)
    __aeabi_memclr                           0x1000035b   Thumb Code     4  memseta.o(.text)
    __aeabi_memclr4                          0x1000035b   Thumb Code     0  memseta.o(.text)
    __aeabi_memclr8                          0x1000035b   Thumb Code     0  memseta.o(.text)
    _memset$wrapper                          0x1000035f   Thumb Code    18  memseta.o(.text)
    memcmp                                   0x10000371   Thumb Code    26  memcmp.o(.text)
    strcpy                                   0x1000038b   Thumb Code    18  strcpy.o(.text)
    strncmp                                  0x1000039d   Thumb Code    30  strncmp.o(.text)
    atoi                                     0x100003bb   Thumb Code    26  atoi.o(.text)
    __aeabi_dadd                             0x100003d5   Thumb Code   328  dadd.o(.text)
    __aeabi_dsub                             0x1000051d   Thumb Code    12  dadd.o(.text)
    __aeabi_drsub                            0x10000529   Thumb Code    12  dadd.o(.text)
    __aeabi_dmul                             0x10000539   Thumb Code   202  dmul.o(.text)
    __aeabi_i2d                              0x10000609   Thumb Code    34  dflti.o(.text)
    __aeabi_ui2d                             0x10000631   Thumb Code    24  dfltui.o(.text)
    __aeabi_d2iz                             0x1000064d   Thumb Code    62  dfixi.o(.text)
    __aeabi_cdcmpeq                          0x10000695   Thumb Code     0  cdcmple.o(.text)
    __aeabi_cdcmple                          0x10000695   Thumb Code    38  cdcmple.o(.text)
    __aeabi_llsl                             0x100006bd   Thumb Code    32  llshl.o(.text)
    _ll_shift_l                              0x100006bd   Thumb Code     0  llshl.o(.text)
    __aeabi_llsr                             0x100006dd   Thumb Code    34  llushr.o(.text)
    _ll_ushift_r                             0x100006dd   Thumb Code     0  llushr.o(.text)
    strtol                                   0x10000701   Thumb Code   108  strtol.o(.text)
    __I$use$fp                               0x10000771   Thumb Code     0  iusefp.o(.text)
    _double_round                            0x10000771   Thumb Code    26  depilogue.o(.text)
    _double_epilogue                         0x1000078b   Thumb Code   164  depilogue.o(.text)
    __scatterload                            0x10000831   Thumb Code    28  init.o(.text)
    __scatterload_rt2                        0x10000831   Thumb Code     0  init.o(.text)
    __rt_ctype_table                         0x10000855   Thumb Code     4  ctype_o.o(.text)
    _strtoul                                 0x1000085d   Thumb Code   166  _strtoul.o(.text)
    _chval                                   0x10000903   Thumb Code    30  _chval.o(.text)
    BLE_IRQHandler                           0x10000921   Thumb Code   150  lib.o(i.BLE_IRQHandler)
    DMA_IRQHandler                           0x100009cd   Thumb Code    42  dma.o(i.DMA_IRQHandler)
    GPIO_IRQHandler                          0x10000a01   Thumb Code    36  gpio.o(i.GPIO_IRQHandler)
    OSC_EN_IRQHandler                        0x10000a29   Thumb Code    12  sleep.o(i.OSC_EN_IRQHandler)
    SPI0_RX_IRQHandler                       0x10000a3d   Thumb Code   108  spi.o(i.SPI0_RX_IRQHandler)
    SPI0_TX_IRQHandler                       0x10000ab1   Thumb Code    70  spi.o(i.SPI0_TX_IRQHandler)
    SystemInit                               0x10000b01   Thumb Code   220  system.o(i.SystemInit)
    TIMER1_IRQHandler                        0x10000c11   Thumb Code    44  timer.o(i.TIMER1_IRQHandler)
    TIMER2_IRQHandler                        0x10000c45   Thumb Code    44  timer.o(i.TIMER2_IRQHandler)
    TIMER3_IRQHandler                        0x10000c79   Thumb Code    44  timer.o(i.TIMER3_IRQHandler)
    UART0_RX_IRQHandler                      0x10000cad   Thumb Code    90  uart.o(i.UART0_RX_IRQHandler)
    UART0_TX_IRQHandler                      0x10000d11   Thumb Code    70  uart.o(i.UART0_TX_IRQHandler)
    UartPutc                                 0x10000d61   Thumb Code    16  uart.o(i.UartPutc)
    __0printf$8                              0x10000d75   Thumb Code    24  printf8.o(i.__0printf$8)
    __1printf$8                              0x10000d75   Thumb Code     0  printf8.o(i.__0printf$8)
    __2printf                                0x10000d75   Thumb Code     0  printf8.o(i.__0printf$8)
    __ARM_clz                                0x10000d95   Thumb Code    46  depilogue.o(i.__ARM_clz)
    __ARM_common_switch8                     0x10000dc3   Thumb Code    26  app_menu.o(i.__ARM_common_switch8)
    __aeabi_errno_addr                       0x10000ddd   Thumb Code     4  errno.o(i.__aeabi_errno_addr)
    __rt_errno_addr                          0x10000ddd   Thumb Code     0  errno.o(i.__aeabi_errno_addr)
    __nvds_get                               0x10000de5   Thumb Code    44  lib.o(i.__nvds_get)
    __scatterload_copy                       0x10000ef9   Thumb Code    14  handlers.o(i.__scatterload_copy)
    __scatterload_null                       0x10000f07   Thumb Code     2  handlers.o(i.__scatterload_null)
    __scatterload_zeroinit                   0x10000f09   Thumb Code    14  handlers.o(i.__scatterload_zeroinit)
    app_add_bonded_dev                       0x1000138d   Thumb Code    32  app_util.o(i.app_add_bonded_dev)
    app_check_update_conn_param              0x100013b1   Thumb Code     4  app_util.o(i.app_check_update_conn_param)
    app_correct_rssi                         0x100013b5   Thumb Code    56  app_gap_task.o(i.app_correct_rssi)
    app_create_server_service_DB             0x10001401   Thumb Code     2  app_util.o(i.app_create_server_service_DB)
    app_device_setup                         0x10001403   Thumb Code    14  app_gap_task.o(i.app_device_setup)
    app_enable_server_service                0x10001411   Thumb Code     2  app_util.o(i.app_enable_server_service)
    app_find_bonded_dev                      0x10001415   Thumb Code    50  app_util.o(i.app_find_bonded_dev)
    app_gap_adv_req_cmp_evt_handler          0x10001451   Thumb Code    34  app_gap_task.o(i.app_gap_adv_req_cmp_evt_handler)
    app_gap_adv_start_req                    0x10001499   Thumb Code   128  app_gap.o(i.app_gap_adv_start_req)
    app_gap_adv_stop_req                     0x10001521   Thumb Code    26  app_gap.o(i.app_gap_adv_stop_req)
    app_gap_bond_req                         0x10001545   Thumb Code    72  app_gap.o(i.app_gap_bond_req)
    app_gap_bond_req_cmp_ind_handler         0x10001599   Thumb Code    98  app_gap_task.o(i.app_gap_bond_req_cmp_ind_handler)
    app_gap_bond_req_ind_handler             0x10001601   Thumb Code    82  app_gap_task.o(i.app_gap_bond_req_ind_handler)
    app_gap_bond_resp                        0x1000165d   Thumb Code    52  app_gap.o(i.app_gap_bond_resp)
    app_gap_cancel_conn_req_cmp_evt_handler  0x10001699   Thumb Code     4  app_gap_task.o(i.app_gap_cancel_conn_req_cmp_evt_handler)
    app_gap_change_param_req                 0x1000169d   Thumb Code    46  app_gap.o(i.app_gap_change_param_req)
    app_gap_change_param_req_cmp_handler     0x100016d5   Thumb Code    10  app_gap_task.o(i.app_gap_change_param_req_cmp_handler)
    app_gap_channel_map_cmp_handler          0x100016df   Thumb Code     4  app_gap_task.o(i.app_gap_channel_map_cmp_handler)
    app_gap_channel_map_req                  0x100016e5   Thumb Code    46  app_gap.o(i.app_gap_channel_map_req)
    app_gap_dev_inq_cancel_req               0x1000171d   Thumb Code    30  app_gap.o(i.app_gap_dev_inq_cancel_req)
    app_gap_dev_inq_cmp_handler              0x10001745   Thumb Code    86  app_gap_task.o(i.app_gap_dev_inq_cmp_handler)
    app_gap_dev_inq_req                      0x100017c1   Thumb Code    62  app_gap.o(i.app_gap_dev_inq_req)
    app_gap_dev_inq_result_handler           0x10001811   Thumb Code   180  app_gap_task.o(i.app_gap_dev_inq_result_handler)
    app_gap_discon_cmp_evt_handler           0x100018d9   Thumb Code   148  app_gap_task.o(i.app_gap_discon_cmp_evt_handler)
    app_gap_discon_req                       0x10001995   Thumb Code    30  app_gap.o(i.app_gap_discon_req)
    app_gap_le_cancel_conn_req               0x100019bd   Thumb Code    10  app_gap.o(i.app_gap_le_cancel_conn_req)
    app_gap_le_create_conn_req               0x100019cd   Thumb Code    80  app_gap.o(i.app_gap_le_create_conn_req)
    app_gap_le_create_conn_req_cmp_evt_handler 0x10001a25   Thumb Code   232  app_gap_task.o(i.app_gap_le_create_conn_req_cmp_evt_handler)
    app_gap_le_rd_remote_feat_req_cmp_handler 0x10001b45   Thumb Code    46  app_gap_task.o(i.app_gap_le_rd_remote_feat_req_cmp_handler)
    app_gap_name_req_cmp_handler             0x10001b99   Thumb Code    72  app_gap_task.o(i.app_gap_name_req_cmp_handler)
    app_gap_param_update_req_ind_handler     0x10001c25   Thumb Code    34  app_gap_task.o(i.app_gap_param_update_req_ind_handler)
    app_gap_param_update_resp_handler        0x10001c49   Thumb Code    46  app_gap_task.o(i.app_gap_param_update_resp_handler)
    app_gap_rd_remote_ver_info_cmp_handler   0x10001ca1   Thumb Code    24  app_gap_task.o(i.app_gap_rd_remote_ver_info_cmp_handler)
    app_gap_read_bdaddr_req                  0x10001ced   Thumb Code    10  app_gap.o(i.app_gap_read_bdaddr_req)
    app_gap_read_bdaddr_req_cmp_evt_handler  0x10001d01   Thumb Code    58  app_gap_task.o(i.app_gap_read_bdaddr_req_cmp_evt_handler)
    app_gap_read_rssi_req                    0x10001d61   Thumb Code    26  app_gap.o(i.app_gap_read_rssi_req)
    app_gap_read_rssi_req_cmp_handler        0x10001d85   Thumb Code    38  app_gap_task.o(i.app_gap_read_rssi_req_cmp_handler)
    app_gap_read_ver_req                     0x10001dc5   Thumb Code    10  app_gap.o(i.app_gap_read_ver_req)
    app_gap_read_ver_req_cmp_evt_handler     0x10001dd9   Thumb Code    40  app_gap_task.o(i.app_gap_read_ver_req_cmp_evt_handler)
    app_gap_ready_evt_handler                0x10001e05   Thumb Code    22  app_gap_task.o(i.app_gap_ready_evt_handler)
    app_gap_reset_req_cmp_handler            0x10001e1b   Thumb Code    10  app_gap_task.o(i.app_gap_reset_req_cmp_handler)
    app_gap_scan_req_cmp_evt_handler         0x10001e25   Thumb Code    60  app_gap_task.o(i.app_gap_scan_req_cmp_evt_handler)
    app_gap_set_bondable_mode_req            0x10001e81   Thumb Code    26  app_gap.o(i.app_gap_set_bondable_mode_req)
    app_gap_set_devname_req_cmp_evt_handler  0x10001ea5   Thumb Code    24  app_gap_task.o(i.app_gap_set_devname_req_cmp_evt_handler)
    app_gap_set_mode_req_cmp_evt_handler     0x10001ed9   Thumb Code    60  app_gap_task.o(i.app_gap_set_mode_req_cmp_evt_handler)
    app_gap_set_ph_privacy_req_cmp_handler   0x10001f51   Thumb Code    22  app_gap_task.o(i.app_gap_set_ph_privacy_req_cmp_handler)
    app_gap_set_privacy_req_cmp_handler      0x10001fb1   Thumb Code    22  app_gap_task.o(i.app_gap_set_privacy_req_cmp_handler)
    app_gap_set_random_add_req_cmp_handler   0x10001ff9   Thumb Code    18  app_gap_task.o(i.app_gap_set_random_add_req_cmp_handler)
    app_gap_set_recon_addr_req_cmp_handler   0x10002029   Thumb Code    22  app_gap_task.o(i.app_gap_set_recon_addr_req_cmp_handler)
    app_gap_set_sec_req                      0x10002091   Thumb Code    30  app_gap.o(i.app_gap_set_sec_req)
    app_gap_set_sec_req_cmp_evt_handler      0x100020b9   Thumb Code    32  app_gap_task.o(i.app_gap_set_sec_req_cmp_evt_handler)
    app_gap_unpair_req                       0x100020dd   Thumb Code    46  app_gap.o(i.app_gap_unpair_req)
    app_gatt_cancel_write_char_resp_handler  0x10002115   Thumb Code    12  app_gatt_task.o(i.app_gatt_cancel_write_char_resp_handler)
    app_gatt_cmp_evt_handler                 0x10002141   Thumb Code     4  app_gatt_task.o(i.app_gatt_cmp_evt_handler)
    app_gatt_disc_char_all_128_cmp_evt_handler 0x10002145   Thumb Code    58  app_gatt_task.o(i.app_gatt_disc_char_all_128_cmp_evt_handler)
    app_gatt_disc_char_all_cmp_evt_handler   0x100021a1   Thumb Code    48  app_gatt_task.o(i.app_gatt_disc_char_all_cmp_evt_handler)
    app_gatt_disc_char_by_uuid_128_cmp_evt_handler 0x100021d5   Thumb Code    58  app_gatt_task.o(i.app_gatt_disc_char_by_uuid_128_cmp_evt_handler)
    app_gatt_disc_char_by_uuid_cmp_evt_handler 0x10002231   Thumb Code    48  app_gatt_task.o(i.app_gatt_disc_char_by_uuid_cmp_evt_handler)
    app_gatt_disc_char_desc_128_cmp_evt_handler 0x10002265   Thumb Code    48  app_gatt_task.o(i.app_gatt_disc_char_desc_128_cmp_evt_handler)
    app_gatt_disc_char_desc_cmp_evt_handler  0x100022d1   Thumb Code    42  app_gatt_task.o(i.app_gatt_disc_char_desc_cmp_evt_handler)
    app_gatt_disc_cmp_evt_handler            0x10002331   Thumb Code    12  app_gatt_task.o(i.app_gatt_disc_cmp_evt_handler)
    app_gatt_disc_svc_all_128_cmp_evt_handler 0x1000235d   Thumb Code    50  app_gatt_task.o(i.app_gatt_disc_svc_all_128_cmp_evt_handler)
    app_gatt_disc_svc_all_cmp_evt_handler    0x100023d5   Thumb Code   114  app_gatt_task.o(i.app_gatt_disc_svc_all_cmp_evt_handler)
    app_gatt_disc_svc_by_uuid_cmp_evt_handler 0x10002481   Thumb Code    42  app_gatt_task.o(i.app_gatt_disc_svc_by_uuid_cmp_evt_handler)
    app_gatt_disc_svc_incl_cmp_evt_handler   0x100024dd   Thumb Code    94  app_gatt_task.o(i.app_gatt_disc_svc_incl_cmp_evt_handler)
    app_gatt_disc_svc_req                    0x100025a1   Thumb Code    42  app_gatt.o(i.app_gatt_disc_svc_req)
    app_gatt_handle_value_cfm_handler        0x100025d5   Thumb Code    16  app_gatt_task.o(i.app_gatt_handle_value_cfm_handler)
    app_gatt_handle_value_ind_handler        0x10002625   Thumb Code    46  app_gatt_task.o(i.app_gatt_handle_value_ind_handler)
    app_gatt_handle_value_notif_handler      0x10002699   Thumb Code   198  app_gatt_task.o(i.app_gatt_handle_value_notif_handler)
    app_gatt_notify_cmp_evt_handler          0x10002791   Thumb Code    16  app_gatt_task.o(i.app_gatt_notify_cmp_evt_handler)
    app_gatt_read_char_mult_resp_handler     0x100027cd   Thumb Code    26  app_gatt_task.o(i.app_gatt_read_char_mult_resp_handler)
    app_gatt_read_char_req                   0x10002845   Thumb Code    58  app_gatt.o(i.app_gatt_read_char_req)
    app_gatt_read_char_resp_handler          0x10002889   Thumb Code    58  app_gatt_task.o(i.app_gatt_read_char_resp_handler)
    app_gatt_resource_access_req_handler     0x10002925   Thumb Code    30  app_gap_task.o(i.app_gatt_resource_access_req_handler)
    app_gatt_write_char_reliable_resp_handler 0x1000294d   Thumb Code    26  app_gatt_task.o(i.app_gatt_write_char_reliable_resp_handler)
    app_gatt_write_char_req                  0x100029b5   Thumb Code    68  app_gatt.o(i.app_gatt_write_char_req)
    app_gatt_write_char_resp_handler         0x10002a01   Thumb Code     4  app_gatt_task.o(i.app_gatt_write_char_resp_handler)
    app_get_bd_addr_by_conhdl                0x10002a05   Thumb Code    62  app_util.o(i.app_get_bd_addr_by_conhdl)
    app_get_bd_addr_by_idx                   0x10002a49   Thumb Code    44  app_util.o(i.app_get_bd_addr_by_idx)
    app_get_bond_nb                          0x10002a79   Thumb Code     6  app_util.o(i.app_get_bond_nb)
    app_get_bond_status                      0x10002a85   Thumb Code    30  app_util.o(i.app_get_bond_status)
    app_get_conhdl_by_idx                    0x10002aa9   Thumb Code    32  app_util.o(i.app_get_conhdl_by_idx)
    app_get_link_nb                          0x10002ad1   Thumb Code     6  app_util.o(i.app_get_link_nb)
    app_get_link_status_by_idx               0x10002add   Thumb Code    26  app_util.o(i.app_get_link_status_by_idx)
    app_get_lk_sec_status                    0x10002afd   Thumb Code    32  app_util.o(i.app_get_lk_sec_status)
    app_get_local_service_flag               0x10002b21   Thumb Code     4  app_util.o(i.app_get_local_service_flag)
    app_get_qpp_client_service_status        0x10002b25   Thumb Code     4  app_util.o(i.app_get_qpp_client_service_status)
    app_get_rec_idx_by_conhdl                0x10002b29   Thumb Code    34  app_util.o(i.app_get_rec_idx_by_conhdl)
    app_get_role                             0x10002b51   Thumb Code     6  app_util.o(i.app_get_role)
    app_i_to_array                           0x10002b5d   Thumb Code    38  app_util.o(i.app_i_to_array)
    app_init                                 0x10002b85   Thumb Code    88  app_env.o(i.app_init)
    app_init_local_smp_key                   0x10002be9   Thumb Code    22  app_util.o(i.app_init_local_smp_key)
    app_menu_cb                              0x10002c05   Thumb Code    76  app_menu.o(i.app_menu_cb)
    app_menu_hdl                             0x10003555   Thumb Code   342  app_menu.o(i.app_menu_hdl)
    app_menu_show                            0x100036b9   Thumb Code   206  app_menu.o(i.app_menu_show)
    app_parser_adv_data                      0x10004389   Thumb Code   130  app_util.o(i.app_parser_adv_data)
    app_qppc_enable_req                      0x1000440d   Thumb Code    62  app_qppc.o(i.app_qppc_enable_req)
    app_set_adv_data                         0x10004451   Thumb Code    92  app_util.o(i.app_set_adv_data)
    app_set_client_service_status            0x100044bd   Thumb Code    12  app_util.o(i.app_set_client_service_status)
    app_set_link_status_by_conhdl            0x100044c9   Thumb Code   114  app_util.o(i.app_set_link_status_by_conhdl)
    app_set_role                             0x10004545   Thumb Code     6  app_util.o(i.app_set_role)
    app_set_scan_rsp_data                    0x10004551   Thumb Code    74  app_util.o(i.app_set_scan_rsp_data)
    app_smpc_chk_bd_addr_req_ind_handler     0x100046d9   Thumb Code    50  app_smp_task.o(i.app_smpc_chk_bd_addr_req_ind_handler)
    app_smpc_chk_bd_addr_req_rsp             0x1000470d   Thumb Code    56  app_smp.o(i.app_smpc_chk_bd_addr_req_rsp)
    app_smpc_irk_req_ind_handler             0x1000474d   Thumb Code   130  app_smp_task.o(i.app_smpc_irk_req_ind_handler)
    app_smpc_irk_req_rsp                     0x100047d9   Thumb Code    66  app_smp.o(i.app_smpc_irk_req_rsp)
    app_smpc_key_ind_handler                 0x10004825   Thumb Code   142  app_smp_task.o(i.app_smpc_key_ind_handler)
    app_smpc_ltk_req_ind_handler             0x100048d9   Thumb Code   172  app_smp_task.o(i.app_smpc_ltk_req_ind_handler)
    app_smpc_ltk_req_rsp                     0x100049bd   Thumb Code    74  app_smp.o(i.app_smpc_ltk_req_rsp)
    app_smpc_sec_started_ind_handler         0x10004a11   Thumb Code    38  app_smp_task.o(i.app_smpc_sec_started_ind_handler)
    app_smpc_timeout_evt_handler             0x10004a3d   Thumb Code    36  app_smp_task.o(i.app_smpc_timeout_evt_handler)
    app_smpc_tk_req_ind_handler              0x10004a81   Thumb Code    88  app_smp_task.o(i.app_smpc_tk_req_ind_handler)
    app_smpc_tk_req_rsp                      0x10004b11   Thumb Code    50  app_smp.o(i.app_smpc_tk_req_rsp)
    app_smpm_set_key_cfm_handler             0x10004b4d   Thumb Code    32  app_smp_task.o(i.app_smpm_set_key_cfm_handler)
    app_smpm_set_key_req                     0x10004b71   Thumb Code    42  app_smp.o(i.app_smpm_set_key_req)
    app_task_msg_hdl                         0x10004ba5   Thumb Code     2  usr_design.o(i.app_task_msg_hdl)
    app_uart_init                            0x10004bd5   Thumb Code    22  app_sys.o(i.app_uart_init)
    ble_init                                 0x10004cd1   Thumb Code   396  lib.o(i.ble_init)
    ble_sleep                                0x10004ecd   Thumb Code    42  lib.o(i.ble_sleep)
    check_ble_wakeup                         0x10004f15   Thumb Code    14  lib.o(i.check_ble_wakeup)
    co_buf_rx_get                            0x10004f29   Thumb Code    10  lib.o(i.co_buf_rx_get)
    config_work_mode                         0x10004f39   Thumb Code    74  lib.o(i.config_work_mode)
    dc_dc_enable                             0x10004f9d   Thumb Code    50  lib.o(i.dc_dc_enable)
    drv_uart_putChar                         0x10005055   Thumb Code    92  uart.o(i.drv_uart_putChar)
    enter_sleep                              0x100050b5   Thumb Code   204  sleep.o(i.enter_sleep)
    foo1                                     0x10005235   Thumb Code     2  lib.o(i.foo1)
    fputc                                    0x10005237   Thumb Code    10  retarget.o(i.fputc)
    fw_ble_sleep                             0x10005241   Thumb Code   134  lib.o(i.fw_ble_sleep)
    gpio_init                                0x100054ed   Thumb Code    20  gpio.o(i.gpio_init)
    gpio_set_direction_field                 0x10005509   Thumb Code    14  gpio.o(i.gpio_set_direction_field)
    gpio_write_pin                           0x10005517   Thumb Code    22  gpio.o(i.gpio_write_pin)
    ke_schedule                              0x10005541   Thumb Code    60  lib.o(i.ke_schedule)
    ke_time                                  0x1000558d   Thumb Code    34  lib.o(i.ke_time)
    led_init                                 0x10005661   Thumb Code    56  led.o(i.led_init)
    led_set                                  0x1000569d   Thumb Code    42  led.o(i.led_set)
    lld_evt_scan_create                      0x10005a51   Thumb Code    24  lib.o(i.lld_evt_scan_create)
    main                                     0x10005d29   Thumb Code   272  app_main.o(i.main)
    plf_init                                 0x10006025   Thumb Code   614  lib.o(i.plf_init)
    prf_dispatch_disconnect                  0x10006499   Thumb Code     2  prf_utils.o(i.prf_dispatch_disconnect)
    prf_init                                 0x1000649b   Thumb Code     2  prf_utils.o(i.prf_init)
    restore_ble_setting                      0x1000649d   Thumb Code    68  lib.o(i.restore_ble_setting)
    rwble_slot_2_lpcycles                    0x100064f1   Thumb Code    32  lib.o(i.rwble_slot_2_lpcycles)
    set_dbg_info                             0x10006545   Thumb Code    10  lib.o(i.set_dbg_info)
    sleep_cb                                 0x10006555   Thumb Code    34  sleep.o(i.sleep_cb)
    sleep_init                               0x10006581   Thumb Code    34  sleep.o(i.sleep_init)
    sleep_post_process                       0x100065b5   Thumb Code    90  lib.o(i.sleep_post_process)
    syscon_set_ahb_clk                       0x10006789   Thumb Code    48  syscon.o(i.syscon_set_ahb_clk)
    syscon_set_apb_clk                       0x100067c1   Thumb Code    46  syscon.o(i.syscon_set_apb_clk)
    syscon_set_ble_clk                       0x100067f5   Thumb Code    56  syscon.o(i.syscon_set_ble_clk)
    syscon_set_sysclk_src                    0x10006835   Thumb Code   150  syscon.o(i.syscon_set_sysclk_src)
    syscon_set_timer_clk                     0x100068ed   Thumb Code    38  syscon.o(i.syscon_set_timer_clk)
    syscon_set_usart_clk                     0x10006919   Thumb Code    92  syscon.o(i.syscon_set_usart_clk)
    task_app_desc_register                   0x10006989   Thumb Code    44  app_task.o(i.task_app_desc_register)
    uart_init                                0x10006c4d   Thumb Code   134  uart.o(i.uart_init)
    uart_read                                0x10006cf1   Thumb Code    84  uart.o(i.uart_read)
    usr_init                                 0x10006d89   Thumb Code     2  usr_design.o(i.usr_init)
    usr_sleep                                0x10006d8b   Thumb Code     4  sleep.o(i.usr_sleep)
    usr_sleep_restore                        0x10006d8f   Thumb Code     2  usr_design.o(i.usr_sleep_restore)
    wakeup_by_sleep_timer                    0x10006d91   Thumb Code    90  sleep.o(i.wakeup_by_sleep_timer)
    app_default_state                        0x10006df8   Data         472  app_task.o(.constdata)
    app_default_handler                      0x10006fd0   Data           8  app_task.o(.constdata)
    app_state_handler                        0x10006fd8   Data          40  app_task.o(.constdata)
    uart_divider                             0x10007000   Data          51  uart.o(.constdata)
    __ctype_table                            0x1000705c   Data         129  ctype_o.o(.constdata)
    Region$$Table$$Base                      0x10007274   Number         0  anon$$obj.o(Region$$Table)
    Region$$Table$$Limit                     0x10007284   Number         0  anon$$obj.o(Region$$Table)
    menu_lvl                                 0x10007284   Data           1  app_menu.o(.data)
    z                                        0x10007285   Data           1  app_menu.o(.data)
    j                                        0x10007286   Data           1  app_menu.o(.data)
    con_st                                   0x10007287   Data           1  app_menu.o(.data)
    con_st_nb                                0x10007288   Data           1  app_menu.o(.data)
    QnConNum                                 0x10007289   Data           1  app_menu.o(.data)
    StartReqFlag                             0x1000728a   Data           1  app_menu.o(.data)
    ack                                      0x1000728b   Data           4  app_menu.o(.data)
    end                                      0x1000728f   Data           4  app_menu.o(.data)
    n                                        0x10007293   Data           4  app_menu.o(.data)
    scan                                     0x10007297   Data           5  app_menu.o(.data)
    stop                                     0x1000729c   Data           5  app_menu.o(.data)
    rssi                                     0x100072a1   Data           5  app_menu.o(.data)
    chmapBuf                                 0x100072a6   Data           5  app_menu.o(.data)
    begin                                    0x100072ab   Data           6  app_menu.o(.data)
    start                                    0x100072b1   Data           6  app_menu.o(.data)
    check                                    0x100072b7   Data           6  app_menu.o(.data)
    connect                                  0x100072bd   Data           8  app_menu.o(.data)
    app_state                                0x100072c6   Data           2  app_task.o(.data)
    ScanResp                                 0x100072c8   Data           1  app_gap_task.o(.data)
    ConnResp                                 0x100072c9   Data           1  app_gap_task.o(.data)
    expectedNodMask                          0x100072ca   Data           1  app_gap_task.o(.data)
    low_power_mode_en                        0x100072d0   Data           1  sleep.o(.data)
    PGCR1_restore                            0x100072d4   Data           4  sleep.o(.data)
    sleep_env                                0x100072d8   Data          20  sleep.o(.data)
    g_SystemClock                            0x100072ec   Data           4  syscon.o(.data)
    g_AhbClock                               0x100072f0   Data           4  syscon.o(.data)
    g_ApbClock                               0x100072f4   Data           4  syscon.o(.data)
    timer1_env                               0x100072f8   Data           8  timer.o(.data)
    timer2_env                               0x10007300   Data           8  timer.o(.data)
    timer3_env                               0x10007308   Data           8  timer.o(.data)
    __stdout                                 0x10007314   Data           4  retarget.o(.data)
    ke_evt_hdlr                              0x1000731c   Data           4  lib.o(.data)
    ke_env                                   0x10007320   Data           4  lib.o(.data)
    rwble_env                                0x10007324   Data           4  lib.o(.data)
    LLM_AA_CT2                               0x10007328   Data           4  lib.o(.data)
    LLM_AA_CT1                               0x1000732c   Data           4  lib.o(.data)
    app_env                                  0x10007e8c   Data        1264  app_env.o(.bss)
    nod                                      0x1000837c   Data          54  app_menu.o(.bss)
    buf                                      0x100083b2   Data         108  app_menu.o(.bss)
    chmapArray                               0x1000841e   Data          40  app_menu.o(.bss)
    chmapArray_default                       0x10008446   Data          40  app_menu.o(.bss)
    qn                                       0x1000846e   Data        5256  app_menu.o(.bss)
    app_uart_env                             0x100098f6   Data         256  app_sys.o(.bss)
    uartMemBuf                               0x10009a28   Data         272  uart.o(.bss)
    gatt_idle_new                            0x1000a128   Data         256  lib.o(.bss)
    __initial_sp                             0x1000a600   Data           0  startup.o(STACK)



==============================================================================

Memory Map of the image

  Image Entry point : 0x100000c1

  Load Region LR_ROM1 (Base: 0x10000000, Size: 0x00007368, Max: 0x0000cdb0, ABSOLUTE)

    Execution Region APP_CODE (Base: 0x10000000, Size: 0x0000a600, Max: 0x0000cdb0, ABSOLUTE)

    Base Addr    Size         Type   Attr      Idx    E Section Name        Object

    0x10000000   0x000000c0   Data   RO            3    RESET               startup.o
    0x100000c0   0x00000000   Code   RO         3003  * .ARM.Collect$$$$00000000  mc_p.l(entry.o)
    0x100000c0   0x00000004   Code   RO         3306    .ARM.Collect$$$$00000001  mc_p.l(entry2.o)
    0x100000c4   0x00000004   Code   RO         3309    .ARM.Collect$$$$00000004  mc_p.l(entry5.o)
    0x100000c8   0x00000000   Code   RO         3311    .ARM.Collect$$$$00000008  mc_p.l(entry7b.o)
    0x100000c8   0x00000000   Code   RO         3313    .ARM.Collect$$$$0000000A  mc_p.l(entry8b.o)
    0x100000c8   0x00000008   Code   RO         3314    .ARM.Collect$$$$0000000B  mc_p.l(entry9a.o)
    0x100000d0   0x00000000   Code   RO         3316    .ARM.Collect$$$$0000000D  mc_p.l(entry10a.o)
    0x100000d0   0x00000000   Code   RO         3318    .ARM.Collect$$$$0000000F  mc_p.l(entry11a.o)
    0x100000d0   0x00000004   Code   RO         3307    .ARM.Collect$$$$00002712  mc_p.l(entry2.o)
    0x100000d4   0x00000030   Code   RO            4    .text               startup.o
    0x10000104   0x000001ae   Code   RO         3001    .text               qn9020b2_lib_allroles.lib(math.o)
    0x100002b2   0x0000002c   Code   RO         3006    .text               mc_p.l(uidiv.o)
    0x100002de   0x00000026   Code   RO         3010    .text               mc_p.l(llsshr.o)
    0x10000304   0x00000024   Code   RO         3012    .text               mc_p.l(rand.o)
    0x10000328   0x00000024   Code   RO         3015    .text               mc_p.l(memcpya.o)
    0x1000034c   0x00000024   Code   RO         3017    .text               mc_p.l(memseta.o)
    0x10000370   0x0000001a   Code   RO         3021    .text               mc_p.l(memcmp.o)
    0x1000038a   0x00000012   Code   RO         3023    .text               mc_p.l(strcpy.o)
    0x1000039c   0x0000001e   Code   RO         3025    .text               mc_p.l(strncmp.o)
    0x100003ba   0x0000001a   Code   RO         3292    .text               mc_p.l(atoi.o)
    0x100003d4   0x00000164   Code   RO         3294    .text               mf_p.l(dadd.o)
    0x10000538   0x000000d0   Code   RO         3296    .text               mf_p.l(dmul.o)
    0x10000608   0x00000028   Code   RO         3298    .text               mf_p.l(dflti.o)
    0x10000630   0x0000001c   Code   RO         3300    .text               mf_p.l(dfltui.o)
    0x1000064c   0x00000048   Code   RO         3302    .text               mf_p.l(dfixi.o)
    0x10000694   0x00000028   Code   RO         3304    .text               mf_p.l(cdcmple.o)
    0x100006bc   0x00000020   Code   RO         3320    .text               mc_p.l(llshl.o)
    0x100006dc   0x00000022   Code   RO         3322    .text               mc_p.l(llushr.o)
    0x100006fe   0x00000002   PAD
    0x10000700   0x00000070   Code   RO         3331    .text               mc_p.l(strtol.o)
    0x10000770   0x00000000   Code   RO         3333    .text               mc_p.l(iusefp.o)
    0x10000770   0x000000be   Code   RO         3334    .text               mf_p.l(depilogue.o)
    0x1000082e   0x00000002   PAD
    0x10000830   0x00000024   Code   RO         3344    .text               mc_p.l(init.o)
    0x10000854   0x00000008   Code   RO         3346    .text               mc_p.l(ctype_o.o)
    0x1000085c   0x000000a6   Code   RO         3374    .text               mc_p.l(_strtoul.o)
    0x10000902   0x0000001e   Code   RO         3376    .text               mc_p.l(_chval.o)
    0x10000920   0x000000ac   Code   RO         2852    i.BLE_IRQHandler    qn9020b2_lib_allroles.lib(lib.o)
    0x100009cc   0x00000034   Code   RO         2596    i.DMA_IRQHandler    dma.o
    0x10000a00   0x00000028   Code   RO         2217    i.GPIO_IRQHandler   gpio.o
    0x10000a28   0x00000014   Code   RO         2328    i.OSC_EN_IRQHandler  sleep.o
    0x10000a3c   0x00000074   Code   RO         2682    i.SPI0_RX_IRQHandler  spi.o
    0x10000ab0   0x00000050   Code   RO         2683    i.SPI0_TX_IRQHandler  spi.o
    0x10000b00   0x00000110   Code   RO          288    i.SystemInit        system.o
    0x10000c10   0x00000034   Code   RO         2511    i.TIMER1_IRQHandler  timer.o
    0x10000c44   0x00000034   Code   RO         2512    i.TIMER2_IRQHandler  timer.o
    0x10000c78   0x00000034   Code   RO         2513    i.TIMER3_IRQHandler  timer.o
    0x10000cac   0x00000064   Code   RO         2097    i.UART0_RX_IRQHandler  uart.o
    0x10000d10   0x00000050   Code   RO         2098    i.UART0_TX_IRQHandler  uart.o
    0x10000d60   0x00000014   Code   RO         2100    i.UartPutc          uart.o
    0x10000d74   0x00000020   Code   RO         3236    i.__0printf$8       mc_p.l(printf8.o)
    0x10000d94   0x0000002e   Code   RO         3336    i.__ARM_clz         mf_p.l(depilogue.o)
    0x10000dc2   0x0000001a   Code   RO          673    i.__ARM_common_switch8  app_menu.o
    0x10000ddc   0x00000008   Code   RO         3324    i.__aeabi_errno_addr  mc_p.l(errno.o)
    0x10000de4   0x00000034   Code   RO         2854    i.__nvds_get        qn9020b2_lib_allroles.lib(lib.o)
    0x10000e18   0x000000e0   Code   RO         2857    i.__nvds_wrtie      qn9020b2_lib_allroles.lib(lib.o)
    0x10000ef8   0x0000000e   Code   RO         3380    i.__scatterload_copy  mc_p.l(handlers.o)
    0x10000f06   0x00000002   Code   RO         3381    i.__scatterload_null  mc_p.l(handlers.o)
    0x10000f08   0x0000000e   Code   RO         3382    i.__scatterload_zeroinit  mc_p.l(handlers.o)
    0x10000f16   0x00000002   PAD
    0x10000f18   0x00000428   Code   RO         3243    i._printf_core      mc_p.l(printf8.o)
    0x10001340   0x00000020   Code   RO         3244    i._printf_post_padding  mc_p.l(printf8.o)
    0x10001360   0x0000002c   Code   RO         3245    i._printf_pre_padding  mc_p.l(printf8.o)
    0x1000138c   0x00000024   Code   RO          804    i.app_add_bonded_dev  app_util.o
    0x100013b0   0x00000004   Code   RO          805    i.app_check_update_conn_param  app_util.o
    0x100013b4   0x0000004c   Code   RO         1188    i.app_correct_rssi  app_gap_task.o
    0x10001400   0x00000002   Code   RO          807    i.app_create_server_service_DB  app_util.o
    0x10001402   0x0000000e   Code   RO         1189    i.app_device_setup  app_gap_task.o
    0x10001410   0x00000002   Code   RO          808    i.app_enable_server_service  app_util.o
    0x10001412   0x00000002   PAD
    0x10001414   0x0000003c   Code   RO          809    i.app_find_bonded_dev  app_util.o
    0x10001450   0x00000048   Code   RO         1190    i.app_gap_adv_req_cmp_evt_handler  app_gap_task.o
    0x10001498   0x00000088   Code   RO         1006    i.app_gap_adv_start_req  app_gap.o
    0x10001520   0x00000024   Code   RO         1007    i.app_gap_adv_stop_req  app_gap.o
    0x10001544   0x00000054   Code   RO         1008    i.app_gap_bond_req  app_gap.o
    0x10001598   0x00000068   Code   RO         1191    i.app_gap_bond_req_cmp_ind_handler  app_gap_task.o
    0x10001600   0x0000005c   Code   RO         1192    i.app_gap_bond_req_ind_handler  app_gap_task.o
    0x1000165c   0x0000003c   Code   RO         1009    i.app_gap_bond_resp  app_gap.o
    0x10001698   0x00000004   Code   RO         1193    i.app_gap_cancel_conn_req_cmp_evt_handler  app_gap_task.o
    0x1000169c   0x00000038   Code   RO         1010    i.app_gap_change_param_req  app_gap.o
    0x100016d4   0x0000000a   Code   RO         1194    i.app_gap_change_param_req_cmp_handler  app_gap_task.o
    0x100016de   0x00000004   Code   RO         1195    i.app_gap_channel_map_cmp_handler  app_gap_task.o
    0x100016e2   0x00000002   PAD
    0x100016e4   0x00000038   Code   RO         1011    i.app_gap_channel_map_req  app_gap.o
    0x1000171c   0x00000028   Code   RO         1012    i.app_gap_dev_inq_cancel_req  app_gap.o
    0x10001744   0x0000007c   Code   RO         1196    i.app_gap_dev_inq_cmp_handler  app_gap_task.o
    0x100017c0   0x00000050   Code   RO         1013    i.app_gap_dev_inq_req  app_gap.o
    0x10001810   0x000000c8   Code   RO         1197    i.app_gap_dev_inq_result_handler  app_gap_task.o
    0x100018d8   0x000000bc   Code   RO         1198    i.app_gap_discon_cmp_evt_handler  app_gap_task.o
    0x10001994   0x00000028   Code   RO         1014    i.app_gap_discon_req  app_gap.o
    0x100019bc   0x00000010   Code   RO         1015    i.app_gap_le_cancel_conn_req  app_gap.o
    0x100019cc   0x00000058   Code   RO         1016    i.app_gap_le_create_conn_req  app_gap.o
    0x10001a24   0x00000120   Code   RO         1199    i.app_gap_le_create_conn_req_cmp_evt_handler  app_gap_task.o
    0x10001b44   0x00000054   Code   RO         1200    i.app_gap_le_rd_remote_feat_req_cmp_handler  app_gap_task.o
    0x10001b98   0x0000008c   Code   RO         1201    i.app_gap_name_req_cmp_handler  app_gap_task.o
    0x10001c24   0x00000022   Code   RO         1202    i.app_gap_param_update_req_ind_handler  app_gap_task.o
    0x10001c46   0x00000002   PAD
    0x10001c48   0x00000058   Code   RO         1203    i.app_gap_param_update_resp_handler  app_gap_task.o
    0x10001ca0   0x0000004c   Code   RO         1204    i.app_gap_rd_remote_ver_info_cmp_handler  app_gap_task.o
    0x10001cec   0x00000014   Code   RO         1021    i.app_gap_read_bdaddr_req  app_gap.o
    0x10001d00   0x00000060   Code   RO         1205    i.app_gap_read_bdaddr_req_cmp_evt_handler  app_gap_task.o
    0x10001d60   0x00000024   Code   RO         1022    i.app_gap_read_rssi_req  app_gap.o
    0x10001d84   0x00000040   Code   RO         1206    i.app_gap_read_rssi_req_cmp_handler  app_gap_task.o
    0x10001dc4   0x00000014   Code   RO         1023    i.app_gap_read_ver_req  app_gap.o
    0x10001dd8   0x0000002c   Code   RO         1207    i.app_gap_read_ver_req_cmp_evt_handler  app_gap_task.o
    0x10001e04   0x00000016   Code   RO         1208    i.app_gap_ready_evt_handler  app_gap_task.o
    0x10001e1a   0x0000000a   Code   RO         1209    i.app_gap_reset_req_cmp_handler  app_gap_task.o
    0x10001e24   0x0000005c   Code   RO         1210    i.app_gap_scan_req_cmp_evt_handler  app_gap_task.o
    0x10001e80   0x00000024   Code   RO         1026    i.app_gap_set_bondable_mode_req  app_gap.o
    0x10001ea4   0x00000034   Code   RO         1211    i.app_gap_set_devname_req_cmp_evt_handler  app_gap_task.o
    0x10001ed8   0x00000078   Code   RO         1212    i.app_gap_set_mode_req_cmp_evt_handler  app_gap_task.o
    0x10001f50   0x00000060   Code   RO         1213    i.app_gap_set_ph_privacy_req_cmp_handler  app_gap_task.o
    0x10001fb0   0x00000048   Code   RO         1214    i.app_gap_set_privacy_req_cmp_handler  app_gap_task.o
    0x10001ff8   0x00000030   Code   RO         1215    i.app_gap_set_random_add_req_cmp_handler  app_gap_task.o
    0x10002028   0x00000068   Code   RO         1216    i.app_gap_set_recon_addr_req_cmp_handler  app_gap_task.o
    0x10002090   0x00000028   Code   RO         1032    i.app_gap_set_sec_req  app_gap.o
    0x100020b8   0x00000024   Code   RO         1217    i.app_gap_set_sec_req_cmp_evt_handler  app_gap_task.o
    0x100020dc   0x00000038   Code   RO         1033    i.app_gap_unpair_req  app_gap.o
    0x10002114   0x0000002c   Code   RO         1474    i.app_gatt_cancel_write_char_resp_handler  app_gatt_task.o
    0x10002140   0x00000004   Code   RO         1475    i.app_gatt_cmp_evt_handler  app_gatt_task.o
    0x10002144   0x0000005c   Code   RO         1476    i.app_gatt_disc_char_all_128_cmp_evt_handler  app_gatt_task.o
    0x100021a0   0x00000034   Code   RO         1477    i.app_gatt_disc_char_all_cmp_evt_handler  app_gatt_task.o
    0x100021d4   0x0000005c   Code   RO         1478    i.app_gatt_disc_char_by_uuid_128_cmp_evt_handler  app_gatt_task.o
    0x10002230   0x00000034   Code   RO         1479    i.app_gatt_disc_char_by_uuid_cmp_evt_handler  app_gatt_task.o
    0x10002264   0x0000006c   Code   RO         1480    i.app_gatt_disc_char_desc_128_cmp_evt_handler  app_gatt_task.o
    0x100022d0   0x00000060   Code   RO         1481    i.app_gatt_disc_char_desc_cmp_evt_handler  app_gatt_task.o
    0x10002330   0x0000002c   Code   RO         1482    i.app_gatt_disc_cmp_evt_handler  app_gatt_task.o
    0x1000235c   0x00000078   Code   RO         1483    i.app_gatt_disc_svc_all_128_cmp_evt_handler  app_gatt_task.o
    0x100023d4   0x000000ac   Code   RO         1484    i.app_gatt_disc_svc_all_cmp_evt_handler  app_gatt_task.o
    0x10002480   0x0000005c   Code   RO         1485    i.app_gatt_disc_svc_by_uuid_cmp_evt_handler  app_gatt_task.o
    0x100024dc   0x000000c4   Code   RO         1486    i.app_gatt_disc_svc_incl_cmp_evt_handler  app_gatt_task.o
    0x100025a0   0x00000034   Code   RO         1399    i.app_gatt_disc_svc_req  app_gatt.o
    0x100025d4   0x00000050   Code   RO         1487    i.app_gatt_handle_value_cfm_handler  app_gatt_task.o
    0x10002624   0x00000074   Code   RO         1488    i.app_gatt_handle_value_ind_handler  app_gatt_task.o
    0x10002698   0x000000f8   Code   RO         1489    i.app_gatt_handle_value_notif_handler  app_gatt_task.o
    0x10002790   0x0000003c   Code   RO         1490    i.app_gatt_notify_cmp_evt_handler  app_gatt_task.o
    0x100027cc   0x00000078   Code   RO         1491    i.app_gatt_read_char_mult_resp_handler  app_gatt_task.o
    0x10002844   0x00000044   Code   RO         1403    i.app_gatt_read_char_req  app_gatt.o
    0x10002888   0x0000009c   Code   RO         1492    i.app_gatt_read_char_resp_handler  app_gatt_task.o
    0x10002924   0x00000028   Code   RO         1218    i.app_gatt_resource_access_req_handler  app_gap_task.o
    0x1000294c   0x00000068   Code   RO         1493    i.app_gatt_write_char_reliable_resp_handler  app_gatt_task.o
    0x100029b4   0x0000004c   Code   RO         1405    i.app_gatt_write_char_req  app_gatt.o
    0x10002a00   0x00000004   Code   RO         1494    i.app_gatt_write_char_resp_handler  app_gatt_task.o
    0x10002a04   0x00000044   Code   RO          810    i.app_get_bd_addr_by_conhdl  app_util.o
    0x10002a48   0x00000030   Code   RO          811    i.app_get_bd_addr_by_idx  app_util.o
    0x10002a78   0x0000000c   Code   RO          812    i.app_get_bond_nb   app_util.o
    0x10002a84   0x00000024   Code   RO          813    i.app_get_bond_status  app_util.o
    0x10002aa8   0x00000028   Code   RO          817    i.app_get_conhdl_by_idx  app_util.o
    0x10002ad0   0x0000000c   Code   RO          818    i.app_get_link_nb   app_util.o
    0x10002adc   0x00000020   Code   RO          819    i.app_get_link_status_by_idx  app_util.o
    0x10002afc   0x00000024   Code   RO          820    i.app_get_lk_sec_status  app_util.o
    0x10002b20   0x00000004   Code   RO          821    i.app_get_local_service_flag  app_util.o
    0x10002b24   0x00000004   Code   RO          822    i.app_get_qpp_client_service_status  app_util.o
    0x10002b28   0x00000028   Code   RO          823    i.app_get_rec_idx_by_conhdl  app_util.o
    0x10002b50   0x0000000c   Code   RO          825    i.app_get_role      app_util.o
    0x10002b5c   0x00000026   Code   RO          826    i.app_i_to_array    app_util.o
    0x10002b82   0x00000002   PAD
    0x10002b84   0x00000064   Code   RO          517    i.app_init          app_env.o
    0x10002be8   0x0000001c   Code   RO          827    i.app_init_local_smp_key  app_util.o
    0x10002c04   0x00000060   Code   RO          549    i.app_menu_cb       app_menu.o
    0x10002c64   0x00000094   Code   RO          550    i.app_menu_handler_gap  app_menu.o
    0x10002cf8   0x000001fc   Code   RO          551    i.app_menu_handler_gap_dev_select  app_menu.o
    0x10002ef4   0x00000098   Code   RO          552    i.app_menu_handler_gatt_ext_evt_notif  app_menu.o
    0x10002f8c   0x00000060   Code   RO          553    i.app_menu_handler_gatt_ext_write_req  app_menu.o
    0x10002fec   0x000004e8   Code   RO          554    i.app_menu_handler_main  app_menu.o
    0x100034d4   0x00000080   Code   RO          555    i.app_menu_handler_qppc  app_menu.o
    0x10003554   0x00000164   Code   RO          556    i.app_menu_hdl      app_menu.o
    0x100036b8   0x00000234   Code   RO          557    i.app_menu_show     app_menu.o
    0x100038ec   0x0000013c   Code   RO          558    i.app_menu_show_gap  app_menu.o
    0x10003a28   0x0000011c   Code   RO          559    i.app_menu_show_gap_bond_record  app_menu.o
    0x10003b44   0x00000138   Code   RO          560    i.app_menu_show_gap_dev_record  app_menu.o
    0x10003c7c   0x000000b4   Code   RO          561    i.app_menu_show_gap_inq_record  app_menu.o
    0x10003d30   0x000000a0   Code   RO          562    i.app_menu_show_gatt  app_menu.o
    0x10003dd0   0x000000f4   Code   RO          563    i.app_menu_show_gatt_disp_all_svc  app_menu.o
    0x10003ec4   0x00000108   Code   RO          564    i.app_menu_show_gatt_ext  app_menu.o
    0x10003fcc   0x000000d4   Code   RO          565    i.app_menu_show_gatt_ext_evt_notif  app_menu.o
    0x100040a0   0x00000084   Code   RO          566    i.app_menu_show_gatt_ext_write_req  app_menu.o
    0x10004124   0x00000068   Code   RO          567    i.app_menu_show_main  app_menu.o
    0x1000418c   0x0000013c   Code   RO          568    i.app_menu_show_smp  app_menu.o
    0x100042c8   0x000000c0   Code   RO          569    i.app_menu_show_smp_iocap_set  app_menu.o
    0x10004388   0x00000082   Code   RO          828    i.app_parser_adv_data  app_util.o
    0x1000440a   0x00000002   PAD
    0x1000440c   0x00000044   Code   RO         1760    i.app_qppc_enable_req  app_qppc.o
    0x10004450   0x0000006c   Code   RO          829    i.app_set_adv_data  app_util.o
    0x100044bc   0x0000000c   Code   RO          830    i.app_set_client_service_status  app_util.o
    0x100044c8   0x0000007c   Code   RO          831    i.app_set_link_status_by_conhdl  app_util.o
    0x10004544   0x0000000c   Code   RO          833    i.app_set_role      app_util.o
    0x10004550   0x00000050   Code   RO          834    i.app_set_scan_rsp_data  app_util.o
    0x100045a0   0x00000138   Code   RO          518    i.app_smp_init      app_env.o
    0x100046d8   0x00000032   Code   RO         1668    i.app_smpc_chk_bd_addr_req_ind_handler  app_smp_task.o
    0x1000470a   0x00000002   PAD
    0x1000470c   0x00000040   Code   RO         1618    i.app_smpc_chk_bd_addr_req_rsp  app_smp.o
    0x1000474c   0x0000008c   Code   RO         1669    i.app_smpc_irk_req_ind_handler  app_smp_task.o
    0x100047d8   0x0000004c   Code   RO         1619    i.app_smpc_irk_req_rsp  app_smp.o
    0x10004824   0x000000b4   Code   RO         1670    i.app_smpc_key_ind_handler  app_smp_task.o
    0x100048d8   0x000000e4   Code   RO         1671    i.app_smpc_ltk_req_ind_handler  app_smp_task.o
    0x100049bc   0x00000054   Code   RO         1620    i.app_smpc_ltk_req_rsp  app_smp.o
    0x10004a10   0x0000002c   Code   RO         1672    i.app_smpc_sec_started_ind_handler  app_smp_task.o
    0x10004a3c   0x00000044   Code   RO         1673    i.app_smpc_timeout_evt_handler  app_smp_task.o
    0x10004a80   0x00000090   Code   RO         1674    i.app_smpc_tk_req_ind_handler  app_smp_task.o
    0x10004b10   0x0000003c   Code   RO         1622    i.app_smpc_tk_req_rsp  app_smp.o
    0x10004b4c   0x00000024   Code   RO         1675    i.app_smpm_set_key_cfm_handler  app_smp_task.o
    0x10004b70   0x00000034   Code   RO         1623    i.app_smpm_set_key_req  app_smp.o
    0x10004ba4   0x00000002   Code   RO          383    i.app_task_msg_hdl  usr_design.o
    0x10004ba6   0x00000002   PAD
    0x10004ba8   0x0000002c   Code   RO          771    i.app_uart_data_ind_handler  app_task.o
    0x10004bd4   0x00000024   Code   RO          743    i.app_uart_init     app_sys.o
    0x10004bf8   0x00000064   Code   RO          744    i.app_uart_rx_done  app_sys.o
    0x10004c5c   0x00000028   Code   RO         2858    i.attc_rd_blob_req_handler_patch  qn9020b2_lib_allroles.lib(lib.o)
    0x10004c84   0x0000004c   Code   RO         2859    i.atts_req_error_ind_handler_patch  qn9020b2_lib_allroles.lib(lib.o)
    0x10004cd0   0x000001fc   Code   RO         2863    i.ble_init          qn9020b2_lib_allroles.lib(lib.o)
    0x10004ecc   0x00000030   Code   RO         2864    i.ble_sleep         qn9020b2_lib_allroles.lib(lib.o)
    0x10004efc   0x0000000c   Code   RO         2865    i.cal_cal_SetCAL0WithMask  qn9020b2_lib_allroles.lib(lib.o)
    0x10004f08   0x0000000c   Code   RO         2866    i.cal_cal_SetCAL1WithMask  qn9020b2_lib_allroles.lib(lib.o)
    0x10004f14   0x00000014   Code   RO         2867    i.check_ble_wakeup  qn9020b2_lib_allroles.lib(lib.o)
    0x10004f28   0x00000010   Code   RO         2868    i.co_buf_rx_get     qn9020b2_lib_allroles.lib(lib.o)
    0x10004f38   0x00000064   Code   RO         2869    i.config_work_mode  qn9020b2_lib_allroles.lib(lib.o)
    0x10004f9c   0x0000003c   Code   RO         2870    i.dc_dc_enable      qn9020b2_lib_allroles.lib(lib.o)
    0x10004fd8   0x0000002c   Code   RO         2871    i.default_enter_sleep_cb  qn9020b2_lib_allroles.lib(lib.o)
    0x10005004   0x0000001c   Code   RO         2872    i.default_exit_sleep_cb  qn9020b2_lib_allroles.lib(lib.o)
    0x10005020   0x00000010   Code   RO         2873    i.delay             qn9020b2_lib_allroles.lib(lib.o)
    0x10005030   0x00000010   Code   RO         2597    i.dev_allow_sleep   dma.o
    0x10005040   0x00000014   Code   RO         2874    i.dp_dp_SetRegWithMask  qn9020b2_lib_allroles.lib(lib.o)
    0x10005054   0x00000060   Code   RO         2101    i.drv_uart_putChar  uart.o
    0x100050b4   0x000000e4   Code   RO         2330    i.enter_sleep       sleep.o
    0x10005198   0x0000009c   Code   RO         2875    i.flash_on          qn9020b2_lib_allroles.lib(lib.o)
    0x10005234   0x00000002   Code   RO         2876    i.foo1              qn9020b2_lib_allroles.lib(lib.o)
    0x10005236   0x0000000a   Code   RO         2801    i.fputc             retarget.o
    0x10005240   0x0000009c   Code   RO         2877    i.fw_ble_sleep      qn9020b2_lib_allroles.lib(lib.o)
    0x100052dc   0x0000006c   Code   RO         2878    i.gap_discon_ind_handler_patch  qn9020b2_lib_allroles.lib(lib.o)
    0x10005348   0x00000060   Code   RO         2879    i.gap_set_mode_req_handler_patch  qn9020b2_lib_allroles.lib(lib.o)
    0x100053a8   0x00000048   Code   RO         2880    i.gatt_read_char_req_handler_patch  qn9020b2_lib_allroles.lib(lib.o)
    0x100053f0   0x000000fc   Code   RO         2881    i.gatt_write_char_req_handler_patch  qn9020b2_lib_allroles.lib(lib.o)
    0x100054ec   0x0000001c   Code   RO         2220    i.gpio_init         gpio.o
    0x10005508   0x0000000e   Code   RO         2225    i.gpio_set_direction_field  gpio.o
    0x10005516   0x00000016   Code   RO         2230    i.gpio_write_pin    gpio.o
    0x1000552c   0x00000014   Code   RO         2882    i.is_flash_off      qn9020b2_lib_allroles.lib(lib.o)
    0x10005540   0x0000004c   Code   RO         2883    i.ke_schedule       qn9020b2_lib_allroles.lib(lib.o)
    0x1000558c   0x00000028   Code   RO         2884    i.ke_time           qn9020b2_lib_allroles.lib(lib.o)
    0x100055b4   0x0000005c   Code   RO         2886    i.l2cc_data_packet_ind_handler_patch  qn9020b2_lib_allroles.lib(lib.o)
    0x10005610   0x00000050   Code   RO         2887    i.l2cc_data_send_rsp_handler_patch  qn9020b2_lib_allroles.lib(lib.o)
    0x10005660   0x0000003c   Code   RO         2762    i.led_init          led.o
    0x1000569c   0x0000002a   Code   RO         2764    i.led_set           led.o
    0x100056c6   0x00000002   PAD
    0x100056c8   0x00000080   Code   RO         2888    i.llc_disc_evt_complete_handler_patch  qn9020b2_lib_allroles.lib(lib.o)
    0x10005748   0x00000138   Code   RO         2889    i.llc_le_con_update_cmd_handler_new  qn9020b2_lib_allroles.lib(lib.o)
    0x10005880   0x00000120   Code   RO         2890    i.lld_con_start     qn9020b2_lib_allroles.lib(lib.o)
    0x100059a0   0x000000b0   Code   RO         2891    i.lld_evt_periodic_alloc  qn9020b2_lib_allroles.lib(lib.o)
    0x10005a50   0x0000001c   Code   RO         2892    i.lld_evt_scan_create  qn9020b2_lib_allroles.lib(lib.o)
    0x10005a6c   0x0000003c   Code   RO         2893    i.lld_sleep_lpcycles_2_us  qn9020b2_lib_allroles.lib(lib.o)
    0x10005aa8   0x00000128   Code   RO         2894    i.llm_create_con    qn9020b2_lib_allroles.lib(lib.o)
    0x10005bd0   0x00000094   Code   RO         2895    i.llm_create_con_cmd_complete_handler_patch  qn9020b2_lib_allroles.lib(lib.o)
    0x10005c64   0x00000038   Code   RO         2896    i.llm_le_create_con_cmd_handler_new  qn9020b2_lib_allroles.lib(lib.o)
    0x10005c9c   0x00000020   Code   RO         2897    i.llm_le_create_con_stat_evt_handler_patch  qn9020b2_lib_allroles.lib(lib.o)
    0x10005cbc   0x0000006c   Code   RO         2898    i.llm_util_aa_gen   qn9020b2_lib_allroles.lib(lib.o)
    0x10005d28   0x0000013c   Code   RO           15    i.main              app_main.o
    0x10005e64   0x00000040   Code   RO         2899    i.nvds_copy         qn9020b2_lib_allroles.lib(lib.o)
    0x10005ea4   0x0000002c   Code   RO         2900    i.nvds_erase        qn9020b2_lib_allroles.lib(lib.o)
    0x10005ed0   0x00000094   Code   RO         2902    i.nvds_read         qn9020b2_lib_allroles.lib(lib.o)
    0x10005f64   0x00000070   Code   RO         2903    i.nvds_restore_backup  qn9020b2_lib_allroles.lib(lib.o)
    0x10005fd4   0x0000004e   Code   RO         2904    i.nvds_write        qn9020b2_lib_allroles.lib(lib.o)
    0x10006022   0x00000002   PAD
    0x10006024   0x00000314   Code   RO         2906    i.plf_init          qn9020b2_lib_allroles.lib(lib.o)
    0x10006338   0x00000010   Code   RO         2907    i.plf_reset_cb      qn9020b2_lib_allroles.lib(lib.o)
    0x10006348   0x00000150   Code   RO         2908    i.powerup_calibration  qn9020b2_lib_allroles.lib(lib.o)
    0x10006498   0x00000002   Code   RO         1902    i.prf_dispatch_disconnect  prf_utils.o
    0x1000649a   0x00000002   Code   RO         1905    i.prf_init          prf_utils.o
    0x1000649c   0x00000054   Code   RO         2911    i.restore_ble_setting  qn9020b2_lib_allroles.lib(lib.o)
    0x100064f0   0x00000024   Code   RO         2912    i.rwble_slot_2_lpcycles  qn9020b2_lib_allroles.lib(lib.o)
    0x10006514   0x00000030   Code   RO         2913    i.sector_erase_flash_patch  qn9020b2_lib_allroles.lib(lib.o)
    0x10006544   0x00000010   Code   RO         2915    i.set_dbg_info      qn9020b2_lib_allroles.lib(lib.o)
    0x10006554   0x0000002c   Code   RO         2332    i.sleep_cb          sleep.o
    0x10006580   0x00000034   Code   RO         2333    i.sleep_init        sleep.o
    0x100065b4   0x0000005a   Code   RO         2916    i.sleep_post_process  qn9020b2_lib_allroles.lib(lib.o)
    0x1000660e   0x00000002   PAD
    0x10006610   0x00000058   Code   RO         2917    i.smp_rtx_ind_handler_patch  qn9020b2_lib_allroles.lib(lib.o)
    0x10006668   0x0000002c   Code   RO          289    i.spi_clock_off     system.o
    0x10006694   0x00000024   Code   RO         2688    i.spi_rx_data       spi.o
    0x100066b8   0x0000002a   Code   RO         2689    i.spi_tx_data       spi.o
    0x100066e2   0x00000002   PAD
    0x100066e4   0x00000038   Code   RO         2690    i.spi_tx_int_enable  spi.o
    0x1000671c   0x0000000c   Code   RO         2334    i.syscon_SetCMDCRWithMask  sleep.o
    0x10006728   0x0000000c   Code   RO         2423    i.syscon_SetCMDCRWithMask  syscon.o
    0x10006734   0x0000000e   Code   RO         2918    i.syscon_SetIvrefX32WithMask  qn9020b2_lib_allroles.lib(lib.o)
    0x10006742   0x0000000e   Code   RO         2335    i.syscon_SetPGCR0WithMask  sleep.o
    0x10006750   0x0000000e   Code   RO         2919    i.syscon_SetPGCR1WithMask  qn9020b2_lib_allroles.lib(lib.o)
    0x1000675e   0x0000000e   Code   RO         2336    i.syscon_SetPGCR2WithMask  sleep.o
    0x1000676c   0x0000000e   Code   RO         2920    i.syscon_SetPGCR2WithMask  qn9020b2_lib_allroles.lib(lib.o)
    0x1000677a   0x0000000e   Code   RO         2921    i.syscon_SetXtalBuckWithMask  qn9020b2_lib_allroles.lib(lib.o)
    0x10006788   0x00000038   Code   RO         2428    i.syscon_set_ahb_clk  syscon.o
    0x100067c0   0x00000034   Code   RO         2429    i.syscon_set_apb_clk  syscon.o
    0x100067f4   0x00000040   Code   RO         2430    i.syscon_set_ble_clk  syscon.o
    0x10006834   0x000000b8   Code   RO         2431    i.syscon_set_sysclk_src  syscon.o
    0x100068ec   0x0000002c   Code   RO         2432    i.syscon_set_timer_clk  syscon.o
    0x10006918   0x00000070   Code   RO         2433    i.syscon_set_usart_clk  syscon.o
    0x10006988   0x00000038   Code   RO          772    i.task_app_desc_register  app_task.o
    0x100069c0   0x00000160   Code   RO         2922    i.task_gap_desc_register  qn9020b2_lib_allroles.lib(lib.o)
    0x10006b20   0x000000cc   Code   RO         2923    i.task_gatt_desc_register  qn9020b2_lib_allroles.lib(lib.o)
    0x10006bec   0x00000034   Code   RO          290    i.timer_clock_off   system.o
    0x10006c20   0x0000002c   Code   RO          291    i.uart_clock_off    system.o
    0x10006c4c   0x000000a4   Code   RO         2107    i.uart_init         uart.o
    0x10006cf0   0x00000060   Code   RO         2109    i.uart_read         uart.o
    0x10006d50   0x00000038   Code   RO         2110    i.uart_tx_int_enable  uart.o
    0x10006d88   0x00000002   Code   RO          384    i.usr_init          usr_design.o
    0x10006d8a   0x00000004   Code   RO         2337    i.usr_sleep         sleep.o
    0x10006d8e   0x00000002   Code   RO          385    i.usr_sleep_restore  usr_design.o
    0x10006d90   0x00000068   Code   RO         2339    i.wakeup_by_sleep_timer  sleep.o
    0x10006df8   0x000001d8   Data   RO          773    .constdata          app_task.o
    0x10006fd0   0x00000030   Data   RO          774    .constdata          app_task.o
    0x10007000   0x00000033   Data   RO         2113    .constdata          uart.o
    0x10007033   0x00000001   PAD
    0x10007034   0x00000028   Data   RO         2925    .constdata          qn9020b2_lib_allroles.lib(lib.o)
    0x1000705c   0x00000081   Data   RO         3347    .constdata          mc_p.l(ctype_o.o)
    0x100070dd   0x00000003   PAD
    0x100070e0   0x00000004   Data   RO         3348    .constdata          mc_p.l(ctype_o.o)
    0x100070e4   0x00000045   Data   RO         1219    .conststring        app_gap_task.o
    0x10007129   0x00000003   PAD
    0x1000712c   0x000000ee   Data   RO         1495    .conststring        app_gatt_task.o
    0x1000721a   0x00000002   PAD
    0x1000721c   0x00000055   Data   RO         1676    .conststring        app_smp_task.o
    0x10007271   0x00000003   PAD
    0x10007274   0x00000010   Data   RO         3378    Region$$Table       anon$$obj.o
    0x10007284   0x00000041   Data   RW          571    .data               app_menu.o
    0x100072c5   0x00000001   PAD
    0x100072c6   0x00000002   Data   RW          775    .data               app_task.o
    0x100072c8   0x00000003   Data   RW         1220    .data               app_gap_task.o
    0x100072cb   0x00000001   Data   RW         1496    .data               app_gatt_task.o
    0x100072cc   0x00000004   Data   RW         2232    .data               gpio.o
    0x100072d0   0x0000001c   Data   RW         2340    .data               sleep.o
    0x100072ec   0x0000000c   Data   RW         2434    .data               syscon.o
    0x100072f8   0x00000018   Data   RW         2519    .data               timer.o
    0x10007310   0x00000004   Data   RW         2608    .data               dma.o
    0x10007314   0x00000004   Data   RW         2802    .data               retarget.o
    0x10007318   0x00000048   Data   RW         2926    .data               qn9020b2_lib_allroles.lib(lib.o)
    0x10007360   0x00000004   Data   RW         3013    .data               mc_p.l(rand.o)
    0x10007364   0x00000004   Data   RW         3327    .data               mc_p.l(errno.o)
    0x10007368   0x00000b24   Zero   RW           16    .bss                app_main.o
    0x10007e8c   0x000004f0   Zero   RW          519    .bss                app_env.o
    0x1000837c   0x0000157a   Zero   RW          570    .bss                app_menu.o
    0x100098f6   0x00000100   Zero   RW          745    .bss                app_sys.o
    0x100099f6   0x00000002   PAD
    0x100099f8   0x00000140   Zero   RW         2112    .bss                uart.o
    0x10009b38   0x00000038   Zero   RW         2692    .bss                spi.o
    0x10009b70   0x00000890   Zero   RW         2924    .bss                qn9020b2_lib_allroles.lib(lib.o)
    0x1000a400   0x00000200   Zero   RW            1    STACK               startup.o


==============================================================================

Image component sizes


      Code (inc. data)   RO Data    RW Data    ZI Data      Debug   Object Name

       412         80          0          0       1264       4256   app_env.o
       900        170          0          0          0       9865   app_gap.o
      2494        876         69          3          0      21078   app_gap_task.o
       196         28          0          0          0       3143   app_gatt.o
      2052       1032        238          1          0      14907   app_gatt_task.o
       316         44          0          0       2852      96163   app_main.o
      6046       2596          0         65       5498      18588   app_menu.o
        68          6          0          0          0        862   app_qppc.o
       336         48          0          0          0       3362   app_smp.o
       890        202         85          0          0       5751   app_smp_task.o
       136         30          0          0        256       1555   app_sys.o
       100         20        520          2          0       1861   app_task.o
       980        116          0          0          0      14144   app_util.o
        68         16          0          4          0      15337   dma.o
       104         12          0          4          0      18715   gpio.o
       102         12          0          0          0        973   led.o
         4          0          0          0          0        953   prf_utils.o
        10          0          0          4          0       2346   retarget.o
       492         74          0         28          0      22766   sleep.o
       330         28          0          0         56      18758   spi.o
        48         14        192          0        512        840   startup.o
       524         82          0         12          0      19439   syscon.o
       412         84          0          0          0      29672   system.o
       156         24          0         24          0      17683   timer.o
       612         80         51          0        320      30620   uart.o
         6          0          0          0          0       1282   usr_design.o

    ----------------------------------------------------------------------
     17812       5674       1180        148      10760     374919   Object Totals
         0          0         16          0          0          0   (incl. Generated)
        18          0          9          1          2          0   (incl. Padding)

    ----------------------------------------------------------------------

      Code (inc. data)   RO Data    RW Data    ZI Data      Debug   Library Member Name

        30          0          0          0          0         60   _chval.o
       166          0          0          0          0         84   _strtoul.o
        26          0          0          0          0         72   atoi.o
         8          4        133          0          0         60   ctype_o.o
         0          0          0          0          0          0   entry.o
         0          0          0          0          0          0   entry10a.o
         0          0          0          0          0          0   entry11a.o
         8          4          0          0          0          0   entry2.o
         4          0          0          0          0          0   entry5.o
         0          0          0          0          0          0   entry7b.o
         0          0          0          0          0          0   entry8b.o
         8          4          0          0          0          0   entry9a.o
         8          4          0          4          0         60   errno.o
        30          0          0          0          0          0   handlers.o
        36          8          0          0          0         68   init.o
         0          0          0          0          0          0   iusefp.o
        32          0          0          0          0         68   llshl.o
        38          0          0          0          0         68   llsshr.o
        34          0          0          0          0         68   llushr.o
        26          0          0          0          0         72   memcmp.o
        36          0          0          0          0         60   memcpya.o
        36          0          0          0          0        100   memseta.o
      1172         52          0          0          0        324   printf8.o
        36         12          0          4          0        120   rand.o
        18          0          0          0          0         60   strcpy.o
        30          0          0          0          0         72   strncmp.o
       112          4          0          0          0         76   strtol.o
        44          0          0          0          0         72   uidiv.o
        40          2          0          0          0         68   cdcmple.o
       356          4          0          0          0        140   dadd.o
       236          0          0          0          0        216   depilogue.o
        72         10          0          0          0         72   dfixi.o
        40          6          0          0          0         68   dflti.o
        28          4          0          0          0         68   dfltui.o
       208          6          0          0          0         88   dmul.o
      6790       1130         40         72       2192       4316   lib.o
       430          0          0          0          0        116   math.o

    ----------------------------------------------------------------------
     10148       1254        176         80       2192       6716   Library Totals
        10          0          3          0          0          0   (incl. Padding)

    ----------------------------------------------------------------------

      Code (inc. data)   RO Data    RW Data    ZI Data      Debug   Library Name

      1938         92        133          8          0       1564   mc_p.l
       980         32          0          0          0        720   mf_p.l
      7220       1130         40         72       2192       4432   qn9020b2_lib_allroles.lib

    ----------------------------------------------------------------------
     10148       1254        176         80       2192       6716   Library Totals

    ----------------------------------------------------------------------

==============================================================================


      Code (inc. data)   RO Data    RW Data    ZI Data      Debug   

     27960       6928       1356        228      12952     369759   Grand Totals
     27960       6928       1356        228      12952     369759   ELF Image Totals
     27960       6928       1356        228          0          0   ROM Totals

==============================================================================

    Total RO  Size (Code + RO Data)                29316 (  28.63kB)
    Total RW  Size (RW Data + ZI Data)             13180 (  12.87kB)
    Total ROM Size (Code + RO Data + RW Data)      29544 (  28.85kB)

==============================================================================

