<html>
<body>
<pre>
<h1>µVision Build Log</h1>
<h2>Tool Versions:</h2>
IDE-Version: µVision V5.12.0.0
Copyright (C) 2014 ARM Ltd and ARM Germany GmbH. All rights reserved.
License Information: Hriday Mehta, Concordia University, LIC=LJWFW-QBU9K-9X1UW-Q9LBU-FB8K6-B8EQP
 
Tool Versions:
Toolchain:       MDK-ARM Professional  Version: 5.12.0.0
Toolchain Path:  C:\Keil_v5\ARM\ARMCC\Bin
C Compiler:      Armcc.exe V5.05 (build 41)
Assembler:       Armasm.exe V5.05 (build 41)
Linker/Locator:  ArmLink.exe V5.05 (build 41)
Library Manager: ArmAr.exe V5.05 (build 41)
Hex Converter:   FromElf.exe V5.05 (build 41)
CPU DLL:         SARMCM3.DLL V5.12.0.0
Dialog DLL:      DCM.DLL V1.13.0.0
Target DLL:      CMSIS_AGDI.dll V1.19.0.0
Dialog DLL:      TCM.DLL V1.14.2.0
 
<h2>Project:</h2>
C:\Users\Hriday Mehta\Qsync\Hriday Mehta\_Documents\atmel\Atmel-SAM4S\Brain_MCU_RTX\brain_mcu.uvprojx
Project File Date:  09/02/2015

<h2>Output:</h2>
Build target 'ATMEL SAM4S Xplained Pro'
compiling SDcard_functionality.c...
SDcard_functionality.h(39): warning:  #1-D: last line of file ends without a newline
  int sd_init(void);
SDcard_functionality.c(158): warning:  #177-D: variable "next" was declared but never referenced
    char *fname, *next;
SDcard_functionality.c: 2 warnings, 0 errors
compiling Serial.c...
BrainMCU.h(71): warning:  #1-D: last line of file ends without a newline
  #endif
Serial.c(352): warning:  #111-D: statement is unreachable
                        USART1->US_IER=US_IER_RXBUFF;
Serial.c(356): warning:  #940-D: missing return statement at end of non-void function "SerialGetCharUsart1nb"
  }
Serial.c(371): warning:  #111-D: statement is unreachable
                        UART1->UART_IER=UART_IER_RXBUFF;
Serial.c(375): warning:  #940-D: missing return statement at end of non-void function "SerialGetCharUart1nb"
  }
Serial.c(390): warning:  #111-D: statement is unreachable
                        USART0->US_IER=US_IER_RXBUFF;
Serial.c(394): warning:  #940-D: missing return statement at end of non-void function "SerialGetCharUsart0nb"
  }
Serial.c(409): warning:  #111-D: statement is unreachable
                        UART0->UART_IER=UART_IER_RXBUFF;
Serial.c(413): warning:  #940-D: missing return statement at end of non-void function "SerialGetCharUart0nb"
  }
Serial.c(457): warning:  #940-D: missing return statement at end of non-void function "SerialPrint"
  }
Serial.c(427): warning:  #177-D: variable "i" was declared but never referenced
        int i=0,a=0,j=0;
Serial.c(491): warning:  #940-D: missing return statement at end of non-void function "SerialPrint_p"
  }
Serial.c(461): warning:  #177-D: variable "i" was declared but never referenced
        int i=0,a=0,j=0;
Serial.c(581): warning:  #940-D: missing return statement at end of non-void function "QnAck"
  }
Serial.c(523): warning:  #177-D: variable "i" was declared but never referenced
        uint8_t j=0, i=0;
Serial.c(671): warning:  #940-D: missing return statement at end of non-void function "QnScanAck"
  }
Serial.c(600): warning:  #177-D: variable "i" was declared but never referenced
        uint8_t j=0, i=0, flag=0;
Serial.c(760): warning:  #940-D: missing return statement at end of non-void function "QnConAck"
  }
Serial.c(690): warning:  #177-D: variable "i" was declared but never referenced
        uint8_t j=0, i=0, flag=0;
Serial.c: 19 warnings, 0 errors
compiling UART_functionality.c...
BrainMCU.h(71): warning:  #1-D: last line of file ends without a newline
  #endif
UART_functionality.c(55): warning:  #940-D: missing return statement at end of non-void function "ReadUart0"
  }
UART_functionality.c(76): warning:  #940-D: missing return statement at end of non-void function "ReadUsart1"
  }
UART_functionality.c(60): warning:  #177-D: variable "i" was declared but never referenced
        static uint8_t i=0;
UART_functionality.c(91): warning:  #1-D: last line of file ends without a newline
  }
UART_functionality.c(91): warning:  #940-D: missing return statement at end of non-void function "ReadUsart0"
  }
UART_functionality.c: 6 warnings, 0 errors
compiling Button.c...
compiling LED.c...
compiling Retarget.c...
compiling Main.c...
BrainMCU.h(71): warning:  #1-D: last line of file ends without a newline
  #endif
commands.h(18): warning:  #1-D: last line of file ends without a newline
  #endif
SDcard_functionality.h(39): warning:  #1-D: last line of file ends without a newline
  int sd_init(void);
Main.c(56): warning:  #177-D: variable "idx" was declared but never referenced
        int32_t idx  = -1;
Main.c: 4 warnings, 0 errors
compiling Tasks.c...
BrainMCU.h(71): warning:  #1-D: last line of file ends without a newline
  #endif
commands.h(18): warning:  #1-D: last line of file ends without a newline
  #endif
Tasks.c(283): warning:  #1461-D: function declared with "noreturn" does return
  }
Tasks.c(464): warning:  #940-D: missing return statement at end of non-void function "StartTimer"
  }
Tasks.c: 4 warnings, 0 errors
compiling commands.c...
commands.h(18): warning:  #1-D: last line of file ends without a newline
  #endif
BrainMCU.h(71): warning:  #1-D: last line of file ends without a newline
  #endif
commands.c(88): warning:  #940-D: missing return statement at end of non-void function "Q1Init"
  }
commands.c(163): warning:  #940-D: missing return statement at end of non-void function "Q2Init"
  }
commands.c(235): warning:  #940-D: missing return statement at end of non-void function "Q3Init"
  }
commands.c(258): warning:  #940-D: missing return statement at end of non-void function "QnStart"
  }
commands.c(276): warning:  #940-D: missing return statement at end of non-void function "QnStop"
  }
commands.c: 7 warnings, 0 errors
compiling BrainMCU.c...
BrainMCU.h(71): warning:  #1-D: last line of file ends without a newline
  #endif
BrainMCU.c(6): warning:  #1-D: last line of file ends without a newline
  //struct id_tag id;
BrainMCU.c: 2 warnings, 0 errors
linking...
Program Size: Code=27148 RO-data=1980 RW-data=336 ZI-data=119800  
".\Objects\brain_mcu.axf" - 0 Error(s), 44 Warning(s).

<h2>Collection of Component include folders:</h2>
  C:\Users\Hriday Mehta\Qsync\Hriday Mehta\_Documents\atmel\Atmel-SAM4S\Brain_MCU_RTX\RTE
  C:\Keil_v5\ARM\PACK\Keil\SAM4_DFP\1.3.0\Device\Include\SAM4S

<h2>Collection of Component Files used:</h2>
</pre>
</body>
</html>
