<html>
<body>
<pre>
<h1>µVision Build Log</h1>
<h2>Tool Versions:</h2>
IDE-Version: µVision V5.12.0.0
Copyright (C) 2014 ARM Ltd and ARM Germany GmbH. All rights reserved.
License Information: Hriday Mehta, Concordia University, LIC=LJWFW-QBU9K-9X1UW-Q9LBU-FB8K6-B8EQP
 
Tool Versions:
Toolchain:       MDK-ARM Professional  Version: 5.12.0.0
Toolchain Path:  C:\Keil_v5\ARM\ARMCC\Bin
C Compiler:      Armcc.exe V5.05 (build 41)
Assembler:       Armasm.exe V5.05 (build 41)
Linker/Locator:  ArmLink.exe V5.05 (build 41)
Library Manager: ArmAr.exe V5.05 (build 41)
Hex Converter:   FromElf.exe V5.05 (build 41)
CPU DLL:         SARMCM3.DLL V5.12.0.0
Dialog DLL:      DCM.DLL V1.13.0.0
Target DLL:      CMSIS_AGDI.dll V1.19.0.0
Dialog DLL:      TCM.DLL V1.14.2.0
 
<h2>Project:</h2>
C:\Users\Hriday Mehta\Qsync\Hriday Mehta\_Documents\atmel\Atmel-SAM4S\Brain_MCU_RTX\brain_mcu.uvprojx
Project File Date:  09/02/2015

<h2>Output:</h2>
Build target 'ATMEL SAM4S Xplained Pro'
compiling UART_functionality.c...
BrainMCU.h(71): warning:  #1-D: last line of file ends without a newline
  #endif
UART_functionality.c(58): warning:  #940-D: missing return statement at end of non-void function "read_uart0"
  }
UART_functionality.c(78): warning:  #940-D: missing return statement at end of non-void function "read_usart1"
  }
UART_functionality.c(93): warning:  #1-D: last line of file ends without a newline
  }
UART_functionality.c(93): warning:  #940-D: missing return statement at end of non-void function "read_usart0"
  }
UART_functionality.c(20): warning:  #177-D: variable "i" was declared but never referenced
  static uint8_t i=0;
UART_functionality.c: 6 warnings, 0 errors
compiling Main.c...
BrainMCU.h(71): warning:  #1-D: last line of file ends without a newline
  #endif
commands.h(18): warning:  #1-D: last line of file ends without a newline
  #endif
SDcard_functionality.h(39): warning:  #1-D: last line of file ends without a newline
  int sd_init(void);
Main.c(66): warning:  #177-D: variable "idx" was declared but never referenced
        int32_t idx  = -1, dir = 1;
Main.c(66): warning:  #177-D: variable "dir" was declared but never referenced
        int32_t idx  = -1, dir = 1;
Main.c(67): warning:  #177-D: variable "btns" was declared but never referenced
        uint32_t btns = 0;
Main.c(68): warning:  #177-D: variable "i" was declared but never referenced
        uint8_t i=0, j=0, k=0;
Main.c(68): warning:  #177-D: variable "j" was declared but never referenced
        uint8_t i=0, j=0, k=0;
Main.c(68): warning:  #177-D: variable "k" was declared but never referenced
        uint8_t i=0, j=0, k=0;
Main.c: 9 warnings, 0 errors
compiling Tasks.c...
BrainMCU.h(71): warning:  #1-D: last line of file ends without a newline
  #endif
commands.h(18): warning:  #1-D: last line of file ends without a newline
  #endif
Tasks.c(338): warning:  #1461-D: function declared with "noreturn" does return
  }
Tasks.c(514): warning:  #940-D: missing return statement at end of non-void function "call_timer"
  }
Tasks.c: 4 warnings, 0 errors
linking...
Program Size: Code=26772 RO-data=1980 RW-data=316 ZI-data=119804  
".\Objects\brain_mcu.axf" - 0 Error(s), 19 Warning(s).

<h2>Collection of Component include folders:</h2>
  C:\Users\Hriday Mehta\Qsync\Hriday Mehta\_Documents\atmel\Atmel-SAM4S\Brain_MCU_RTX\RTE
  C:\Keil_v5\ARM\PACK\Keil\SAM4_DFP\1.3.0\Device\Include\SAM4S

<h2>Collection of Component Files used:</h2>
Load "C:\\Users\\Hriday Mehta\\Qsync\\Hriday Mehta\\_Documents\\atmel\\Atmel-SAM4S\\Brain_MCU_RTX\\Objects\\brain_mcu.axf" 
Erase Done.
Programming Done.
Verify OK.
