Component: ARM Compiler 5.05 update 1 (build 106) Tool: armlink [4d0efa]

==============================================================================

Section Cross References

    led.o(.text) refers to led.o(.constdata) for .constdata
    serial.o(.text) refers to system_sam4s.o(.data) for SystemCoreClock
    tasks.o(.text) refers to uart_functionality.o(.text) for read_uart0
    tasks.o(.text) refers to tasks.o(.data) for .data
    tasks.o(.text) refers to rt_event.o(i.rt_evt_wait) for rt_evt_wait
    tasks.o(.text) refers to rt_event.o(i.rt_evt_set) for rt_evt_set
    tasks.o(.text) refers to rt_task.o(i.rt_tsk_self) for rt_tsk_self
    tasks.o(.text) refers to rt_task.o(i.rt_tsk_create) for rt_tsk_create
    uart_functionality.o(.text) refers to serial.o(.text) for serial_put_char_ur0
    main.o(.text) refers to system_sam4s.o(.text) for SystemCoreClockUpdate
    main.o(.text) refers to serial.o(.text) for serial_init
    main.o(.text) refers to led.o(.text) for LED_init
    main.o(.text) refers to button.o(.text) for button_init
    main.o(.text) refers to uart_functionality.o(.text) for UART_USART_init
    main.o(.text) refers to noretval__2printf.o(.text) for __2printf
    main.o(.text) refers to hal_cm3.o(.emb_text) for os_set_env
    main.o(.text) refers to main.o(.data) for .data
    main.o(.text) refers to system_sam4s.o(.data) for SystemCoreClock
    main.o(.text) refers to tasks.o(.text) for task_main
    main.o(.text) refers to rt_task.o(i.rt_sys_init) for rt_sys_init
    retarget.o(.text) refers (Special) to use_no_semi.o(.text) for __use_no_semihosting_swi
    retarget.o(.text) refers to serial.o(.text) for serial_put_char_ur1
    retarget.o(.data) refers (Special) to use_no_semi.o(.text) for __use_no_semihosting_swi
    system_sam4s.o(.text) refers to system_sam4s.o(.data) for SystemCoreClock
    rtx_conf_armcm4.o(.text) refers to rt_task.o(i.rt_tsk_self) for rt_tsk_self
    rtx_conf_armcm4.o(.text) refers to rt_mutex.o(i.rt_mut_init) for rt_mut_init
    rtx_conf_armcm4.o(.text) refers to rtx_conf_armcm4.o(.bss) for .bss
    rtx_conf_armcm4.o(.text) refers to libspace.o(.bss) for __libspace_start
    rtx_conf_armcm4.o(.text) refers to rtx_conf_armcm4.o(.data) for .data
    rtx_conf_armcm4.o(.text) refers to rt_mutex.o(i.rt_mut_wait) for rt_mut_wait
    rtx_conf_armcm4.o(.text) refers to rt_mutex.o(i.rt_mut_release) for rt_mut_release
    startup_sam4s.o(STACK) refers (Special) to heapauxi.o(.text) for __use_two_region_memory
    startup_sam4s.o(HEAP) refers (Special) to heapauxi.o(.text) for __use_two_region_memory
    startup_sam4s.o(RESET) refers (Special) to heapauxi.o(.text) for __use_two_region_memory
    startup_sam4s.o(RESET) refers to startup_sam4s.o(STACK) for __initial_sp
    startup_sam4s.o(RESET) refers to startup_sam4s.o(.text) for Reset_Handler
    startup_sam4s.o(RESET) refers to hal_cm3.o(.emb_text) for SVC_Handler
    startup_sam4s.o(.text) refers (Special) to heapauxi.o(.text) for __use_two_region_memory
    startup_sam4s.o(.text) refers to system_sam4s.o(.text) for SystemInit
    startup_sam4s.o(.text) refers to __main.o(!!!main) for __main
    startup_sam4s.o(.text) refers to startup_sam4s.o(HEAP) for Heap_Mem
    startup_sam4s.o(.text) refers to startup_sam4s.o(STACK) for Stack_Mem
    rt_task.o(i.rt_block) refers to rt_list.o(i.rt_put_dly) for rt_put_dly
    rt_task.o(i.rt_block) refers to rt_list.o(i.rt_get_first) for rt_get_first
    rt_task.o(i.rt_block) refers to rt_task.o(i.rt_switch_req) for rt_switch_req
    rt_task.o(i.rt_block) refers to rt_task.o(.data) for .data
    rt_task.o(i.rt_block) refers to rt_list.o(.bss) for os_rdy
    rt_task.o(i.rt_dispatch) refers to rt_list.o(i.rt_put_rdy_first) for rt_put_rdy_first
    rt_task.o(i.rt_dispatch) refers to rt_task.o(i.rt_switch_req) for rt_switch_req
    rt_task.o(i.rt_dispatch) refers to rt_list.o(i.rt_get_first) for rt_get_first
    rt_task.o(i.rt_dispatch) refers to rt_list.o(i.rt_put_prio) for rt_put_prio
    rt_task.o(i.rt_dispatch) refers to rt_task.o(.data) for .data
    rt_task.o(i.rt_dispatch) refers to rt_list.o(.bss) for os_rdy
    rt_task.o(i.rt_init_context) refers to rt_membox.o(i.rt_alloc_box) for rt_alloc_box
    rt_task.o(i.rt_init_context) refers to hal_cm3.o(i.rt_init_stack) for rt_init_stack
    rt_task.o(i.rt_init_context) refers to rtx_conf_armcm4.o(.bss) for mp_stk
    rt_task.o(i.rt_switch_req) refers to hal_cm3.o(i.dbg_task_switch) for dbg_task_switch
    rt_task.o(i.rt_switch_req) refers to rt_task.o(.data) for .data
    rt_task.o(i.rt_switch_req) refers to hal_cm3.o(.data) for dbg_msg
    rt_task.o(i.rt_sys_init) refers to hal_cm3.o(i.dbg_init) for dbg_init
    rt_task.o(i.rt_sys_init) refers to rt_membox.o(i._init_box) for _init_box
    rt_task.o(i.rt_sys_init) refers to rt_task.o(i.rt_init_context) for rt_init_context
    rt_task.o(i.rt_sys_init) refers to hal_cm3.o(.emb_text) for rt_set_PSP
    rt_task.o(i.rt_sys_init) refers to rt_robin.o(i.rt_init_robin) for rt_init_robin
[...]
    rt_task.o(i.rt_tsk_delete) refers to hal_cm3.o(.data) for dbg_msg
    rt_task.o(i.rt_tsk_delete) refers to rtx_conf_armcm4.o(.bss) for os_active_TCB
    rt_task.o(i.rt_tsk_delete) refers to rt_task.o(.data) for .data
    rt_task.o(i.rt_tsk_delete) refers to rt_list.o(.bss) for os_rdy
    rt_task.o(i.rt_tsk_delete) refers to rtx_conf_armcm4.o(.constdata) for os_maxtaskrun
    rt_task.o(i.rt_tsk_pass) refers to rt_list.o(i.rt_get_same_rdy_prio) for rt_get_same_rdy_prio
    rt_task.o(i.rt_tsk_pass) refers to rt_list.o(i.rt_put_prio) for rt_put_prio
    rt_task.o(i.rt_tsk_pass) refers to rt_task.o(i.rt_switch_req) for rt_switch_req
    rt_task.o(i.rt_tsk_pass) refers to rt_task.o(.data) for .data
    rt_task.o(i.rt_tsk_pass) refers to rt_list.o(.bss) for os_rdy
    rt_task.o(i.rt_tsk_prio) refers to rt_list.o(i.rt_put_prio) for rt_put_prio
    rt_task.o(i.rt_tsk_prio) refers to rt_list.o(i.rt_resort_prio) for rt_resort_prio
    rt_task.o(i.rt_tsk_prio) refers to rt_list.o(i.rt_get_first) for rt_get_first
    rt_task.o(i.rt_tsk_prio) refers to rt_task.o(i.rt_dispatch) for rt_dispatch
    rt_task.o(i.rt_tsk_prio) refers to rt_task.o(.data) for .data
    rt_task.o(i.rt_tsk_prio) refers to rtx_conf_armcm4.o(.constdata) for os_maxtaskrun
    rt_task.o(i.rt_tsk_prio) refers to rtx_conf_armcm4.o(.bss) for os_active_TCB
    rt_task.o(i.rt_tsk_prio) refers to rt_list.o(.bss) for os_rdy
    rt_task.o(i.rt_tsk_self) refers to rt_task.o(.data) for .data
    rt_event.o(i.isr_evt_set) refers to rt_list.o(i.rt_psq_enq) for rt_psq_enq
    rt_event.o(i.isr_evt_set) refers to rt_system.o(i.rt_psh_req) for rt_psh_req
    rt_event.o(i.isr_evt_set) refers to rtx_conf_armcm4.o(.bss) for os_active_TCB
    rt_event.o(i.rt_evt_clr) refers to rtx_conf_armcm4.o(.bss) for os_active_TCB
    rt_event.o(i.rt_evt_get) refers to rt_task.o(.data) for os_tsk
    rt_event.o(i.rt_evt_psh) refers to rt_list.o(i.rt_rmv_dly) for rt_rmv_dly
    rt_event.o(i.rt_evt_psh) refers to rt_list.o(i.rt_put_prio) for rt_put_prio
    rt_event.o(i.rt_evt_psh) refers to rt_list.o(.bss) for os_rdy
    rt_event.o(i.rt_evt_set) refers to rt_list.o(i.rt_rmv_dly) for rt_rmv_dly
    rt_event.o(i.rt_evt_set) refers to rt_task.o(i.rt_dispatch) for rt_dispatch
    rt_event.o(i.rt_evt_set) refers to rtx_conf_armcm4.o(.bss) for os_active_TCB
    rt_event.o(i.rt_evt_wait) refers to rt_task.o(i.rt_block) for rt_block
    rt_event.o(i.rt_evt_wait) refers to rt_task.o(.data) for os_tsk
    rt_mutex.o(i.rt_mut_release) refers to rt_list.o(i.rt_get_first) for rt_get_first
    rt_mutex.o(i.rt_mut_release) refers to rt_list.o(i.rt_rmv_dly) for rt_rmv_dly
    rt_mutex.o(i.rt_mut_release) refers to rt_list.o(i.rt_put_prio) for rt_put_prio
    rt_mutex.o(i.rt_mut_release) refers to rt_task.o(i.rt_dispatch) for rt_dispatch
    rt_mutex.o(i.rt_mut_release) refers to rt_task.o(.data) for os_tsk
    rt_mutex.o(i.rt_mut_release) refers to rt_list.o(.bss) for os_rdy
    rt_mutex.o(i.rt_mut_wait) refers to rt_list.o(i.rt_resort_prio) for rt_resort_prio
    rt_mutex.o(i.rt_mut_wait) refers to rt_list.o(i.rt_put_prio) for rt_put_prio
    rt_mutex.o(i.rt_mut_wait) refers to rt_task.o(i.rt_block) for rt_block
    rt_mutex.o(i.rt_mut_wait) refers to rt_task.o(.data) for os_tsk
    hal_cm3.o(.emb_text) refers to rtx_conf_armcm4.o(.constdata) for os_flags
    hal_cm3.o(.emb_text) refers to rt_membox.o(i.rt_alloc_box) for rt_alloc_box
    hal_cm3.o(.emb_text) refers to rt_membox.o(i.rt_free_box) for rt_free_box
    hal_cm3.o(.emb_text) refers to rt_system.o(i.rt_stk_check) for rt_stk_check
    hal_cm3.o(.emb_text) refers to rt_task.o(.data) for os_tsk
    hal_cm3.o(.emb_text) refers to svc_table.o(SVC_TABLE) for SVC_Count
    hal_cm3.o(.emb_text) refers to rt_system.o(i.rt_pop_req) for rt_pop_req
    hal_cm3.o(.emb_text) refers to rt_system.o(i.rt_systick) for rt_systick
    hal_cm3.o(.emb_text) refers to rt_system.o(i.os_tick_irqack) for os_tick_irqack
    hal_cm3.o(i.dbg_init) refers to hal_cm3.o(.data) for .data
    hal_cm3.o(i.rt_init_stack) refers to rtx_conf_armcm4.o(.constdata) for os_stackinfo
    rt_system.o(i.os_tick_init) refers to rtx_conf_armcm4.o(.constdata) for os_trv
    rt_system.o(i.rt_pop_req) refers to rt_list.o(i.rt_put_rdy_first) for rt_put_rdy_first
    rt_system.o(i.rt_pop_req) refers to rt_semaphore.o(i.rt_sem_psh) for rt_sem_psh
    rt_system.o(i.rt_pop_req) refers to rt_list.o(i.rt_get_first) for rt_get_first
    rt_system.o(i.rt_pop_req) refers to rt_task.o(i.rt_switch_req) for rt_switch_req
    rt_system.o(i.rt_pop_req) refers to rt_event.o(i.rt_evt_psh) for rt_evt_psh
    rt_system.o(i.rt_pop_req) refers to rt_mailbox.o(i.rt_mbx_psh) for rt_mbx_psh
    rt_system.o(i.rt_pop_req) refers to rt_task.o(.data) for os_tsk
    rt_system.o(i.rt_pop_req) refers to rtx_conf_armcm4.o(.bss) for os_fifo
    rt_system.o(i.rt_pop_req) refers to rt_list.o(.bss) for os_rdy
    rt_system.o(i.rt_psh_req) refers to rt_system.o(.data) for .data
    rt_system.o(i.rt_resume) refers to rt_list.o(i.rt_put_rdy_first) for rt_put_rdy_first
    rt_system.o(i.rt_resume) refers to rt_list.o(i.rt_dec_dly) for rt_dec_dly
    rt_system.o(i.rt_resume) refers to rt_timer.o(i.rt_tmr_tick) for rt_tmr_tick
    rt_system.o(i.rt_resume) refers to rt_list.o(i.rt_get_first) for rt_get_first
    rt_system.o(i.rt_resume) refers to rt_task.o(i.rt_switch_req) for rt_switch_req
    rt_system.o(i.rt_resume) refers to rt_system.o(i.rt_tsk_unlock) for rt_tsk_unlock
    rt_system.o(i.rt_resume) refers to rt_task.o(.data) for os_tsk
    rt_system.o(i.rt_resume) refers to rt_robin.o(.data) for os_robin
    rt_system.o(i.rt_resume) refers to rt_list.o(.bss) for os_dly
    rt_system.o(i.rt_resume) refers to rt_time.o(.data) for os_time
    rt_system.o(i.rt_resume) refers to rt_timer.o(.data) for os_tmr
    rt_system.o(i.rt_stk_check) refers to rtx_conf_armcm4.o(.text) for os_error
    rt_system.o(i.rt_stk_check) refers to rt_task.o(.data) for os_tsk
    rt_system.o(i.rt_suspend) refers to rt_system.o(i.rt_tsk_lock) for rt_tsk_lock
    rt_system.o(i.rt_suspend) refers to rt_list.o(.bss) for os_dly
    rt_system.o(i.rt_suspend) refers to rt_timer.o(.data) for os_tmr
    rt_system.o(i.rt_systick) refers to rt_list.o(i.rt_put_rdy_first) for rt_put_rdy_first
    rt_system.o(i.rt_systick) refers to rt_robin.o(i.rt_chk_robin) for rt_chk_robin
    rt_system.o(i.rt_systick) refers to rt_list.o(i.rt_dec_dly) for rt_dec_dly
    rt_system.o(i.rt_systick) refers to rt_timer.o(i.rt_tmr_tick) for rt_tmr_tick
    rt_system.o(i.rt_systick) refers to rt_list.o(i.rt_get_first) for rt_get_first
    rt_system.o(i.rt_systick) refers to rt_task.o(i.rt_switch_req) for rt_switch_req
    rt_system.o(i.rt_systick) refers to rt_task.o(.data) for os_tsk
    rt_system.o(i.rt_systick) refers to rt_time.o(.data) for os_time
    rt_system.o(i.rt_systick) refers to rt_list.o(.bss) for os_rdy
    rt_system.o(i.rt_tsk_lock) refers to rt_system.o(.data) for .data
    rt_system.o(i.rt_tsk_unlock) refers to rt_system.o(.data) for .data
    rt_list.o(i.rt_dec_dly) refers to rt_list.o(i.rt_put_prio) for rt_put_prio
    rt_list.o(i.rt_dec_dly) refers to rt_list.o(.bss) for .bss
    rt_list.o(i.rt_dec_dly) refers to rt_time.o(.data) for os_time
    rt_list.o(i.rt_get_same_rdy_prio) refers to rt_list.o(.bss) for .bss
    rt_list.o(i.rt_get_same_rdy_prio) refers to rt_task.o(.data) for os_tsk
    rt_list.o(i.rt_psq_enq) refers to rtx_conf_armcm4.o(.text) for os_error
    rt_list.o(i.rt_psq_enq) refers to rtx_conf_armcm4.o(.bss) for os_fifo
    rt_list.o(i.rt_put_dly) refers to rt_list.o(.bss) for .bss
    rt_list.o(i.rt_put_rdy_first) refers to rt_list.o(.bss) for .bss
    rt_list.o(i.rt_resort_prio) refers to rt_list.o(i.rt_rmv_list) for rt_rmv_list
    rt_list.o(i.rt_resort_prio) refers to rt_list.o(i.rt_put_prio) for rt_put_prio
    rt_list.o(i.rt_resort_prio) refers to rt_list.o(.bss) for .bss
    rt_list.o(i.rt_rmv_list) refers to rt_list.o(.bss) for .bss
    rt_robin.o(i.rt_chk_robin) refers to rt_list.o(i.rt_get_first) for rt_get_first
    rt_robin.o(i.rt_chk_robin) refers to rt_list.o(i.rt_put_prio) for rt_put_prio
    rt_robin.o(i.rt_chk_robin) refers to rt_robin.o(.data) for .data
    rt_robin.o(i.rt_chk_robin) refers to rt_list.o(.bss) for os_rdy
    rt_robin.o(i.rt_chk_robin) refers to rt_time.o(.data) for os_time
    rt_robin.o(i.rt_init_robin) refers to rt_robin.o(.data) for .data
    rt_robin.o(i.rt_init_robin) refers to rtx_conf_armcm4.o(.constdata) for os_rrobin
    rt_membox.o(i._calloc_box) refers to hal_cm3.o(.emb_text) for _alloc_box
    rt_mailbox.o(i.isr_mbx_receive) refers to rt_list.o(i.rt_psq_enq) for rt_psq_enq
    rt_mailbox.o(i.isr_mbx_receive) refers to rt_system.o(i.rt_psh_req) for rt_psh_req
    rt_mailbox.o(i.isr_mbx_send) refers to rt_list.o(i.rt_psq_enq) for rt_psq_enq
    rt_mailbox.o(i.isr_mbx_send) refers to rt_system.o(i.rt_psh_req) for rt_psh_req
    rt_mailbox.o(i.rt_mbx_psh) refers to rt_list.o(i.rt_get_first) for rt_get_first
    rt_mailbox.o(i.rt_mbx_psh) refers to rt_list.o(i.rt_rmv_dly) for rt_rmv_dly
    rt_mailbox.o(i.rt_mbx_psh) refers to rt_list.o(i.rt_put_prio) for rt_put_prio
    rt_mailbox.o(i.rt_mbx_psh) refers to rtx_conf_armcm4.o(.text) for os_error
    rt_mailbox.o(i.rt_mbx_psh) refers to rt_list.o(.bss) for os_rdy
    rt_mailbox.o(i.rt_mbx_send) refers to rt_list.o(i.rt_put_prio) for rt_put_prio
    rt_mailbox.o(i.rt_mbx_send) refers to rt_list.o(i.rt_get_first) for rt_get_first
    rt_mailbox.o(i.rt_mbx_send) refers to rt_list.o(i.rt_rmv_dly) for rt_rmv_dly
    rt_mailbox.o(i.rt_mbx_send) refers to rt_task.o(i.rt_dispatch) for rt_dispatch
    rt_mailbox.o(i.rt_mbx_send) refers to rt_task.o(i.rt_block) for rt_block
    rt_mailbox.o(i.rt_mbx_send) refers to rt_task.o(.data) for os_tsk
    rt_mailbox.o(i.rt_mbx_wait) refers to rt_list.o(i.rt_get_first) for rt_get_first
    rt_mailbox.o(i.rt_mbx_wait) refers to rt_list.o(i.rt_rmv_dly) for rt_rmv_dly
    rt_mailbox.o(i.rt_mbx_wait) refers to rt_task.o(i.rt_dispatch) for rt_dispatch
    rt_mailbox.o(i.rt_mbx_wait) refers to rt_list.o(i.rt_put_prio) for rt_put_prio
    rt_mailbox.o(i.rt_mbx_wait) refers to rt_task.o(i.rt_block) for rt_block
    rt_mailbox.o(i.rt_mbx_wait) refers to rt_task.o(.data) for os_tsk
    rt_semaphore.o(i.isr_sem_send) refers to rt_list.o(i.rt_psq_enq) for rt_psq_enq
    rt_semaphore.o(i.isr_sem_send) refers to rt_system.o(i.rt_psh_req) for rt_psh_req
    rt_semaphore.o(i.rt_sem_psh) refers to rt_list.o(i.rt_get_first) for rt_get_first
    rt_semaphore.o(i.rt_sem_psh) refers to rt_list.o(i.rt_rmv_dly) for rt_rmv_dly
    rt_semaphore.o(i.rt_sem_psh) refers to rt_list.o(i.rt_put_prio) for rt_put_prio
    rt_semaphore.o(i.rt_sem_psh) refers to rt_list.o(.bss) for os_rdy
    rt_semaphore.o(i.rt_sem_send) refers to rt_list.o(i.rt_get_first) for rt_get_first
    rt_semaphore.o(i.rt_sem_send) refers to rt_list.o(i.rt_rmv_dly) for rt_rmv_dly
    rt_semaphore.o(i.rt_sem_send) refers to rt_task.o(i.rt_dispatch) for rt_dispatch
    rt_semaphore.o(i.rt_sem_send) refers to rt_task.o(.data) for os_tsk
    rt_semaphore.o(i.rt_sem_wait) refers to rt_list.o(i.rt_put_prio) for rt_put_prio
    rt_semaphore.o(i.rt_sem_wait) refers to rt_task.o(i.rt_block) for rt_block
    rt_semaphore.o(i.rt_sem_wait) refers to rt_task.o(.data) for os_tsk
    rt_time.o(i.rt_dly_wait) refers to rt_task.o(i.rt_block) for rt_block
    rt_time.o(i.rt_itv_set) refers to rt_task.o(.data) for os_tsk
    rt_time.o(i.rt_itv_set) refers to rt_time.o(.data) for .data
    rt_time.o(i.rt_itv_wait) refers to rt_task.o(i.rt_block) for rt_block
    rt_time.o(i.rt_itv_wait) refers to rt_task.o(.data) for os_tsk
    rt_time.o(i.rt_itv_wait) refers to rt_time.o(.data) for .data
    rt_time.o(i.rt_time_get) refers to rt_time.o(.data) for .data
    rt_timer.o(i.rt_tmr_create) refers to rt_membox.o(i.rt_alloc_box) for rt_alloc_box
    rt_timer.o(i.rt_tmr_create) refers to rtx_conf_armcm4.o(.data) for m_tmr
    rt_timer.o(i.rt_tmr_create) refers to rt_timer.o(.data) for .data
    rt_timer.o(i.rt_tmr_kill) refers to rt_membox.o(i.rt_free_box) for rt_free_box
    rt_timer.o(i.rt_tmr_kill) refers to rt_timer.o(.data) for .data
    rt_timer.o(i.rt_tmr_kill) refers to rtx_conf_armcm4.o(.data) for m_tmr
    rt_timer.o(i.rt_tmr_tick) refers to rtx_conf_armcm4.o(.text) for os_tmr_call
    rt_timer.o(i.rt_tmr_tick) refers to rt_membox.o(i.rt_free_box) for rt_free_box
    rt_timer.o(i.rt_tmr_tick) refers to rt_timer.o(.data) for .data
    rt_timer.o(i.rt_tmr_tick) refers to rtx_conf_armcm4.o(.data) for m_tmr
    libspace.o(.text) refers to libspace.o(.bss) for __libspace_start
    __2printf.o(.text) refers to _printf_char_file.o(.text) for _printf_char_file
    __2printf.o(.text) refers to retarget.o(.data) for __stdout
    noretval__2printf.o(.text) refers to _printf_char_file.o(.text) for _printf_char_file
    noretval__2printf.o(.text) refers to retarget.o(.data) for __stdout
    __main.o(!!!main) refers to __rtentry.o(.ARM.Collect$$rtentry$$00000000) for __rt_entry
    __rtentry.o(.ARM.Collect$$rtentry$$00000000) refers (Special) to __rtentry2.o(.ARM.Collect$$rtentry$$0000000A) for __rt_entry_li
    __rtentry.o(.ARM.Collect$$rtentry$$00000000) refers (Special) to __rtentry2.o(.ARM.Collect$$rtentry$$0000000D) for __rt_entry_main
    __rtentry.o(.ARM.Collect$$rtentry$$00000000) refers (Special) to __rtentry2.o(.ARM.Collect$$rtentry$$0000000C) for __rt_entry_postli_1
    __rtentry.o(.ARM.Collect$$rtentry$$00000000) refers (Special) to __rtentry2.o(.ARM.Collect$$rtentry$$00000009) for __rt_entry_postsh_1
    __rtentry.o(.ARM.Collect$$rtentry$$00000000) refers (Special) to __rtentry2.o(.ARM.Collect$$rtentry$$00000002) for __rt_entry_presh_1
    __rtentry.o(.ARM.Collect$$rtentry$$00000000) refers (Special) to __rtentry4.o(.ARM.Collect$$rtentry$$00000004) for __rt_entry_sh
    _printf_char_file.o(.text) refers to _printf_char_common.o(.text) for _printf_char_common
    _printf_char_file.o(.text) refers to retarget.o(.text) for ferror
    __rtentry2.o(.ARM.Collect$$rtentry$$00000008) refers to boardinit2.o(.text) for _platform_post_stackheap_init
    __rtentry2.o(.ARM.Collect$$rtentry$$0000000A) refers to libinit.o(.ARM.Collect$$libinit$$00000000) for __rt_lib_init
    __rtentry2.o(.ARM.Collect$$rtentry$$0000000B) refers to boardinit3.o(.text) for _platform_post_lib_init
    __rtentry2.o(.ARM.Collect$$rtentry$$0000000D) refers to main.o(.text) for main
    __rtentry2.o(.ARM.Collect$$rtentry$$0000000D) refers to exit.o(.text) for exit
    __rtentry2.o(.ARM.exidx) refers to __rtentry2.o(.ARM.Collect$$rtentry$$00000001) for .ARM.Collect$$rtentry$$00000001
    __rtentry2.o(.ARM.exidx) refers to __rtentry2.o(.ARM.Collect$$rtentry$$00000008) for .ARM.Collect$$rtentry$$00000008
    __rtentry2.o(.ARM.exidx) refers to __rtentry2.o(.ARM.Collect$$rtentry$$0000000A) for .ARM.Collect$$rtentry$$0000000A
    __rtentry2.o(.ARM.exidx) refers to __rtentry2.o(.ARM.Collect$$rtentry$$0000000B) for .ARM.Collect$$rtentry$$0000000B
    __rtentry2.o(.ARM.exidx) refers to __rtentry2.o(.ARM.Collect$$rtentry$$0000000D) for .ARM.Collect$$rtentry$$0000000D
    __rtentry4.o(.ARM.Collect$$rtentry$$00000004) refers to sys_stackheap_outer.o(.text) for __user_setup_stackheap
    __rtentry4.o(.ARM.exidx) refers to __rtentry4.o(.ARM.Collect$$rtentry$$00000004) for .ARM.Collect$$rtentry$$00000004
    _printf_char_common.o(.text) refers to __printf_nopercent.o(.text) for __printf
    sys_stackheap_outer.o(.text) refers to libspace.o(.text) for __user_perproc_libspace
    sys_stackheap_outer.o(.text) refers to startup_sam4s.o(.text) for __user_initial_stackheap
    exit.o(.text) refers to rtexit.o(.ARM.Collect$$rtexit$$00000000) for __rt_exit
    libinit.o(.ARM.Collect$$libinit$$00000000) refers (Special) to libinit2.o(.ARM.Collect$$libinit$$0000002E) for __rt_lib_init_alloca_1
    libinit.o(.ARM.Collect$$libinit$$00000000) refers (Special) to libinit2.o(.ARM.Collect$$libinit$$0000002C) for __rt_lib_init_argv_1
    libinit.o(.ARM.Collect$$libinit$$00000000) refers (Special) to libinit2.o(.ARM.Collect$$libinit$$0000001B) for __rt_lib_init_atexit_1
    libinit.o(.ARM.Collect$$libinit$$00000000) refers (Special) to libinit2.o(.ARM.Collect$$libinit$$00000021) for __rt_lib_init_clock_1
    libinit.o(.ARM.Collect$$libinit$$00000000) refers (Special) to libinit2.o(.ARM.Collect$$libinit$$00000032) for __rt_lib_init_cpp_1
    libinit.o(.ARM.Collect$$libinit$$00000000) refers (Special) to libinit2.o(.ARM.Collect$$libinit$$00000030) for __rt_lib_init_exceptions_1
    libinit.o(.ARM.Collect$$libinit$$00000000) refers (Special) to libinit2.o(.ARM.Collect$$libinit$$00000002) for __rt_lib_init_fp_1
    libinit.o(.ARM.Collect$$libinit$$00000000) refers (Special) to libinit2.o(.ARM.Collect$$libinit$$0000001F) for __rt_lib_init_fp_trap_1
    libinit.o(.ARM.Collect$$libinit$$00000000) refers (Special) to libinit2.o(.ARM.Collect$$libinit$$00000023) for __rt_lib_init_getenv_1
    libinit.o(.ARM.Collect$$libinit$$00000000) refers (Special) to libinit2.o(.ARM.Collect$$libinit$$0000000A) for __rt_lib_init_heap_1
    libinit.o(.ARM.Collect$$libinit$$00000000) refers (Special) to libinit2.o(.ARM.Collect$$libinit$$00000011) for __rt_lib_init_lc_collate_1
    libinit.o(.ARM.Collect$$libinit$$00000000) refers (Special) to libinit2.o(.ARM.Collect$$libinit$$00000013) for __rt_lib_init_lc_ctype_1
    libinit.o(.ARM.Collect$$libinit$$00000000) refers (Special) to libinit2.o(.ARM.Collect$$libinit$$00000015) for __rt_lib_init_lc_monetary_1
    libinit.o(.ARM.Collect$$libinit$$00000000) refers (Special) to libinit2.o(.ARM.Collect$$libinit$$00000017) for __rt_lib_init_lc_numeric_1
    libinit.o(.ARM.Collect$$libinit$$00000000) refers (Special) to libinit2.o(.ARM.Collect$$libinit$$00000019) for __rt_lib_init_lc_time_1
    libinit.o(.ARM.Collect$$libinit$$00000000) refers (Special) to libinit2.o(.ARM.Collect$$libinit$$00000004) for __rt_lib_init_preinit_1
    libinit.o(.ARM.Collect$$libinit$$00000000) refers (Special) to libinit2.o(.ARM.Collect$$libinit$$0000000E) for __rt_lib_init_rand_1
    libinit.o(.ARM.Collect$$libinit$$00000000) refers (Special) to libinit2.o(.ARM.Collect$$libinit$$00000033) for __rt_lib_init_return
    libinit.o(.ARM.Collect$$libinit$$00000000) refers (Special) to libinit2.o(.ARM.Collect$$libinit$$0000001D) for __rt_lib_init_signal_1
    libinit.o(.ARM.Collect$$libinit$$00000000) refers (Special) to libinit2.o(.ARM.Collect$$libinit$$00000025) for __rt_lib_init_stdio_1
    libinit.o(.ARM.Collect$$libinit$$00000000) refers (Special) to libinit2.o(.ARM.Collect$$libinit$$0000000C) for __rt_lib_init_user_alloc_1
    rtexit.o(.ARM.Collect$$rtexit$$00000000) refers (Special) to rtexit2.o(.ARM.Collect$$rtexit$$00000004) for __rt_exit_exit
    rtexit.o(.ARM.Collect$$rtexit$$00000000) refers (Special) to rtexit2.o(.ARM.Collect$$rtexit$$00000003) for __rt_exit_ls
    rtexit.o(.ARM.Collect$$rtexit$$00000000) refers (Special) to rtexit2.o(.ARM.Collect$$rtexit$$00000002) for __rt_exit_prels_1
    rtexit.o(.ARM.exidx) refers (Special) to rtexit2.o(.ARM.Collect$$rtexit$$00000004) for __rt_exit_exit
    rtexit.o(.ARM.exidx) refers (Special) to rtexit2.o(.ARM.Collect$$rtexit$$00000003) for __rt_exit_ls
    rtexit.o(.ARM.exidx) refers (Special) to rtexit2.o(.ARM.Collect$$rtexit$$00000002) for __rt_exit_prels_1
    rtexit.o(.ARM.exidx) refers to rtexit.o(.ARM.Collect$$rtexit$$00000000) for .ARM.Collect$$rtexit$$00000000
    libinit2.o(.ARM.Collect$$libinit$$00000010) refers to libinit2.o(.ARM.Collect$$libinit$$0000000F) for .ARM.Collect$$libinit$$0000000F
    libinit2.o(.ARM.Collect$$libinit$$00000012) refers to libinit2.o(.ARM.Collect$$libinit$$0000000F) for .ARM.Collect$$libinit$$0000000F
    libinit2.o(.ARM.Collect$$libinit$$00000014) refers to libinit2.o(.ARM.Collect$$libinit$$0000000F) for .ARM.Collect$$libinit$$0000000F
    libinit2.o(.ARM.Collect$$libinit$$00000016) refers to libinit2.o(.ARM.Collect$$libinit$$0000000F) for .ARM.Collect$$libinit$$0000000F
    libinit2.o(.ARM.Collect$$libinit$$00000018) refers to libinit2.o(.ARM.Collect$$libinit$$0000000F) for .ARM.Collect$$libinit$$0000000F
    libinit2.o(.ARM.Collect$$libinit$$00000026) refers to argv_veneer.o(.emb_text) for __ARM_argv_veneer
    libinit2.o(.ARM.Collect$$libinit$$00000027) refers to argv_veneer.o(.emb_text) for __ARM_argv_veneer
    rtexit2.o(.ARM.Collect$$rtexit$$00000003) refers to libshutdown.o(.ARM.Collect$$libshutdown$$00000000) for __rt_lib_shutdown
    rtexit2.o(.ARM.Collect$$rtexit$$00000004) refers to retarget.o(.text) for _sys_exit
    rtexit2.o(.ARM.exidx) refers to rtexit2.o(.ARM.Collect$$rtexit$$00000001) for .ARM.Collect$$rtexit$$00000001
    rtexit2.o(.ARM.exidx) refers to rtexit2.o(.ARM.Collect$$rtexit$$00000003) for .ARM.Collect$$rtexit$$00000003
    rtexit2.o(.ARM.exidx) refers to rtexit2.o(.ARM.Collect$$rtexit$$00000004) for .ARM.Collect$$rtexit$$00000004
    argv_veneer.o(.emb_text) refers to no_argv.o(.text) for __ARM_get_argv
    _get_argv_nomalloc.o(.text) refers (Special) to hrguard.o(.text) for __heap_region$guard
    _get_argv_nomalloc.o(.text) refers to defsig_rtmem_outer.o(.text) for __rt_SIGRTMEM
    _get_argv_nomalloc.o(.text) refers to sys_command.o(.text) for _sys_command_string
    libshutdown.o(.ARM.Collect$$libshutdown$$00000000) refers (Special) to libshutdown2.o(.ARM.Collect$$libshutdown$$00000006) for __rt_lib_shutdown_fp_trap_1
    libshutdown.o(.ARM.Collect$$libshutdown$$00000000) refers (Special) to libshutdown2.o(.ARM.Collect$$libshutdown$$0000000E) for __rt_lib_shutdown_heap_1
    libshutdown.o(.ARM.Collect$$libshutdown$$00000000) refers (Special) to libshutdown2.o(.ARM.Collect$$libshutdown$$0000000F) for __rt_lib_shutdown_return
    libshutdown.o(.ARM.Collect$$libshutdown$$00000000) refers (Special) to libshutdown2.o(.ARM.Collect$$libshutdown$$00000009) for __rt_lib_shutdown_signal_1
    libshutdown.o(.ARM.Collect$$libshutdown$$00000000) refers (Special) to libshutdown2.o(.ARM.Collect$$libshutdown$$00000003) for __rt_lib_shutdown_stdio_1
    libshutdown.o(.ARM.Collect$$libshutdown$$00000000) refers (Special) to libshutdown2.o(.ARM.Collect$$libshutdown$$0000000B) for __rt_lib_shutdown_user_alloc_1
    sys_command.o(.text) refers (Special) to use_no_semi.o(.text) for __I$use$semihosting
    sys_command.o(.text) refers (Special) to indicate_semi.o(.text) for __semihosting_library_function
    defsig_rtmem_outer.o(.text) refers to defsig_rtmem_inner.o(.text) for __rt_SIGRTMEM_inner
    defsig_rtmem_outer.o(.text) refers to defsig_exit.o(.text) for __sig_exit
    defsig_rtmem_formal.o(.text) refers to rt_raise.o(.text) for __rt_raise
    rt_raise.o(.text) refers to __raise.o(.text) for __raise
    rt_raise.o(.text) refers to retarget.o(.text) for _sys_exit
    defsig_exit.o(.text) refers to retarget.o(.text) for _sys_exit
    defsig_rtmem_inner.o(.text) refers to defsig_general.o(.text) for __default_signal_display
    __raise.o(.text) refers to defsig.o(CL$$defsig) for __default_signal_handler
    defsig_general.o(.text) refers to retarget.o(.text) for _ttywrch
    defsig.o(CL$$defsig) refers to defsig_rtmem_inner.o(.text) for __rt_SIGRTMEM_inner
    defsig_abrt_inner.o(.text) refers to defsig_general.o(.text) for __default_signal_display
    defsig_fpe_inner.o(.text) refers to defsig_general.o(.text) for __default_signal_display
    defsig_rtred_inner.o(.text) refers to defsig_general.o(.text) for __default_signal_display
    defsig_stak_inner.o(.text) refers to defsig_general.o(.text) for __default_signal_display
    defsig_pvfn_inner.o(.text) refers to defsig_general.o(.text) for __default_signal_display
    defsig_cppl_inner.o(.text) refers to defsig_general.o(.text) for __default_signal_display
    defsig_segv_inner.o(.text) refers to defsig_general.o(.text) for __default_signal_display
    defsig_other.o(.text) refers to defsig_general.o(.text) for __default_signal_display


==============================================================================

Removing Unused input sections from the image.

    Removing led.o(.emb_text), (8 bytes).
    Removing serial.o(.emb_text), (8 bytes).
    Removing tasks.o(.emb_text), (8 bytes).
    Removing button.o(.emb_text), (8 bytes).
    Removing uart_functionality.o(.emb_text), (8 bytes).
    Removing main.o(.emb_text), (8 bytes).
    Removing system_sam4s.o(.rev16_text), (4 bytes).
    Removing system_sam4s.o(.revsh_text), (4 bytes).
    Removing rt_task.o(i.rt_tsk_delete), (364 bytes).
    Removing rt_task.o(i.rt_tsk_pass), (48 bytes).
    Removing rt_task.o(i.rt_tsk_prio), (140 bytes).
    Removing rt_event.o(i.isr_evt_set), (40 bytes).
    Removing rt_event.o(i.rt_evt_clr), (28 bytes).
    Removing rt_event.o(i.rt_evt_get), (12 bytes).
    Removing rt_system.o(.emb_text), (0 bytes).
    Removing rt_system.o(i.rt_psh_req), (32 bytes).
    Removing rt_system.o(i.rt_resume), (176 bytes).
    Removing rt_system.o(i.rt_suspend), (44 bytes).
    Removing rt_system.o(i.rt_tsk_lock), (80 bytes).
    Removing rt_system.o(i.rt_tsk_unlock), (80 bytes).
    Removing rt_list.o(i.rt_get_same_rdy_prio), (36 bytes).
    Removing rt_list.o(i.rt_psq_enq), (92 bytes).
    Removing rt_membox.o(i._calloc_box), (30 bytes).
    Removing rt_mailbox.o(i.isr_mbx_receive), (86 bytes).
    Removing rt_mailbox.o(i.isr_mbx_send), (14 bytes).
    Removing rt_mailbox.o(i.rt_mbx_check), (8 bytes).
    Removing rt_mailbox.o(i.rt_mbx_init), (24 bytes).
    Removing rt_mailbox.o(i.rt_mbx_send), (164 bytes).
    Removing rt_mailbox.o(i.rt_mbx_wait), (188 bytes).
    Removing rt_semaphore.o(i.isr_sem_send), (16 bytes).
    Removing rt_semaphore.o(i.rt_sem_init), (12 bytes).
    Removing rt_semaphore.o(i.rt_sem_send), (56 bytes).
    Removing rt_semaphore.o(i.rt_sem_wait), (64 bytes).
    Removing rt_time.o(i.rt_dly_wait), (6 bytes).
    Removing rt_time.o(i.rt_itv_set), (24 bytes).
    Removing rt_time.o(i.rt_itv_wait), (40 bytes).
    Removing rt_time.o(i.rt_time_get), (12 bytes).
    Removing rt_timer.o(i.rt_tmr_create), (80 bytes).
    Removing rt_timer.o(i.rt_tmr_kill), (52 bytes).

39 unused section(s) (total 2104 bytes) removed from the image.

==============================================================================

Image Symbol Table

    Local Symbols

    Symbol Name                              Value     Ov Type        Size  Object(Section)

    ../clib/angel/boardlib.s                 0x00000000   Number         0  boardshut.o ABSOLUTE
    ../clib/angel/boardlib.s                 0x00000000   Number         0  boardinit3.o ABSOLUTE
    ../clib/angel/boardlib.s                 0x00000000   Number         0  boardinit2.o ABSOLUTE
    ../clib/angel/boardlib.s                 0x00000000   Number         0  boardinit1.o ABSOLUTE
    ../clib/angel/handlers.s                 0x00000000   Number         0  __scatter_copy.o ABSOLUTE
    ../clib/angel/handlers.s                 0x00000000   Number         0  __scatter_zi.o ABSOLUTE
    ../clib/angel/kernel.s                   0x00000000   Number         0  rtexit.o ABSOLUTE
    ../clib/angel/kernel.s                   0x00000000   Number         0  __rtentry.o ABSOLUTE
    ../clib/angel/kernel.s                   0x00000000   Number         0  rtexit2.o ABSOLUTE
    ../clib/angel/kernel.s                   0x00000000   Number         0  __rtentry4.o ABSOLUTE
    ../clib/angel/kernel.s                   0x00000000   Number         0  __rtentry2.o ABSOLUTE
    ../clib/angel/rt.s                       0x00000000   Number         0  rt_raise.o ABSOLUTE
    ../clib/angel/scatter.s                  0x00000000   Number         0  __scatter.o ABSOLUTE
    ../clib/angel/startup.s                  0x00000000   Number         0  __main.o ABSOLUTE
    ../clib/angel/sys.s                      0x00000000   Number         0  indicate_semi.o ABSOLUTE
    ../clib/angel/sys.s                      0x00000000   Number         0  sys_stackheap_outer.o ABSOLUTE
    ../clib/angel/sys.s                      0x00000000   Number         0  use_no_semi.o ABSOLUTE
    ../clib/angel/sys.s                      0x00000000   Number         0  libspace.o ABSOLUTE
    ../clib/angel/sysapp.c                   0x00000000   Number         0  sys_command.o ABSOLUTE
    ../clib/armsys.c                         0x00000000   Number         0  no_argv.o ABSOLUTE
    ../clib/armsys.c                         0x00000000   Number         0  _get_argv_nomalloc.o ABSOLUTE
    ../clib/armsys.c                         0x00000000   Number         0  argv_veneer.o ABSOLUTE
    ../clib/armsys.c                         0x00000000   Number         0  argv_veneer.o ABSOLUTE
    ../clib/heapalloc.c                      0x00000000   Number         0  hrguard.o ABSOLUTE
    ../clib/heapaux.c                        0x00000000   Number         0  heapauxi.o ABSOLUTE
    ../clib/libinit.s                        0x00000000   Number         0  libinit2.o ABSOLUTE
    ../clib/libinit.s                        0x00000000   Number         0  libshutdown2.o ABSOLUTE
    ../clib/libinit.s                        0x00000000   Number         0  libinit.o ABSOLUTE
    ../clib/libinit.s                        0x00000000   Number         0  libshutdown.o ABSOLUTE
    ../clib/printf.c                         0x00000000   Number         0  __printf_nopercent.o ABSOLUTE
    ../clib/printf.c                         0x00000000   Number         0  _printf_char_file.o ABSOLUTE
    ../clib/printf.c                         0x00000000   Number         0  __2printf.o ABSOLUTE
    ../clib/printf.c                         0x00000000   Number         0  _printf_char_common.o ABSOLUTE
    ../clib/printf.c                         0x00000000   Number         0  noretval__2printf.o ABSOLUTE
    ../clib/signal.c                         0x00000000   Number         0  defsig_rtmem_formal.o ABSOLUTE
    ../clib/signal.c                         0x00000000   Number         0  defsig_fpe_inner.o ABSOLUTE
    ../clib/signal.c                         0x00000000   Number         0  defsig_rtmem_outer.o ABSOLUTE
    ../clib/signal.c                         0x00000000   Number         0  defsig_other.o ABSOLUTE
    ../clib/signal.c                         0x00000000   Number         0  defsig_segv_inner.o ABSOLUTE
    ../clib/signal.c                         0x00000000   Number         0  defsig_cppl_inner.o ABSOLUTE
    ../clib/signal.c                         0x00000000   Number         0  defsig_pvfn_inner.o ABSOLUTE
    ../clib/signal.c                         0x00000000   Number         0  defsig_stak_inner.o ABSOLUTE
    ../clib/signal.c                         0x00000000   Number         0  defsig_rtred_inner.o ABSOLUTE
    ../clib/signal.c                         0x00000000   Number         0  defsig_abrt_inner.o ABSOLUTE
    ../clib/signal.c                         0x00000000   Number         0  defsig_general.o ABSOLUTE
    ../clib/signal.c                         0x00000000   Number         0  __raise.o ABSOLUTE
    ../clib/signal.c                         0x00000000   Number         0  defsig_rtmem_inner.o ABSOLUTE
    ../clib/signal.c                         0x00000000   Number         0  defsig_exit.o ABSOLUTE
    ../clib/signal.s                         0x00000000   Number         0  defsig.o ABSOLUTE
    ../clib/stdlib.c                         0x00000000   Number         0  exit.o ABSOLUTE
    ../fplib/fpinit.s                        0x00000000   Number         0  fpinit.o ABSOLUTE
    Button.c                                 0x00000000   Number         0  button.o ABSOLUTE
    Button.c                                 0x00000000   Number         0  button.o ABSOLUTE
    CM4\DeviceSupport\ARM\ARMCM4\RTX_Conf_ARMCM4.c 0x00000000   Number         0  rtx_conf_armcm4.o ABSOLUTE
    LED.c                                    0x00000000   Number         0  led.o ABSOLUTE
    LED.c                                    0x00000000   Number         0  led.o ABSOLUTE
    Main.c                                   0x00000000   Number         0  main.o ABSOLUTE
    Main.c                                   0x00000000   Number         0  main.o ABSOLUTE
    Retarget.c                               0x00000000   Number         0  retarget.o ABSOLUTE
    SRC\CM\HAL_CM3.c                         0x00000000   Number         0  hal_cm3.o ABSOLUTE
    SRC\CM\SVC_Table.s                       0x00000000   Number         0  svc_table.o ABSOLUTE
    SRC\CM\rt_Event.c                        0x00000000   Number         0  rt_event.o ABSOLUTE
    SRC\CM\rt_List.c                         0x00000000   Number         0  rt_list.o ABSOLUTE
    SRC\CM\rt_Mailbox.c                      0x00000000   Number         0  rt_mailbox.o ABSOLUTE
    SRC\CM\rt_MemBox.c                       0x00000000   Number         0  rt_membox.o ABSOLUTE
    SRC\CM\rt_Mutex.c                        0x00000000   Number         0  rt_mutex.o ABSOLUTE
    SRC\CM\rt_Robin.c                        0x00000000   Number         0  rt_robin.o ABSOLUTE
    SRC\CM\rt_Semaphore.c                    0x00000000   Number         0  rt_semaphore.o ABSOLUTE
    SRC\CM\rt_System.c                       0x00000000   Number         0  rt_system.o ABSOLUTE
    SRC\CM\rt_Task.c                         0x00000000   Number         0  rt_task.o ABSOLUTE
    SRC\CM\rt_Time.c                         0x00000000   Number         0  rt_time.o ABSOLUTE
    SRC\CM\rt_Timer.c                        0x00000000   Number         0  rt_timer.o ABSOLUTE
    SRC\\CM\\HAL_CM3.c                       0x00000000   Number         0  hal_cm3.o ABSOLUTE
    SRC\\CM\\rt_System.c                     0x00000000   Number         0  rt_system.o ABSOLUTE
    Serial.c                                 0x00000000   Number         0  serial.o ABSOLUTE
    Serial.c                                 0x00000000   Number         0  serial.o ABSOLUTE
    Tasks.c                                  0x00000000   Number         0  tasks.o ABSOLUTE
    Tasks.c                                  0x00000000   Number         0  tasks.o ABSOLUTE
    UART_functionality.c                     0x00000000   Number         0  uart_functionality.o ABSOLUTE
    UART_functionality.c                     0x00000000   Number         0  uart_functionality.o ABSOLUTE
    dc.s                                     0x00000000   Number         0  dc.o ABSOLUTE
    startup_SAM4S.s                          0x00000000   Number         0  startup_sam4s.o ABSOLUTE
    system_SAM4S.c                           0x00000000   Number         0  system_sam4s.o ABSOLUTE
    system_SAM4S.c                           0x00000000   Number         0  system_sam4s.o ABSOLUTE
    RESET                                    0x00400000   Section      204  startup_sam4s.o(RESET)
    !!!main                                  0x004000cc   Section        8  __main.o(!!!main)
    !!!scatter                               0x004000d4   Section       52  __scatter.o(!!!scatter)
    !!handler_copy                           0x00400108   Section       26  __scatter_copy.o(!!handler_copy)
    !!handler_zi                             0x00400124   Section       28  __scatter_zi.o(!!handler_zi)
    .ARM.Collect$$libinit$$00000000          0x00400140   Section        2  libinit.o(.ARM.Collect$$libinit$$00000000)
    .ARM.Collect$$libinit$$00000002          0x00400142   Section        0  libinit2.o(.ARM.Collect$$libinit$$00000002)
    .ARM.Collect$$libinit$$00000004          0x00400142   Section        0  libinit2.o(.ARM.Collect$$libinit$$00000004)
    .ARM.Collect$$libinit$$0000000A          0x00400142   Section        0  libinit2.o(.ARM.Collect$$libinit$$0000000A)
    .ARM.Collect$$libinit$$0000000C          0x00400142   Section        0  libinit2.o(.ARM.Collect$$libinit$$0000000C)
    .ARM.Collect$$libinit$$0000000E          0x00400142   Section        0  libinit2.o(.ARM.Collect$$libinit$$0000000E)
    .ARM.Collect$$libinit$$00000011          0x00400142   Section        0  libinit2.o(.ARM.Collect$$libinit$$00000011)
    .ARM.Collect$$libinit$$00000013          0x00400142   Section        0  libinit2.o(.ARM.Collect$$libinit$$00000013)
    .ARM.Collect$$libinit$$00000015          0x00400142   Section        0  libinit2.o(.ARM.Collect$$libinit$$00000015)
    .ARM.Collect$$libinit$$00000017          0x00400142   Section        0  libinit2.o(.ARM.Collect$$libinit$$00000017)
    .ARM.Collect$$libinit$$00000019          0x00400142   Section        0  libinit2.o(.ARM.Collect$$libinit$$00000019)
    .ARM.Collect$$libinit$$0000001B          0x00400142   Section        0  libinit2.o(.ARM.Collect$$libinit$$0000001B)
    .ARM.Collect$$libinit$$0000001D          0x00400142   Section        0  libinit2.o(.ARM.Collect$$libinit$$0000001D)
    .ARM.Collect$$libinit$$0000001F          0x00400142   Section        0  libinit2.o(.ARM.Collect$$libinit$$0000001F)
    .ARM.Collect$$libinit$$00000021          0x00400142   Section        0  libinit2.o(.ARM.Collect$$libinit$$00000021)
    .ARM.Collect$$libinit$$00000023          0x00400142   Section        0  libinit2.o(.ARM.Collect$$libinit$$00000023)
    .ARM.Collect$$libinit$$00000025          0x00400142   Section        0  libinit2.o(.ARM.Collect$$libinit$$00000025)
    .ARM.Collect$$libinit$$0000002C          0x00400142   Section        0  libinit2.o(.ARM.Collect$$libinit$$0000002C)
    .ARM.Collect$$libinit$$0000002E          0x00400142   Section        0  libinit2.o(.ARM.Collect$$libinit$$0000002E)
    .ARM.Collect$$libinit$$00000030          0x00400142   Section        0  libinit2.o(.ARM.Collect$$libinit$$00000030)
    .ARM.Collect$$libinit$$00000032          0x00400142   Section        0  libinit2.o(.ARM.Collect$$libinit$$00000032)
    .ARM.Collect$$libinit$$00000033          0x00400142   Section        2  libinit2.o(.ARM.Collect$$libinit$$00000033)
    .ARM.Collect$$libshutdown$$00000000      0x00400144   Section        2  libshutdown.o(.ARM.Collect$$libshutdown$$00000000)
    .ARM.Collect$$libshutdown$$00000003      0x00400146   Section        0  libshutdown2.o(.ARM.Collect$$libshutdown$$00000003)
    .ARM.Collect$$libshutdown$$00000006      0x00400146   Section        0  libshutdown2.o(.ARM.Collect$$libshutdown$$00000006)
    .ARM.Collect$$libshutdown$$00000009      0x00400146   Section        0  libshutdown2.o(.ARM.Collect$$libshutdown$$00000009)
    .ARM.Collect$$libshutdown$$0000000B      0x00400146   Section        0  libshutdown2.o(.ARM.Collect$$libshutdown$$0000000B)
    .ARM.Collect$$libshutdown$$0000000E      0x00400146   Section        0  libshutdown2.o(.ARM.Collect$$libshutdown$$0000000E)
    .ARM.Collect$$libshutdown$$0000000F      0x00400146   Section        2  libshutdown2.o(.ARM.Collect$$libshutdown$$0000000F)
    .ARM.Collect$$rtentry$$00000000          0x00400148   Section        0  __rtentry.o(.ARM.Collect$$rtentry$$00000000)
    .ARM.Collect$$rtentry$$00000002          0x00400148   Section        0  __rtentry2.o(.ARM.Collect$$rtentry$$00000002)
    .ARM.Collect$$rtentry$$00000004          0x00400148   Section        6  __rtentry4.o(.ARM.Collect$$rtentry$$00000004)
    .ARM.Collect$$rtentry$$00000009          0x0040014e   Section        0  __rtentry2.o(.ARM.Collect$$rtentry$$00000009)
    .ARM.Collect$$rtentry$$0000000A          0x0040014e   Section        4  __rtentry2.o(.ARM.Collect$$rtentry$$0000000A)
    .ARM.Collect$$rtentry$$0000000C          0x00400152   Section        0  __rtentry2.o(.ARM.Collect$$rtentry$$0000000C)
    .ARM.Collect$$rtentry$$0000000D          0x00400152   Section        8  __rtentry2.o(.ARM.Collect$$rtentry$$0000000D)
    .ARM.Collect$$rtexit$$00000000           0x0040015a   Section        2  rtexit.o(.ARM.Collect$$rtexit$$00000000)
    .ARM.Collect$$rtexit$$00000002           0x0040015c   Section        0  rtexit2.o(.ARM.Collect$$rtexit$$00000002)
    .ARM.Collect$$rtexit$$00000003           0x0040015c   Section        4  rtexit2.o(.ARM.Collect$$rtexit$$00000003)
    .ARM.Collect$$rtexit$$00000004           0x00400160   Section        6  rtexit2.o(.ARM.Collect$$rtexit$$00000004)
    .emb_text                                0x00400168   Section      340  hal_cm3.o(.emb_text)
    .text                                    0x004002bc   Section        0  led.o(.text)
    .text                                    0x00400340   Section        0  serial.o(.text)
    .text                                    0x0040052c   Section        0  tasks.o(.text)
    .text                                    0x004006a4   Section        0  button.o(.text)
    .text                                    0x004006ec   Section        0  uart_functionality.o(.text)
    .text                                    0x00400758   Section        0  main.o(.text)
    .text                                    0x00400814   Section        0  retarget.o(.text)
    .text                                    0x00400844   Section        0  system_sam4s.o(.text)
    .text                                    0x00400b0c   Section        0  rtx_conf_armcm4.o(.text)
    __tagsym$$used                           0x00400b53   Number         0  rtx_conf_armcm4.o(.text)
    __tagsym$$used                           0x00400b6d   Number         0  rtx_conf_armcm4.o(.text)
    .text                                    0x00400b9c   Section       64  startup_sam4s.o(.text)
    .text                                    0x00400bdc   Section        8  libspace.o(.text)
    .text                                    0x00400be4   Section        2  use_no_semi.o(.text)
    .text                                    0x00400be8   Section        0  noretval__2printf.o(.text)
    .text                                    0x00400c00   Section        0  heapauxi.o(.text)
    .text                                    0x00400c08   Section        0  _printf_char_file.o(.text)
    .text                                    0x00400c2c   Section        0  _printf_char_common.o(.text)
    _printf_input_char                       0x00400c2d   Thumb Code    10  _printf_char_common.o(.text)
    .text                                    0x00400c5c   Section       74  sys_stackheap_outer.o(.text)
    .text                                    0x00400ca6   Section        0  __printf_nopercent.o(.text)
    .text                                    0x00400cce   Section        0  exit.o(.text)
    SVC_TABLE                                0x00400cdc   Section        4  svc_table.o(SVC_TABLE)
    i._init_box                              0x00400ce0   Section        0  rt_membox.o(i._init_box)
    i.dbg_init                               0x00400d28   Section        0  hal_cm3.o(i.dbg_init)
    i.dbg_task_notify                        0x00400d58   Section        0  hal_cm3.o(i.dbg_task_notify)
    i.dbg_task_switch                        0x00400d78   Section        0  hal_cm3.o(i.dbg_task_switch)
    i.os_tick_init                           0x00400d88   Section        0  rt_system.o(i.os_tick_init)
    i.os_tick_irqack                         0x00400db0   Section        0  rt_system.o(i.os_tick_irqack)
    i.rt_alloc_box                           0x00400db2   Section        0  rt_membox.o(i.rt_alloc_box)
    i.rt_block                               0x00400dcc   Section        0  rt_task.o(i.rt_block)
    i.rt_chk_robin                           0x00400e04   Section        0  rt_robin.o(i.rt_chk_robin)
    i.rt_dec_dly                             0x00400e4c   Section        0  rt_list.o(i.rt_dec_dly)
    i.rt_dispatch                            0x00400ec0   Section        0  rt_task.o(i.rt_dispatch)
    i.rt_evt_psh                             0x00400f04   Section        0  rt_event.o(i.rt_evt_psh)
    i.rt_evt_set                             0x00400f50   Section        0  rt_event.o(i.rt_evt_set)
    i.rt_evt_wait                            0x00400fb0   Section        0  rt_event.o(i.rt_evt_wait)
    i.rt_free_box                            0x00400fec   Section        0  rt_membox.o(i.rt_free_box)
    i.rt_get_first                           0x0040100c   Section        0  rt_list.o(i.rt_get_first)
    i.rt_init_context                        0x00401034   Section        0  rt_task.o(i.rt_init_context)
    rt_init_context                          0x00401035   Thumb Code    70  rt_task.o(i.rt_init_context)
    i.rt_init_robin                          0x00401080   Section        0  rt_robin.o(i.rt_init_robin)
    i.rt_init_stack                          0x00401098   Section        0  hal_cm3.o(i.rt_init_stack)
    i.rt_mbx_psh                             0x004010e8   Section        0  rt_mailbox.o(i.rt_mbx_psh)
    i.rt_mut_init                            0x004011bc   Section        0  rt_mutex.o(i.rt_mut_init)
    i.rt_mut_release                         0x004011cc   Section        0  rt_mutex.o(i.rt_mut_release)
    i.rt_mut_wait                            0x004012b0   Section        0  rt_mutex.o(i.rt_mut_wait)
    i.rt_pop_req                             0x00401318   Section        0  rt_system.o(i.rt_pop_req)
    i.rt_put_dly                             0x00401394   Section        0  rt_list.o(i.rt_put_dly)
    i.rt_put_prio                            0x004013dc   Section        0  rt_list.o(i.rt_put_prio)
    i.rt_put_rdy_first                       0x00401414   Section        0  rt_list.o(i.rt_put_rdy_first)
    i.rt_resort_prio                         0x00401428   Section        0  rt_list.o(i.rt_resort_prio)
    i.rt_rmv_dly                             0x0040145c   Section        0  rt_list.o(i.rt_rmv_dly)
    i.rt_rmv_list                            0x00401484   Section        0  rt_list.o(i.rt_rmv_list)
    i.rt_sem_psh                             0x004014b4   Section        0  rt_semaphore.o(i.rt_sem_psh)
    i.rt_stk_check                           0x004014e8   Section        0  rt_system.o(i.rt_stk_check)
    i.rt_switch_req                          0x0040150c   Section        0  rt_task.o(i.rt_switch_req)
    i.rt_sys_init                            0x00401534   Section        0  rt_task.o(i.rt_sys_init)
    i.rt_systick                             0x00401688   Section        0  rt_system.o(i.rt_systick)
    i.rt_tmr_tick                            0x004016c8   Section        0  rt_timer.o(i.rt_tmr_tick)
    i.rt_tsk_create                          0x00401708   Section        0  rt_task.o(i.rt_tsk_create)
    i.rt_tsk_self                            0x00401798   Section        0  rt_task.o(i.rt_tsk_self)
    .constdata                               0x004017a8   Section        4  led.o(.constdata)
    .constdata                               0x004017ac   Section       40  rtx_conf_armcm4.o(.constdata)
    __tagsym$$used                           0x004017c0   Number         0  rtx_conf_armcm4.o(.constdata)
    __tagsym$$used                           0x004017c4   Number         0  rtx_conf_armcm4.o(.constdata)
    .constdata                               0x004017d4   Section        4  rt_system.o(.constdata)
    __tagsym$$used                           0x004017d4   Number         0  rt_system.o(.constdata)
    .data                                    0x20000000   Section       24  tasks.o(.data)
    .data                                    0x20000018   Section        4  main.o(.data)
    .data                                    0x2000001c   Section        8  retarget.o(.data)
    .data                                    0x20000024   Section        4  system_sam4s.o(.data)
    .data                                    0x20000028   Section        8  rtx_conf_armcm4.o(.data)
    nr_mutex                                 0x2000002c   Data           4  rtx_conf_armcm4.o(.data)
    .data                                    0x20000030   Section        8  rt_task.o(.data)
    .data                                    0x20000038   Section        1  hal_cm3.o(.data)
    .data                                    0x2000003c   Section        8  rt_system.o(.data)
    os_lock                                  0x2000003c   Data           1  rt_system.o(.data)
    os_psh_flag                              0x2000003d   Data           1  rt_system.o(.data)
    pend_flags                               0x2000003e   Data           1  rt_system.o(.data)
    .data                                    0x20000044   Section        8  rt_robin.o(.data)
    .data                                    0x2000004c   Section        4  rt_time.o(.data)
    .data                                    0x20000050   Section        8  rt_timer.o(.data)
    .bss                                     0x20000058   Section     2984  rtx_conf_armcm4.o(.bss)
    std_libspace                             0x200008e0   Data         672  rtx_conf_armcm4.o(.bss)
    std_libmutex                             0x20000b80   Data         128  rtx_conf_armcm4.o(.bss)
    .bss                                     0x20000c00   Section       56  rt_task.o(.bss)
    .bss                                     0x20000c38   Section       48  rt_list.o(.bss)
    .bss                                     0x20000c68   Section       96  libspace.o(.bss)
    HEAP                                     0x20000cc8   Section      512  startup_sam4s.o(HEAP)
    Heap_Mem                                 0x20000cc8   Data         512  startup_sam4s.o(HEAP)
    STACK                                    0x20000ec8   Section      512  startup_sam4s.o(STACK)
    Stack_Mem                                0x20000ec8   Data         512  startup_sam4s.o(STACK)
    __initial_sp                             0x200010c8   Data           0  startup_sam4s.o(STACK)

    Global Symbols

    Symbol Name                              Value     Ov Type        Size  Object(Section)

    BuildAttributes$$THM_ISAv4$E$P$D$K$B$S$7EM$PE$A:L22UL41UL21$X:L11$S22US41US21$IEEE1$IW$USESV6$~STKCKD$USESV7$~SHL$OSPACE$ROPI$EBA8$UX$STANDARDLIB$REQ8$PRES8$EABIv2 0x00000000   Number         0  anon$$obj.o ABSOLUTE
    __ARM_use_no_argv                        0x00000000   Number         0  main.o ABSOLUTE
    __ARM_exceptions_init                     - Undefined Weak Reference
    __alloca_initialize                       - Undefined Weak Reference
    __arm_preinit_                            - Undefined Weak Reference
    __cpp_initialize__aeabi_                  - Undefined Weak Reference
    __cxa_finalize                            - Undefined Weak Reference
    __rt_locale                               - Undefined Weak Reference
    __sigvec_lookup                           - Undefined Weak Reference
    _atexit_init                              - Undefined Weak Reference
    _call_atexit_fns                          - Undefined Weak Reference
    _clock_init                               - Undefined Weak Reference
    _fp_trap_init                             - Undefined Weak Reference
    _fp_trap_shutdown                         - Undefined Weak Reference
    _get_lc_collate                           - Undefined Weak Reference
    _get_lc_ctype                             - Undefined Weak Reference
    _get_lc_monetary                          - Undefined Weak Reference
    _get_lc_numeric                           - Undefined Weak Reference
    _get_lc_time                              - Undefined Weak Reference
    _getenv_init                              - Undefined Weak Reference
    _handle_redirection                       - Undefined Weak Reference
    _init_alloc                               - Undefined Weak Reference
    _init_user_alloc                          - Undefined Weak Reference
    _initio                                   - Undefined Weak Reference
    _rand_init                                - Undefined Weak Reference
    _signal_finish                            - Undefined Weak Reference
    _signal_init                              - Undefined Weak Reference
    _terminate_alloc                          - Undefined Weak Reference
    _terminate_user_alloc                     - Undefined Weak Reference
    _terminateio                              - Undefined Weak Reference
    __Vectors_Size                           0x000000cc   Number         0  startup_sam4s.o ABSOLUTE
    __RL_RTX_VER                             0x00000474   Number         0  rt_system.o ABSOLUTE
    __Vectors                                0x00400000   Data           4  startup_sam4s.o(RESET)
    __Vectors_End                            0x004000cc   Data           0  startup_sam4s.o(RESET)
    __main                                   0x004000cd   Thumb Code     8  __main.o(!!!main)
    __scatterload                            0x004000d5   Thumb Code     0  __scatter.o(!!!scatter)
    __scatterload_rt2                        0x004000d5   Thumb Code    44  __scatter.o(!!!scatter)
    __scatterload_rt2_thumb_only             0x004000d5   Thumb Code     0  __scatter.o(!!!scatter)
    __scatterload_null                       0x004000e3   Thumb Code     0  __scatter.o(!!!scatter)
    __scatterload_copy                       0x00400109   Thumb Code    26  __scatter_copy.o(!!handler_copy)
    __scatterload_zeroinit                   0x00400125   Thumb Code    28  __scatter_zi.o(!!handler_zi)
    __rt_lib_init                            0x00400141   Thumb Code     0  libinit.o(.ARM.Collect$$libinit$$00000000)
    __rt_lib_init_alloca_1                   0x00400143   Thumb Code     0  libinit2.o(.ARM.Collect$$libinit$$0000002E)
    __rt_lib_init_argv_1                     0x00400143   Thumb Code     0  libinit2.o(.ARM.Collect$$libinit$$0000002C)
    __rt_lib_init_atexit_1                   0x00400143   Thumb Code     0  libinit2.o(.ARM.Collect$$libinit$$0000001B)
    __rt_lib_init_clock_1                    0x00400143   Thumb Code     0  libinit2.o(.ARM.Collect$$libinit$$00000021)
    __rt_lib_init_cpp_1                      0x00400143   Thumb Code     0  libinit2.o(.ARM.Collect$$libinit$$00000032)
    __rt_lib_init_exceptions_1               0x00400143   Thumb Code     0  libinit2.o(.ARM.Collect$$libinit$$00000030)
    __rt_lib_init_fp_1                       0x00400143   Thumb Code     0  libinit2.o(.ARM.Collect$$libinit$$00000002)
    __rt_lib_init_fp_trap_1                  0x00400143   Thumb Code     0  libinit2.o(.ARM.Collect$$libinit$$0000001F)
    __rt_lib_init_getenv_1                   0x00400143   Thumb Code     0  libinit2.o(.ARM.Collect$$libinit$$00000023)
    __rt_lib_init_heap_1                     0x00400143   Thumb Code     0  libinit2.o(.ARM.Collect$$libinit$$0000000A)
    __rt_lib_init_lc_collate_1               0x00400143   Thumb Code     0  libinit2.o(.ARM.Collect$$libinit$$00000011)
    __rt_lib_init_lc_ctype_1                 0x00400143   Thumb Code     0  libinit2.o(.ARM.Collect$$libinit$$00000013)
    __rt_lib_init_lc_monetary_1              0x00400143   Thumb Code     0  libinit2.o(.ARM.Collect$$libinit$$00000015)
    __rt_lib_init_lc_numeric_1               0x00400143   Thumb Code     0  libinit2.o(.ARM.Collect$$libinit$$00000017)
    __rt_lib_init_lc_time_1                  0x00400143   Thumb Code     0  libinit2.o(.ARM.Collect$$libinit$$00000019)
    __rt_lib_init_preinit_1                  0x00400143   Thumb Code     0  libinit2.o(.ARM.Collect$$libinit$$00000004)
    __rt_lib_init_rand_1                     0x00400143   Thumb Code     0  libinit2.o(.ARM.Collect$$libinit$$0000000E)
    __rt_lib_init_return                     0x00400143   Thumb Code     0  libinit2.o(.ARM.Collect$$libinit$$00000033)
    __rt_lib_init_signal_1                   0x00400143   Thumb Code     0  libinit2.o(.ARM.Collect$$libinit$$0000001D)
    __rt_lib_init_stdio_1                    0x00400143   Thumb Code     0  libinit2.o(.ARM.Collect$$libinit$$00000025)
    __rt_lib_init_user_alloc_1               0x00400143   Thumb Code     0  libinit2.o(.ARM.Collect$$libinit$$0000000C)
    __rt_lib_shutdown                        0x00400145   Thumb Code     0  libshutdown.o(.ARM.Collect$$libshutdown$$00000000)
    __rt_lib_shutdown_fp_trap_1              0x00400147   Thumb Code     0  libshutdown2.o(.ARM.Collect$$libshutdown$$00000006)
    __rt_lib_shutdown_heap_1                 0x00400147   Thumb Code     0  libshutdown2.o(.ARM.Collect$$libshutdown$$0000000E)
    __rt_lib_shutdown_return                 0x00400147   Thumb Code     0  libshutdown2.o(.ARM.Collect$$libshutdown$$0000000F)
    __rt_lib_shutdown_signal_1               0x00400147   Thumb Code     0  libshutdown2.o(.ARM.Collect$$libshutdown$$00000009)
    __rt_lib_shutdown_stdio_1                0x00400147   Thumb Code     0  libshutdown2.o(.ARM.Collect$$libshutdown$$00000003)
    __rt_lib_shutdown_user_alloc_1           0x00400147   Thumb Code     0  libshutdown2.o(.ARM.Collect$$libshutdown$$0000000B)
    __rt_entry                               0x00400149   Thumb Code     0  __rtentry.o(.ARM.Collect$$rtentry$$00000000)
    __rt_entry_presh_1                       0x00400149   Thumb Code     0  __rtentry2.o(.ARM.Collect$$rtentry$$00000002)
    __rt_entry_sh                            0x00400149   Thumb Code     0  __rtentry4.o(.ARM.Collect$$rtentry$$00000004)
    __rt_entry_li                            0x0040014f   Thumb Code     0  __rtentry2.o(.ARM.Collect$$rtentry$$0000000A)
    __rt_entry_postsh_1                      0x0040014f   Thumb Code     0  __rtentry2.o(.ARM.Collect$$rtentry$$00000009)
    __rt_entry_main                          0x00400153   Thumb Code     0  __rtentry2.o(.ARM.Collect$$rtentry$$0000000D)
    __rt_entry_postli_1                      0x00400153   Thumb Code     0  __rtentry2.o(.ARM.Collect$$rtentry$$0000000C)
    __rt_exit                                0x0040015b   Thumb Code     0  rtexit.o(.ARM.Collect$$rtexit$$00000000)
    __rt_exit_ls                             0x0040015d   Thumb Code     0  rtexit2.o(.ARM.Collect$$rtexit$$00000003)
    __rt_exit_prels_1                        0x0040015d   Thumb Code     0  rtexit2.o(.ARM.Collect$$rtexit$$00000002)
    __rt_exit_exit                           0x00400161   Thumb Code     0  rtexit2.o(.ARM.Collect$$rtexit$$00000004)
    rt_set_PSP                               0x00400169   Thumb Code     6  hal_cm3.o(.emb_text)
    rt_get_PSP                               0x0040016f   Thumb Code     6  hal_cm3.o(.emb_text)
    os_set_env                               0x00400175   Thumb Code    24  hal_cm3.o(.emb_text)
    _alloc_box                               0x00400191   Thumb Code    28  hal_cm3.o(.emb_text)
    _free_box                                0x004001b1   Thumb Code    28  hal_cm3.o(.emb_text)
    SVC_Handler                              0x004001d1   Thumb Code   124  hal_cm3.o(.emb_text)
    PendSV_Handler                           0x00400259   Thumb Code    76  hal_cm3.o(.emb_text)
    SysTick_Handler                          0x004002a9   Thumb Code     8  hal_cm3.o(.emb_text)
    OS_Tick_Handler                          0x004002b1   Thumb Code    12  hal_cm3.o(.emb_text)
    LED_off                                  0x004002bd   Thumb Code    16  led.o(.text)
    LED_on                                   0x004002cd   Thumb Code    16  led.o(.text)
    LED_out                                  0x004002dd   Thumb Code    36  led.o(.text)
    LED_init                                 0x00400301   Thumb Code    46  led.o(.text)
    serial_init                              0x00400341   Thumb Code   358  serial.o(.text)
    serial_put_char_ur1                      0x004004a7   Thumb Code    18  serial.o(.text)
    serial_get_char_ur1                      0x004004b9   Thumb Code    18  serial.o(.text)
    serial_put_char_ur0                      0x004004cb   Thumb Code    18  serial.o(.text)
    serial_get_char_ur0                      0x004004dd   Thumb Code    18  serial.o(.text)
    serial_put_char_us1                      0x004004ef   Thumb Code    12  serial.o(.text)
    serial_get_char_us1                      0x004004fb   Thumb Code    12  serial.o(.text)
    task_uart0                               0x0040052d   Thumb Code    34  tasks.o(.text)
    task_uart1                               0x0040054f   Thumb Code    30  tasks.o(.text)
    task_usart0                              0x0040056d   Thumb Code    30  tasks.o(.text)
    task_usart1                              0x0040058b   Thumb Code    34  tasks.o(.text)
    task_swdbutton                           0x004005ad   Thumb Code    30  tasks.o(.text)
    task_main                                0x004005cb   Thumb Code   198  tasks.o(.text)
    button_init                              0x004006a5   Thumb Code    48  button.o(.text)
    button_get                               0x004006d5   Thumb Code    12  button.o(.text)
    UART_USART_init                          0x004006ed   Thumb Code    26  uart_functionality.o(.text)
    read_uart0                               0x00400707   Thumb Code    42  uart_functionality.o(.text)
    read_usart1                              0x00400731   Thumb Code    32  uart_functionality.o(.text)
    delay                                    0x00400759   Thumb Code    18  main.o(.text)
    main                                     0x0040076b   Thumb Code   132  main.o(.text)
    fputc                                    0x00400815   Thumb Code    14  retarget.o(.text)
    fgetc                                    0x00400823   Thumb Code    10  retarget.o(.text)
    ferror                                   0x0040082d   Thumb Code     8  retarget.o(.text)
    _ttywrch                                 0x00400835   Thumb Code    12  retarget.o(.text)
    _sys_exit                                0x00400841   Thumb Code     4  retarget.o(.text)
    SystemCoreClockUpdate                    0x00400845   Thumb Code   368  system_sam4s.o(.text)
    SystemInit                               0x004009b5   Thumb Code   294  system_sam4s.o(.text)
    os_idle_demon                            0x00400b0d   Thumb Code     4  rtx_conf_armcm4.o(.text)
    os_tmr_call                              0x00400b11   Thumb Code     2  rtx_conf_armcm4.o(.text)
    os_error                                 0x00400b13   Thumb Code     4  rtx_conf_armcm4.o(.text)
    __user_perthread_libspace                0x00400b17   Thumb Code    26  rtx_conf_armcm4.o(.text)
    _mutex_initialize                        0x00400b31   Thumb Code    34  rtx_conf_armcm4.o(.text)
    _mutex_acquire                           0x00400b53   Thumb Code    26  rtx_conf_armcm4.o(.text)
    _mutex_release                           0x00400b6d   Thumb Code    22  rtx_conf_armcm4.o(.text)
    Reset_Handler                            0x00400b9d   Thumb Code     8  startup_sam4s.o(.text)
    NMI_Handler                              0x00400ba5   Thumb Code     2  startup_sam4s.o(.text)
    HardFault_Handler                        0x00400ba7   Thumb Code     2  startup_sam4s.o(.text)
    MemManage_Handler                        0x00400ba9   Thumb Code     2  startup_sam4s.o(.text)
    BusFault_Handler                         0x00400bab   Thumb Code     2  startup_sam4s.o(.text)
    UsageFault_Handler                       0x00400bad   Thumb Code     2  startup_sam4s.o(.text)
    DebugMon_Handler                         0x00400bb1   Thumb Code     2  startup_sam4s.o(.text)
    ACC_IRQHandler                           0x00400bb7   Thumb Code     0  startup_sam4s.o(.text)
    ADC_IRQHandler                           0x00400bb7   Thumb Code     0  startup_sam4s.o(.text)
    CRCCU_IRQHandler                         0x00400bb7   Thumb Code     0  startup_sam4s.o(.text)
    DACC_IRQHandler                          0x00400bb7   Thumb Code     0  startup_sam4s.o(.text)
    EEFC0_IRQHandler                         0x00400bb7   Thumb Code     0  startup_sam4s.o(.text)
    EEFC1_IRQHandler                         0x00400bb7   Thumb Code     0  startup_sam4s.o(.text)
    HSMCI_IRQHandler                         0x00400bb7   Thumb Code     0  startup_sam4s.o(.text)
    PIOA_IRQHandler                          0x00400bb7   Thumb Code     0  startup_sam4s.o(.text)
    PIOB_IRQHandler                          0x00400bb7   Thumb Code     0  startup_sam4s.o(.text)
    PIOC_IRQHandler                          0x00400bb7   Thumb Code     0  startup_sam4s.o(.text)
    PMC_IRQHandler                           0x00400bb7   Thumb Code     0  startup_sam4s.o(.text)
    PWM_IRQHandler                           0x00400bb7   Thumb Code     0  startup_sam4s.o(.text)
    RSTC_IRQHandler                          0x00400bb7   Thumb Code     0  startup_sam4s.o(.text)
    RTC_IRQHandler                           0x00400bb7   Thumb Code     0  startup_sam4s.o(.text)
    RTT_IRQHandler                           0x00400bb7   Thumb Code     0  startup_sam4s.o(.text)
    SMC_IRQHandler                           0x00400bb7   Thumb Code     0  startup_sam4s.o(.text)
    SPI_IRQHandler                           0x00400bb7   Thumb Code     0  startup_sam4s.o(.text)
    SSC_IRQHandler                           0x00400bb7   Thumb Code     0  startup_sam4s.o(.text)
    SUPC_IRQHandler                          0x00400bb7   Thumb Code     0  startup_sam4s.o(.text)
    TC0_IRQHandler                           0x00400bb7   Thumb Code     0  startup_sam4s.o(.text)
    TC1_IRQHandler                           0x00400bb7   Thumb Code     0  startup_sam4s.o(.text)
    TC2_IRQHandler                           0x00400bb7   Thumb Code     0  startup_sam4s.o(.text)
    TC3_IRQHandler                           0x00400bb7   Thumb Code     0  startup_sam4s.o(.text)
    TC4_IRQHandler                           0x00400bb7   Thumb Code     0  startup_sam4s.o(.text)
    TC5_IRQHandler                           0x00400bb7   Thumb Code     0  startup_sam4s.o(.text)
    TWI0_IRQHandler                          0x00400bb7   Thumb Code     0  startup_sam4s.o(.text)
    TWI1_IRQHandler                          0x00400bb7   Thumb Code     0  startup_sam4s.o(.text)
    UART0_IRQHandler                         0x00400bb7   Thumb Code     0  startup_sam4s.o(.text)
    UART1_IRQHandler                         0x00400bb7   Thumb Code     0  startup_sam4s.o(.text)
    UDP_IRQHandler                           0x00400bb7   Thumb Code     0  startup_sam4s.o(.text)
    USART0_IRQHandler                        0x00400bb7   Thumb Code     0  startup_sam4s.o(.text)
    USART1_IRQHandler                        0x00400bb7   Thumb Code     0  startup_sam4s.o(.text)
    WDT_IRQHandler                           0x00400bb7   Thumb Code     0  startup_sam4s.o(.text)
    __user_initial_stackheap                 0x00400bb9   Thumb Code     0  startup_sam4s.o(.text)
    __user_libspace                          0x00400bdd   Thumb Code     8  libspace.o(.text)
    __user_perproc_libspace                  0x00400bdd   Thumb Code     0  libspace.o(.text)
    __I$use$semihosting                      0x00400be5   Thumb Code     0  use_no_semi.o(.text)
    __use_no_semihosting_swi                 0x00400be5   Thumb Code     2  use_no_semi.o(.text)
    __2printf                                0x00400be9   Thumb Code    20  noretval__2printf.o(.text)
    __use_two_region_memory                  0x00400c01   Thumb Code     2  heapauxi.o(.text)
    __rt_heap_escrow$2region                 0x00400c03   Thumb Code     2  heapauxi.o(.text)
    __rt_heap_expand$2region                 0x00400c05   Thumb Code     2  heapauxi.o(.text)
    _printf_char_file                        0x00400c09   Thumb Code    32  _printf_char_file.o(.text)
    _printf_char_common                      0x00400c37   Thumb Code    32  _printf_char_common.o(.text)
    __user_setup_stackheap                   0x00400c5d   Thumb Code    74  sys_stackheap_outer.o(.text)
    __printf                                 0x00400ca7   Thumb Code    40  __printf_nopercent.o(.text)
    exit                                     0x00400ccf   Thumb Code    12  exit.o(.text)
    SVC_Count                                0x00400cdc   Data           4  svc_table.o(SVC_TABLE)
    SVC_Table                                0x00400ce0   Data           0  svc_table.o(SVC_TABLE)
    _init_box                                0x00400ce1   Thumb Code    70  rt_membox.o(i._init_box)
    dbg_init                                 0x00400d29   Thumb Code    34  hal_cm3.o(i.dbg_init)
    dbg_task_notify                          0x00400d59   Thumb Code    32  hal_cm3.o(i.dbg_task_notify)
    dbg_task_switch                          0x00400d79   Thumb Code    16  hal_cm3.o(i.dbg_task_switch)
    os_tick_init                             0x00400d89   Thumb Code    32  rt_system.o(i.os_tick_init)
    os_tick_irqack                           0x00400db1   Thumb Code     2  rt_system.o(i.os_tick_irqack)
    rt_alloc_box                             0x00400db3   Thumb Code    26  rt_membox.o(i.rt_alloc_box)
    rt_block                                 0x00400dcd   Thumb Code    48  rt_task.o(i.rt_block)
    rt_chk_robin                             0x00400e05   Thumb Code    60  rt_robin.o(i.rt_chk_robin)
    rt_dec_dly                               0x00400e4d   Thumb Code   106  rt_list.o(i.rt_dec_dly)
    rt_dispatch                              0x00400ec1   Thumb Code    60  rt_task.o(i.rt_dispatch)
    rt_evt_psh                               0x00400f05   Thumb Code    72  rt_event.o(i.rt_evt_psh)
    rt_evt_set                               0x00400f51   Thumb Code    90  rt_event.o(i.rt_evt_set)
    rt_evt_wait                              0x00400fb1   Thumb Code    56  rt_event.o(i.rt_evt_wait)
    rt_free_box                              0x00400fed   Thumb Code    32  rt_membox.o(i.rt_free_box)
    rt_get_first                             0x0040100d   Thumb Code    40  rt_list.o(i.rt_get_first)
    rt_init_robin                            0x00401081   Thumb Code    14  rt_robin.o(i.rt_init_robin)
    rt_init_stack                            0x00401099   Thumb Code    70  hal_cm3.o(i.rt_init_stack)
    rt_mbx_psh                               0x004010e9   Thumb Code   206  rt_mailbox.o(i.rt_mbx_psh)
    rt_mut_init                              0x004011bd   Thumb Code    16  rt_mutex.o(i.rt_mut_init)
    rt_mut_release                           0x004011cd   Thumb Code   220  rt_mutex.o(i.rt_mut_release)
    rt_mut_wait                              0x004012b1   Thumb Code   100  rt_mutex.o(i.rt_mut_wait)
    rt_pop_req                               0x00401319   Thumb Code   112  rt_system.o(i.rt_pop_req)
    rt_put_dly                               0x00401395   Thumb Code    68  rt_list.o(i.rt_put_dly)
    rt_put_prio                              0x004013dd   Thumb Code    54  rt_list.o(i.rt_put_prio)
    rt_put_rdy_first                         0x00401415   Thumb Code    14  rt_list.o(i.rt_put_rdy_first)
    rt_resort_prio                           0x00401429   Thumb Code    46  rt_list.o(i.rt_resort_prio)
    rt_rmv_dly                               0x0040145d   Thumb Code    40  rt_list.o(i.rt_rmv_dly)
    rt_rmv_list                              0x00401485   Thumb Code    44  rt_list.o(i.rt_rmv_list)
    rt_sem_psh                               0x004014b5   Thumb Code    46  rt_semaphore.o(i.rt_sem_psh)
    rt_stk_check                             0x004014e9   Thumb Code    28  rt_system.o(i.rt_stk_check)
    rt_switch_req                            0x0040150d   Thumb Code    30  rt_task.o(i.rt_switch_req)
    rt_sys_init                              0x00401535   Thumb Code   268  rt_task.o(i.rt_sys_init)
    rt_systick                               0x00401689   Thumb Code    50  rt_system.o(i.rt_systick)
    rt_tmr_tick                              0x004016c9   Thumb Code    56  rt_timer.o(i.rt_tmr_tick)
    rt_tsk_create                            0x00401709   Thumb Code   122  rt_task.o(i.rt_tsk_create)
    rt_tsk_self                              0x00401799   Thumb Code    12  rt_task.o(i.rt_tsk_self)
    led_mask                                 0x004017a8   Data           4  led.o(.constdata)
    os_maxtaskrun                            0x004017ac   Data           2  rtx_conf_armcm4.o(.constdata)
    os_stackinfo                             0x004017b0   Data           4  rtx_conf_armcm4.o(.constdata)
    os_rrobin                                0x004017b4   Data           4  rtx_conf_armcm4.o(.constdata)
    os_trv                                   0x004017b8   Data           4  rtx_conf_armcm4.o(.constdata)
    os_flags                                 0x004017bc   Data           1  rtx_conf_armcm4.o(.constdata)
    os_clockrate                             0x004017c0   Data           4  rtx_conf_armcm4.o(.constdata)
    os_timernum                              0x004017c4   Data           4  rtx_conf_armcm4.o(.constdata)
    mp_tcb_size                              0x004017c8   Data           2  rtx_conf_armcm4.o(.constdata)
    mp_stk_size                              0x004017cc   Data           4  rtx_conf_armcm4.o(.constdata)
    os_fifo_size                             0x004017d0   Data           1  rtx_conf_armcm4.o(.constdata)
    mp_tmr_size                              0x004017d2   Data           2  rtx_conf_armcm4.o(.constdata)
    RL_RTX_Version                           0x004017d4   Data           4  rt_system.o(.constdata)
    Region$$Table$$Base                      0x004017d8   Number         0  anon$$obj.o(Region$$Table)
    Region$$Table$$Limit                     0x004017f8   Number         0  anon$$obj.o(Region$$Table)
    id0                                      0x20000000   Data           4  tasks.o(.data)
    id1                                      0x20000004   Data           4  tasks.o(.data)
    id2                                      0x20000008   Data           4  tasks.o(.data)
    id3                                      0x2000000c   Data           4  tasks.o(.data)
    id4                                      0x20000010   Data           4  tasks.o(.data)
    id5                                      0x20000014   Data           4  tasks.o(.data)
    msTicks                                  0x20000018   Data           4  main.o(.data)
    __stdout                                 0x2000001c   Data           4  retarget.o(.data)
    __stdin                                  0x20000020   Data           4  retarget.o(.data)
    SystemCoreClock                          0x20000024   Data           4  system_sam4s.o(.data)
    m_tmr                                    0x20000028   Data           4  rtx_conf_armcm4.o(.data)
    os_tsk                                   0x20000030   Data           8  rt_task.o(.data)
    dbg_msg                                  0x20000038   Data           1  hal_cm3.o(.data)
    os_tick_irqn                             0x20000040   Data           4  rt_system.o(.data)
    os_robin                                 0x20000044   Data           8  rt_robin.o(.data)
    os_time                                  0x2000004c   Data           4  rt_time.o(.data)
    os_tmr                                   0x20000050   Data           8  rt_timer.o(.data)
    mp_tcb                                   0x20000058   Data         404  rtx_conf_armcm4.o(.bss)
    mp_stk                                   0x200001f0   Data        1616  rtx_conf_armcm4.o(.bss)
    os_fifo                                  0x20000840   Data         132  rtx_conf_armcm4.o(.bss)
    os_active_TCB                            0x200008c4   Data          28  rtx_conf_armcm4.o(.bss)
    os_idle_TCB                              0x20000c00   Data          56  rt_task.o(.bss)
    os_rdy                                   0x20000c38   Data          24  rt_list.o(.bss)
    os_dly                                   0x20000c50   Data          24  rt_list.o(.bss)
    __libspace_start                         0x20000c68   Data          96  libspace.o(.bss)
    __temporary_stack_top$libspace           0x20000cc8   Data           0  libspace.o(.bss)



==============================================================================

Memory Map of the image

  Image Entry point : 0x004000cd

  Load Region LR_IROM1 (Base: 0x00400000, Size: 0x00001850, Max: 0x00100000, ABSOLUTE)

    Execution Region ER_IROM1 (Base: 0x00400000, Size: 0x000017f8, Max: 0x00100000, ABSOLUTE)

    Base Addr    Size         Type   Attr      Idx    E Section Name        Object

    0x00400000   0x000000cc   Data   RO          438    RESET               startup_sam4s.o
    0x004000cc   0x00000008   Code   RO         1032  * !!!main             c_w.l(__main.o)
    0x004000d4   0x00000034   Code   RO         1185    !!!scatter          c_w.l(__scatter.o)
    0x00400108   0x0000001a   Code   RO         1187    !!handler_copy      c_w.l(__scatter_copy.o)
    0x00400122   0x00000002   PAD
    0x00400124   0x0000001c   Code   RO         1189    !!handler_zi        c_w.l(__scatter_zi.o)
    0x00400140   0x00000002   Code   RO         1065    .ARM.Collect$$libinit$$00000000  c_w.l(libinit.o)
    0x00400142   0x00000000   Code   RO         1069    .ARM.Collect$$libinit$$00000002  c_w.l(libinit2.o)
    0x00400142   0x00000000   Code   RO         1071    .ARM.Collect$$libinit$$00000004  c_w.l(libinit2.o)
    0x00400142   0x00000000   Code   RO         1074    .ARM.Collect$$libinit$$0000000A  c_w.l(libinit2.o)
    0x00400142   0x00000000   Code   RO         1076    .ARM.Collect$$libinit$$0000000C  c_w.l(libinit2.o)
    0x00400142   0x00000000   Code   RO         1078    .ARM.Collect$$libinit$$0000000E  c_w.l(libinit2.o)
    0x00400142   0x00000000   Code   RO         1081    .ARM.Collect$$libinit$$00000011  c_w.l(libinit2.o)
    0x00400142   0x00000000   Code   RO         1083    .ARM.Collect$$libinit$$00000013  c_w.l(libinit2.o)
    0x00400142   0x00000000   Code   RO         1085    .ARM.Collect$$libinit$$00000015  c_w.l(libinit2.o)
    0x00400142   0x00000000   Code   RO         1087    .ARM.Collect$$libinit$$00000017  c_w.l(libinit2.o)
    0x00400142   0x00000000   Code   RO         1089    .ARM.Collect$$libinit$$00000019  c_w.l(libinit2.o)
    0x00400142   0x00000000   Code   RO         1091    .ARM.Collect$$libinit$$0000001B  c_w.l(libinit2.o)
    0x00400142   0x00000000   Code   RO         1093    .ARM.Collect$$libinit$$0000001D  c_w.l(libinit2.o)
    0x00400142   0x00000000   Code   RO         1095    .ARM.Collect$$libinit$$0000001F  c_w.l(libinit2.o)
    0x00400142   0x00000000   Code   RO         1097    .ARM.Collect$$libinit$$00000021  c_w.l(libinit2.o)
    0x00400142   0x00000000   Code   RO         1099    .ARM.Collect$$libinit$$00000023  c_w.l(libinit2.o)
    0x00400142   0x00000000   Code   RO         1101    .ARM.Collect$$libinit$$00000025  c_w.l(libinit2.o)
    0x00400142   0x00000000   Code   RO         1105    .ARM.Collect$$libinit$$0000002C  c_w.l(libinit2.o)
    0x00400142   0x00000000   Code   RO         1107    .ARM.Collect$$libinit$$0000002E  c_w.l(libinit2.o)
    0x00400142   0x00000000   Code   RO         1109    .ARM.Collect$$libinit$$00000030  c_w.l(libinit2.o)
    0x00400142   0x00000000   Code   RO         1111    .ARM.Collect$$libinit$$00000032  c_w.l(libinit2.o)
    0x00400142   0x00000002   Code   RO         1112    .ARM.Collect$$libinit$$00000033  c_w.l(libinit2.o)
    0x00400144   0x00000002   Code   RO         1130    .ARM.Collect$$libshutdown$$00000000  c_w.l(libshutdown.o)
    0x00400146   0x00000000   Code   RO         1141    .ARM.Collect$$libshutdown$$00000003  c_w.l(libshutdown2.o)
    0x00400146   0x00000000   Code   RO         1144    .ARM.Collect$$libshutdown$$00000006  c_w.l(libshutdown2.o)
    0x00400146   0x00000000   Code   RO         1147    .ARM.Collect$$libshutdown$$00000009  c_w.l(libshutdown2.o)
    0x00400146   0x00000000   Code   RO         1149    .ARM.Collect$$libshutdown$$0000000B  c_w.l(libshutdown2.o)
    0x00400146   0x00000000   Code   RO         1152    .ARM.Collect$$libshutdown$$0000000E  c_w.l(libshutdown2.o)
    0x00400146   0x00000002   Code   RO         1153    .ARM.Collect$$libshutdown$$0000000F  c_w.l(libshutdown2.o)
    0x00400148   0x00000000   Code   RO         1034    .ARM.Collect$$rtentry$$00000000  c_w.l(__rtentry.o)
    0x00400148   0x00000000   Code   RO         1038    .ARM.Collect$$rtentry$$00000002  c_w.l(__rtentry2.o)
    0x00400148   0x00000006   Code   RO         1050    .ARM.Collect$$rtentry$$00000004  c_w.l(__rtentry4.o)
    0x0040014e   0x00000000   Code   RO         1040    .ARM.Collect$$rtentry$$00000009  c_w.l(__rtentry2.o)
    0x0040014e   0x00000004   Code   RO         1041    .ARM.Collect$$rtentry$$0000000A  c_w.l(__rtentry2.o)
    0x00400152   0x00000000   Code   RO         1043    .ARM.Collect$$rtentry$$0000000C  c_w.l(__rtentry2.o)
    0x00400152   0x00000008   Code   RO         1044    .ARM.Collect$$rtentry$$0000000D  c_w.l(__rtentry2.o)
    0x0040015a   0x00000002   Code   RO         1066    .ARM.Collect$$rtexit$$00000000  c_w.l(rtexit.o)
    0x0040015c   0x00000000   Code   RO         1114    .ARM.Collect$$rtexit$$00000002  c_w.l(rtexit2.o)
    0x0040015c   0x00000004   Code   RO         1115    .ARM.Collect$$rtexit$$00000003  c_w.l(rtexit2.o)
    0x00400160   0x00000006   Code   RO         1116    .ARM.Collect$$rtexit$$00000004  c_w.l(rtexit2.o)
    0x00400166   0x00000002   PAD
    0x00400168   0x00000154   Code   RO          612    .emb_text           RTX_CM3.LIB(hal_cm3.o)
    0x004002bc   0x00000084   Code   RO            2    .text               led.o
    0x00400340   0x000001ec   Code   RO          237    .text               serial.o
    0x0040052c   0x00000178   Code   RO          256    .text               tasks.o
    0x004006a4   0x00000048   Code   RO          291    .text               button.o
    0x004006ec   0x0000006c   Code   RO          307    .text               uart_functionality.o
    0x00400758   0x000000bc   Code   RO          323    .text               main.o
    0x00400814   0x00000030   Code   RO          345    .text               retarget.o
    0x00400844   0x000002c8   Code   RO          372    .text               system_sam4s.o
    0x00400b0c   0x00000090   Code   RO          412    .text               rtx_conf_armcm4.o
    0x00400b9c   0x00000040   Code   RO          439    .text               startup_sam4s.o
    0x00400bdc   0x00000008   Code   RO         1021    .text               c_w.l(libspace.o)
    0x00400be4   0x00000002   Code   RO         1024    .text               c_w.l(use_no_semi.o)
    0x00400be6   0x00000002   PAD
    0x00400be8   0x00000018   Code   RO         1028    .text               c_w.l(noretval__2printf.o)
    0x00400c00   0x00000006   Code   RO         1030    .text               c_w.l(heapauxi.o)
    0x00400c06   0x00000002   PAD
    0x00400c08   0x00000024   Code   RO         1035    .text               c_w.l(_printf_char_file.o)
    0x00400c2c   0x00000030   Code   RO         1052    .text               c_w.l(_printf_char_common.o)
    0x00400c5c   0x0000004a   Code   RO         1054    .text               c_w.l(sys_stackheap_outer.o)
    0x00400ca6   0x00000028   Code   RO         1056    .text               c_w.l(__printf_nopercent.o)
    0x00400cce   0x0000000c   Code   RO         1058    .text               c_w.l(exit.o)
    0x00400cda   0x00000002   PAD
    0x00400cdc   0x00000004   Code   RO          872    SVC_TABLE           RTX_CM3.LIB(svc_table.o)
    0x00400ce0   0x00000046   Code   RO          839    i._init_box         RTX_CM3.LIB(rt_membox.o)
    0x00400d26   0x00000002   PAD
    0x00400d28   0x00000030   Code   RO          613    i.dbg_init          RTX_CM3.LIB(hal_cm3.o)
    0x00400d58   0x00000020   Code   RO          614    i.dbg_task_notify   RTX_CM3.LIB(hal_cm3.o)
    0x00400d78   0x00000010   Code   RO          615    i.dbg_task_switch   RTX_CM3.LIB(hal_cm3.o)
    0x00400d88   0x00000028   Code   RO          654    i.os_tick_init      RTX_CM3.LIB(rt_system.o)
    0x00400db0   0x00000002   Code   RO          655    i.os_tick_irqack    RTX_CM3.LIB(rt_system.o)
    0x00400db2   0x0000001a   Code   RO          840    i.rt_alloc_box      RTX_CM3.LIB(rt_membox.o)
    0x00400dcc   0x00000038   Code   RO          443    i.rt_block          RTX_CM3.LIB(rt_task.o)
    0x00400e04   0x00000048   Code   RO          817    i.rt_chk_robin      RTX_CM3.LIB(rt_robin.o)
    0x00400e4c   0x00000074   Code   RO          738    i.rt_dec_dly        RTX_CM3.LIB(rt_list.o)
    0x00400ec0   0x00000044   Code   RO          444    i.rt_dispatch       RTX_CM3.LIB(rt_task.o)
    0x00400f04   0x0000004c   Code   RO          545    i.rt_evt_psh        RTX_CM3.LIB(rt_event.o)
    0x00400f50   0x00000060   Code   RO          546    i.rt_evt_set        RTX_CM3.LIB(rt_event.o)
    0x00400fb0   0x0000003c   Code   RO          547    i.rt_evt_wait       RTX_CM3.LIB(rt_event.o)
    0x00400fec   0x00000020   Code   RO          841    i.rt_free_box       RTX_CM3.LIB(rt_membox.o)
    0x0040100c   0x00000028   Code   RO          739    i.rt_get_first      RTX_CM3.LIB(rt_list.o)
    0x00401034   0x0000004c   Code   RO          445    i.rt_init_context   RTX_CM3.LIB(rt_task.o)
    0x00401080   0x00000018   Code   RO          818    i.rt_init_robin     RTX_CM3.LIB(rt_robin.o)
    0x00401098   0x00000050   Code   RO          616    i.rt_init_stack     RTX_CM3.LIB(hal_cm3.o)
    0x004010e8   0x000000d4   Code   RO          879    i.rt_mbx_psh        RTX_CM3.LIB(rt_mailbox.o)
    0x004011bc   0x00000010   Code   RO          588    i.rt_mut_init       RTX_CM3.LIB(rt_mutex.o)
    0x004011cc   0x000000e4   Code   RO          589    i.rt_mut_release    RTX_CM3.LIB(rt_mutex.o)
    0x004012b0   0x00000068   Code   RO          590    i.rt_mut_wait       RTX_CM3.LIB(rt_mutex.o)
    0x00401318   0x0000007c   Code   RO          656    i.rt_pop_req        RTX_CM3.LIB(rt_system.o)
    0x00401394   0x00000048   Code   RO          742    i.rt_put_dly        RTX_CM3.LIB(rt_list.o)
    0x004013dc   0x00000036   Code   RO          743    i.rt_put_prio       RTX_CM3.LIB(rt_list.o)
    0x00401412   0x00000002   PAD
    0x00401414   0x00000014   Code   RO          744    i.rt_put_rdy_first  RTX_CM3.LIB(rt_list.o)
    0x00401428   0x00000034   Code   RO          745    i.rt_resort_prio    RTX_CM3.LIB(rt_list.o)
    0x0040145c   0x00000028   Code   RO          746    i.rt_rmv_dly        RTX_CM3.LIB(rt_list.o)
    0x00401484   0x00000030   Code   RO          747    i.rt_rmv_list       RTX_CM3.LIB(rt_list.o)
    0x004014b4   0x00000034   Code   RO          925    i.rt_sem_psh        RTX_CM3.LIB(rt_semaphore.o)
    0x004014e8   0x00000024   Code   RO          659    i.rt_stk_check      RTX_CM3.LIB(rt_system.o)
    0x0040150c   0x00000028   Code   RO          446    i.rt_switch_req     RTX_CM3.LIB(rt_task.o)
    0x00401534   0x00000154   Code   RO          447    i.rt_sys_init       RTX_CM3.LIB(rt_task.o)
    0x00401688   0x00000040   Code   RO          661    i.rt_systick        RTX_CM3.LIB(rt_system.o)
    0x004016c8   0x00000040   Code   RO          994    i.rt_tmr_tick       RTX_CM3.LIB(rt_timer.o)
    0x00401708   0x00000090   Code   RO          448    i.rt_tsk_create     RTX_CM3.LIB(rt_task.o)
    0x00401798   0x00000010   Code   RO          452    i.rt_tsk_self       RTX_CM3.LIB(rt_task.o)
    0x004017a8   0x00000004   Data   RO            3    .constdata          led.o
    0x004017ac   0x00000028   Data   RO          414    .constdata          rtx_conf_armcm4.o
    0x004017d4   0x00000004   Data   RO          664    .constdata          RTX_CM3.LIB(rt_system.o)
    0x004017d8   0x00000020   Data   RO         1183    Region$$Table       anon$$obj.o


    Execution Region RW_IRAM1 (Base: 0x20000000, Size: 0x000010c8, Max: 0x00028000, ABSOLUTE)

    Base Addr    Size         Type   Attr      Idx    E Section Name        Object

    0x20000000   0x00000018   Data   RW          257    .data               tasks.o
    0x20000018   0x00000004   Data   RW          324    .data               main.o
    0x2000001c   0x00000008   Data   RW          346    .data               retarget.o
    0x20000024   0x00000004   Data   RW          373    .data               system_sam4s.o
    0x20000028   0x00000008   Data   RW          415    .data               rtx_conf_armcm4.o
    0x20000030   0x00000008   Data   RW          454    .data               RTX_CM3.LIB(rt_task.o)
    0x20000038   0x00000001   Data   RW          617    .data               RTX_CM3.LIB(hal_cm3.o)
    0x20000039   0x00000003   PAD
    0x2000003c   0x00000008   Data   RW          665    .data               RTX_CM3.LIB(rt_system.o)
    0x20000044   0x00000008   Data   RW          819    .data               RTX_CM3.LIB(rt_robin.o)
    0x2000004c   0x00000004   Data   RW          963    .data               RTX_CM3.LIB(rt_time.o)
    0x20000050   0x00000008   Data   RW          995    .data               RTX_CM3.LIB(rt_timer.o)
    0x20000058   0x00000ba8   Zero   RW          413    .bss                rtx_conf_armcm4.o
    0x20000c00   0x00000038   Zero   RW          453    .bss                RTX_CM3.LIB(rt_task.o)
    0x20000c38   0x00000030   Zero   RW          748    .bss                RTX_CM3.LIB(rt_list.o)
    0x20000c68   0x00000060   Zero   RW         1022    .bss                c_w.l(libspace.o)
    0x20000cc8   0x00000200   Zero   RW          437    HEAP                startup_sam4s.o
    0x20000ec8   0x00000200   Zero   RW          436    STACK               startup_sam4s.o


==============================================================================

Image component sizes


      Code (inc. data)   RO Data    RW Data    ZI Data      Debug   Object Name

        72         12          0          0          0        613   button.o
       132         18          4          0          0      13199   led.o
       188         38          0          4          0      18078   main.o
        48          0          0          8          0       2978   retarget.o
       144         26         40          8       2984      10353   rtx_conf_armcm4.o
       492         38          0          0          0       1618   serial.o
        64         26        204          0       1024        796   startup_sam4s.o
       712         50          0          4          0       1097   system_sam4s.o
       376         20          0         24          0       8655   tasks.o
       108          8          0          0          0        825   uart_functionality.o

    ----------------------------------------------------------------------
      2336        236        280         48       4008      58212   Object Totals
         0          0         32          0          0          0   (incl. Generated)
         0          0          0          0          0          0   (incl. Padding)

    ----------------------------------------------------------------------

      Code (inc. data)   RO Data    RW Data    ZI Data      Debug   Library Member Name

       516         56          0          1          0       2685   hal_cm3.o
       232         14          0          0          0       1696   rt_event.o
       442         30          0          0         48       4118   rt_list.o
       212          6          0          0          0        669   rt_mailbox.o
       128          0          0          0          0       1617   rt_membox.o
       348         12          0          0          0       1765   rt_mutex.o
        96         22          0          8          0       1070   rt_robin.o
        52          6          0          0          0        489   rt_semaphore.o
       266         42          4          8          0       3305   rt_system.o
       740        130          0          8         56       6512   rt_task.o
         0          0          0          4          0        186   rt_time.o
        64          8          0          8          0        655   rt_timer.o
         4          4          0          0          0        180   svc_table.o
         8          0          0          0          0         68   __main.o
        40          0          0          0          0         84   __printf_nopercent.o
         0          0          0          0          0          0   __rtentry.o
        12          0          0          0          0          0   __rtentry2.o
         6          0          0          0          0          0   __rtentry4.o
        52          8          0          0          0          0   __scatter.o
        26          0          0          0          0          0   __scatter_copy.o
        28          0          0          0          0          0   __scatter_zi.o
        48          6          0          0          0         96   _printf_char_common.o
        36          4          0          0          0         80   _printf_char_file.o
        12          0          0          0          0         72   exit.o
         6          0          0          0          0        152   heapauxi.o
         2          0          0          0          0          0   libinit.o
         2          0          0          0          0          0   libinit2.o
         2          0          0          0          0          0   libshutdown.o
         2          0          0          0          0          0   libshutdown2.o
         8          4          0          0         96         68   libspace.o
        24          4          0          0          0         84   noretval__2printf.o
         2          0          0          0          0          0   rtexit.o
        10          0          0          0          0          0   rtexit2.o
        74          0          0          0          0         80   sys_stackheap_outer.o
         2          0          0          0          0         68   use_no_semi.o

    ----------------------------------------------------------------------
      3516        356          4         40        200      25799   Library Totals
        14          0          0          3          0          0   (incl. Padding)

    ----------------------------------------------------------------------

      Code (inc. data)   RO Data    RW Data    ZI Data      Debug   Library Name

      3100        330          4         37        104      24947   RTX_CM3.LIB
       402         26          0          0         96        852   c_w.l

    ----------------------------------------------------------------------
      3516        356          4         40        200      25799   Library Totals

    ----------------------------------------------------------------------

==============================================================================


      Code (inc. data)   RO Data    RW Data    ZI Data      Debug   

      5852        592        284         88       4208      81095   Grand Totals
      5852        592        284         88       4208      81095   ELF Image Totals
      5852        592        284         88          0          0   ROM Totals

==============================================================================

    Total RO  Size (Code + RO Data)                 6136 (   5.99kB)
    Total RW  Size (RW Data + ZI Data)              4296 (   4.20kB)
    Total ROM Size (Code + RO Data + RW Data)       6224 (   6.08kB)

==============================================================================

